Component: ARM Compiler 5.06 update 7 (build 960) Tool: armlink [4d3601]

==============================================================================

Section Cross References

    startup_stm32f405xx.o(STACK) refers (Special) to heapauxi.o(.text) for __use_two_region_memory
    startup_stm32f405xx.o(HEAP) refers (Special) to heapauxi.o(.text) for __use_two_region_memory
    startup_stm32f405xx.o(RESET) refers (Special) to heapauxi.o(.text) for __use_two_region_memory
    startup_stm32f405xx.o(RESET) refers to startup_stm32f405xx.o(STACK) for __initial_sp
    startup_stm32f405xx.o(RESET) refers to startup_stm32f405xx.o(.text) for Reset_Handler
    startup_stm32f405xx.o(RESET) refers to stm32f4xx_it.o(i.NMI_Handler) for NMI_Handler
    startup_stm32f405xx.o(RESET) refers to stm32f4xx_it.o(i.HardFault_Handler) for HardFault_Handler
    startup_stm32f405xx.o(RESET) refers to stm32f4xx_it.o(i.MemManage_Handler) for MemManage_Handler
    startup_stm32f405xx.o(RESET) refers to stm32f4xx_it.o(i.BusFault_Handler) for BusFault_Handler
    startup_stm32f405xx.o(RESET) refers to stm32f4xx_it.o(i.UsageFault_Handler) for UsageFault_Handler
    startup_stm32f405xx.o(RESET) refers to stm32f4xx_it.o(i.SVC_Handler) for SVC_Handler
    startup_stm32f405xx.o(RESET) refers to stm32f4xx_it.o(i.DebugMon_Handler) for DebugMon_Handler
    startup_stm32f405xx.o(RESET) refers to stm32f4xx_it.o(i.PendSV_Handler) for PendSV_Handler
    startup_stm32f405xx.o(RESET) refers to stm32f4xx_it.o(i.SysTick_Handler) for SysTick_Handler
    startup_stm32f405xx.o(RESET) refers to stm32f4xx_it.o(i.CAN1_RX0_IRQHandler) for CAN1_RX0_IRQHandler
    startup_stm32f405xx.o(RESET) refers to stm32f4xx_it.o(i.CAN1_SCE_IRQHandler) for CAN1_SCE_IRQHandler
    startup_stm32f405xx.o(RESET) refers to stm32f4xx_it.o(i.TIM1_BRK_TIM9_IRQHandler) for TIM1_BRK_TIM9_IRQHandler
    startup_stm32f405xx.o(RESET) refers to stm32f4xx_it.o(i.TIM2_IRQHandler) for TIM2_IRQHandler
    startup_stm32f405xx.o(RESET) refers to stm32f4xx_it.o(i.TIM5_IRQHandler) for TIM5_IRQHandler
    startup_stm32f405xx.o(RESET) refers to stm32f4xx_it.o(i.TIM6_DAC_IRQHandler) for TIM6_DAC_IRQHandler
    startup_stm32f405xx.o(RESET) refers to stm32f4xx_it.o(i.TIM7_IRQHandler) for TIM7_IRQHandler
    startup_stm32f405xx.o(.text) refers (Special) to heapauxi.o(.text) for __use_two_region_memory
    startup_stm32f405xx.o(.text) refers to system_stm32f4xx.o(i.SystemInit) for SystemInit
    startup_stm32f405xx.o(.text) refers to __main.o(!!!main) for __main
    startup_stm32f405xx.o(.text) refers to startup_stm32f405xx.o(HEAP) for Heap_Mem
    startup_stm32f405xx.o(.text) refers to startup_stm32f405xx.o(STACK) for Stack_Mem
    interrupt.o(i.HAL_TIM_IC_CaptureCallback) refers to stm32f4xx_hal_tim.o(i.HAL_TIM_ReadCapturedValue) for HAL_TIM_ReadCapturedValue
    interrupt.o(i.HAL_TIM_IC_CaptureCallback) refers to f2d.o(x$fpl$f2d) for __aeabi_f2d
    interrupt.o(i.HAL_TIM_IC_CaptureCallback) refers to ddiv.o(x$fpl$ddiv) for __aeabi_ddiv
    interrupt.o(i.HAL_TIM_IC_CaptureCallback) refers to d2f.o(x$fpl$d2f) for __aeabi_d2f
    interrupt.o(i.HAL_TIM_IC_CaptureCallback) refers to dmul.o(x$fpl$dmul) for __aeabi_dmul
    interrupt.o(i.HAL_TIM_IC_CaptureCallback) refers to daddsub_clz.o(x$fpl$dadd) for __aeabi_dadd
    interrupt.o(i.HAL_TIM_IC_CaptureCallback) refers to main.o(.data) for H1
    interrupt.o(i.HAL_TIM_IC_CaptureCallback) refers to main.o(.bss) for htim5
    interrupt.o(i.HAL_TIM_PeriodElapsedCallback) refers to interrupt.o(i.change_rotation) for change_rotation
    interrupt.o(i.HAL_TIM_PeriodElapsedCallback) refers to interrupt.o(i.set_timings_PMSM_PWM) for set_timings_PMSM_PWM
    interrupt.o(i.HAL_TIM_PeriodElapsedCallback) refers to interrupt.o(i.correct_timings) for correct_timings
    interrupt.o(i.HAL_TIM_PeriodElapsedCallback) refers to interrupt.o(i.correct_PMSM_PWM_parametrs) for correct_PMSM_PWM_parametrs
    interrupt.o(i.HAL_TIM_PeriodElapsedCallback) refers to interrupt.o(i.correct_set_PMSM_PWM_parametrs) for correct_set_PMSM_PWM_parametrs
    interrupt.o(i.HAL_TIM_PeriodElapsedCallback) refers to interrupt.o(i.protection_against_incorrect_parameters) for protection_against_incorrect_parameters
    interrupt.o(i.HAL_TIM_PeriodElapsedCallback) refers to main.o(.data) for IsOK
    interrupt.o(i.HAL_TIM_PeriodElapsedCallback) refers to interrupt.o(.constdata) for PMSM_SINTABLE
    interrupt.o(i.change_rotation) refers to main.o(.data) for direction
    interrupt.o(i.correct_PMSM_PWM_parametrs) refers to main.o(.data) for set_PMSM_PWM
    interrupt.o(i.correct_set_PMSM_PWM_parametrs) refers to main.o(.data) for tim6_counter_period
    interrupt.o(i.correct_timings) refers to main.o(.data) for set_timing
    interrupt.o(i.protection_against_incorrect_parameters) refers to main.o(.data) for set_PMSM_PWM
    interrupt.o(i.set_timings_PMSM_PWM) refers to f2d.o(x$fpl$f2d) for __aeabi_f2d
    interrupt.o(i.set_timings_PMSM_PWM) refers to dmul.o(x$fpl$dmul) for __aeabi_dmul
[...]
    ../clib/signal.c                         0x00000000   Number         0  defsig_cppl_inner.o ABSOLUTE
    ../clib/signal.c                         0x00000000   Number         0  defsig_fpe_inner.o ABSOLUTE
    ../clib/signal.c                         0x00000000   Number         0  defsig_exit.o ABSOLUTE
    ../clib/signal.c                         0x00000000   Number         0  defsig_segv_inner.o ABSOLUTE
    ../clib/signal.c                         0x00000000   Number         0  defsig_other.o ABSOLUTE
    ../clib/signal.c                         0x00000000   Number         0  __raise.o ABSOLUTE
    ../clib/signal.c                         0x00000000   Number         0  defsig_fpe_formal.o ABSOLUTE
    ../clib/signal.c                         0x00000000   Number         0  defsig_stak_inner.o ABSOLUTE
    ../clib/signal.c                         0x00000000   Number         0  defsig_rtred_inner.o ABSOLUTE
    ../clib/signal.c                         0x00000000   Number         0  defsig_abrt_inner.o ABSOLUTE
    ../clib/signal.c                         0x00000000   Number         0  defsig_rtmem_outer.o ABSOLUTE
    ../clib/signal.c                         0x00000000   Number         0  defsig_general.o ABSOLUTE
    ../clib/signal.c                         0x00000000   Number         0  defsig_fpe_outer.o ABSOLUTE
    ../clib/signal.s                         0x00000000   Number         0  defsig.o ABSOLUTE
    ../clib/stdlib.c                         0x00000000   Number         0  exit.o ABSOLUTE
    ../fplib/d2f.s                           0x00000000   Number         0  d2f.o ABSOLUTE
    ../fplib/daddsub.s                       0x00000000   Number         0  daddsub_clz.o ABSOLUTE
    ../fplib/ddiv.s                          0x00000000   Number         0  ddiv.o ABSOLUTE
    ../fplib/dfix.s                          0x00000000   Number         0  dfix.o ABSOLUTE
    ../fplib/dmul.s                          0x00000000   Number         0  dmul.o ABSOLUTE
    ../fplib/dnaninf.s                       0x00000000   Number         0  dnaninf.o ABSOLUTE
    ../fplib/dretinf.s                       0x00000000   Number         0  dretinf.o ABSOLUTE
    ../fplib/f2d.s                           0x00000000   Number         0  f2d.o ABSOLUTE
    ../fplib/fnaninf.s                       0x00000000   Number         0  fnaninf.o ABSOLUTE
    ../fplib/fpinit.s                        0x00000000   Number         0  fpinit.o ABSOLUTE
    ../fplib/fretinf.s                       0x00000000   Number         0  fretinf.o ABSOLUTE
    ../fplib/usenofp.s                       0x00000000   Number         0  usenofp.o ABSOLUTE
    ..\Core\Src\interrupt.c                  0x00000000   Number         0  interrupt.o ABSOLUTE
    ..\Core\Src\main.c                       0x00000000   Number         0  main.o ABSOLUTE
    ..\Core\Src\stm32f4xx_hal_msp.c          0x00000000   Number         0  stm32f4xx_hal_msp.o ABSOLUTE
    ..\Core\Src\stm32f4xx_it.c               0x00000000   Number         0  stm32f4xx_it.o ABSOLUTE
    ..\Core\Src\system_stm32f4xx.c           0x00000000   Number         0  system_stm32f4xx.o ABSOLUTE
    ..\Drivers\STM32F4xx_HAL_Driver\Src\stm32f4xx_hal.c 0x00000000   Number         0  stm32f4xx_hal.o ABSOLUTE
    ..\Drivers\STM32F4xx_HAL_Driver\Src\stm32f4xx_hal_can.c 0x00000000   Number         0  stm32f4xx_hal_can.o ABSOLUTE
    ..\Drivers\STM32F4xx_HAL_Driver\Src\stm32f4xx_hal_cortex.c 0x00000000   Number         0  stm32f4xx_hal_cortex.o ABSOLUTE
    ..\Drivers\STM32F4xx_HAL_Driver\Src\stm32f4xx_hal_dma.c 0x00000000   Number         0  stm32f4xx_hal_dma.o ABSOLUTE
    ..\Drivers\STM32F4xx_HAL_Driver\Src\stm32f4xx_hal_dma_ex.c 0x00000000   Number         0  stm32f4xx_hal_dma_ex.o ABSOLUTE
    ..\Drivers\STM32F4xx_HAL_Driver\Src\stm32f4xx_hal_exti.c 0x00000000   Number         0  stm32f4xx_hal_exti.o ABSOLUTE
    ..\Drivers\STM32F4xx_HAL_Driver\Src\stm32f4xx_hal_flash.c 0x00000000   Number         0  stm32f4xx_hal_flash.o ABSOLUTE
    ..\Drivers\STM32F4xx_HAL_Driver\Src\stm32f4xx_hal_flash_ex.c 0x00000000   Number         0  stm32f4xx_hal_flash_ex.o ABSOLUTE
    ..\Drivers\STM32F4xx_HAL_Driver\Src\stm32f4xx_hal_flash_ramfunc.c 0x00000000   Number         0  stm32f4xx_hal_flash_ramfunc.o ABSOLUTE
    ..\Drivers\STM32F4xx_HAL_Driver\Src\stm32f4xx_hal_gpio.c 0x00000000   Number         0  stm32f4xx_hal_gpio.o ABSOLUTE
    ..\Drivers\STM32F4xx_HAL_Driver\Src\stm32f4xx_hal_pwr.c 0x00000000   Number         0  stm32f4xx_hal_pwr.o ABSOLUTE
    ..\Drivers\STM32F4xx_HAL_Driver\Src\stm32f4xx_hal_pwr_ex.c 0x00000000   Number         0  stm32f4xx_hal_pwr_ex.o ABSOLUTE
    ..\Drivers\STM32F4xx_HAL_Driver\Src\stm32f4xx_hal_rcc.c 0x00000000   Number         0  stm32f4xx_hal_rcc.o ABSOLUTE
    ..\Drivers\STM32F4xx_HAL_Driver\Src\stm32f4xx_hal_rcc_ex.c 0x00000000   Number         0  stm32f4xx_hal_rcc_ex.o ABSOLUTE
    ..\Drivers\STM32F4xx_HAL_Driver\Src\stm32f4xx_hal_tim.c 0x00000000   Number         0  stm32f4xx_hal_tim.o ABSOLUTE
    ..\Drivers\STM32F4xx_HAL_Driver\Src\stm32f4xx_hal_tim_ex.c 0x00000000   Number         0  stm32f4xx_hal_tim_ex.o ABSOLUTE
    ..\\Core\\Src\\interrupt.c               0x00000000   Number         0  interrupt.o ABSOLUTE
    dc.s                                     0x00000000   Number         0  dc.o ABSOLUTE
    startup_stm32f405xx.s                    0x00000000   Number         0  startup_stm32f405xx.o ABSOLUTE
    RESET                                    0x08000000   Section      392  startup_stm32f405xx.o(RESET)
    !!!main                                  0x08000188   Section        8  __main.o(!!!main)
    !!!scatter                               0x08000190   Section       52  __scatter.o(!!!scatter)
    !!handler_copy                           0x080001c4   Section       26  __scatter_copy.o(!!handler_copy)
    !!handler_zi                             0x080001e0   Section       28  __scatter_zi.o(!!handler_zi)
    .ARM.Collect$$libinit$$00000000          0x080001fc   Section        2  libinit.o(.ARM.Collect$$libinit$$00000000)
    .ARM.Collect$$libinit$$00000001          0x080001fe   Section        4  libinit2.o(.ARM.Collect$$libinit$$00000001)
    .ARM.Collect$$libinit$$00000004          0x08000202   Section        0  libinit2.o(.ARM.Collect$$libinit$$00000004)
    .ARM.Collect$$libinit$$0000000A          0x08000202   Section        0  libinit2.o(.ARM.Collect$$libinit$$0000000A)
    .ARM.Collect$$libinit$$0000000C          0x08000202   Section        0  libinit2.o(.ARM.Collect$$libinit$$0000000C)
    .ARM.Collect$$libinit$$0000000E          0x08000202   Section        0  libinit2.o(.ARM.Collect$$libinit$$0000000E)
    .ARM.Collect$$libinit$$00000011          0x08000202   Section        0  libinit2.o(.ARM.Collect$$libinit$$00000011)
    .ARM.Collect$$libinit$$00000013          0x08000202   Section        0  libinit2.o(.ARM.Collect$$libinit$$00000013)
    .ARM.Collect$$libinit$$00000015          0x08000202   Section        0  libinit2.o(.ARM.Collect$$libinit$$00000015)
    .ARM.Collect$$libinit$$00000017          0x08000202   Section        0  libinit2.o(.ARM.Collect$$libinit$$00000017)
    .ARM.Collect$$libinit$$00000019          0x08000202   Section        0  libinit2.o(.ARM.Collect$$libinit$$00000019)
    .ARM.Collect$$libinit$$0000001B          0x08000202   Section        0  libinit2.o(.ARM.Collect$$libinit$$0000001B)
    .ARM.Collect$$libinit$$0000001D          0x08000202   Section        0  libinit2.o(.ARM.Collect$$libinit$$0000001D)
    .ARM.Collect$$libinit$$0000001F          0x08000202   Section        0  libinit2.o(.ARM.Collect$$libinit$$0000001F)
    .ARM.Collect$$libinit$$00000021          0x08000202   Section        0  libinit2.o(.ARM.Collect$$libinit$$00000021)
    .ARM.Collect$$libinit$$00000023          0x08000202   Section        0  libinit2.o(.ARM.Collect$$libinit$$00000023)
    .ARM.Collect$$libinit$$00000025          0x08000202   Section        0  libinit2.o(.ARM.Collect$$libinit$$00000025)
    .ARM.Collect$$libinit$$0000002C          0x08000202   Section        0  libinit2.o(.ARM.Collect$$libinit$$0000002C)
    .ARM.Collect$$libinit$$0000002E          0x08000202   Section        0  libinit2.o(.ARM.Collect$$libinit$$0000002E)
    .ARM.Collect$$libinit$$00000030          0x08000202   Section        0  libinit2.o(.ARM.Collect$$libinit$$00000030)
    .ARM.Collect$$libinit$$00000032          0x08000202   Section        0  libinit2.o(.ARM.Collect$$libinit$$00000032)
    .ARM.Collect$$libinit$$00000033          0x08000202   Section        2  libinit2.o(.ARM.Collect$$libinit$$00000033)
    .ARM.Collect$$libshutdown$$00000000      0x08000204   Section        2  libshutdown.o(.ARM.Collect$$libshutdown$$00000000)
    .ARM.Collect$$libshutdown$$00000002      0x08000206   Section        0  libshutdown2.o(.ARM.Collect$$libshutdown$$00000002)
    .ARM.Collect$$libshutdown$$00000004      0x08000206   Section        0  libshutdown2.o(.ARM.Collect$$libshutdown$$00000004)
    .ARM.Collect$$libshutdown$$00000006      0x08000206   Section        0  libshutdown2.o(.ARM.Collect$$libshutdown$$00000006)
    .ARM.Collect$$libshutdown$$00000009      0x08000206   Section        0  libshutdown2.o(.ARM.Collect$$libshutdown$$00000009)
    .ARM.Collect$$libshutdown$$0000000C      0x08000206   Section        0  libshutdown2.o(.ARM.Collect$$libshutdown$$0000000C)
    .ARM.Collect$$libshutdown$$0000000E      0x08000206   Section        0  libshutdown2.o(.ARM.Collect$$libshutdown$$0000000E)
    .ARM.Collect$$libshutdown$$00000011      0x08000206   Section        0  libshutdown2.o(.ARM.Collect$$libshutdown$$00000011)
    .ARM.Collect$$libshutdown$$00000012      0x08000206   Section        2  libshutdown2.o(.ARM.Collect$$libshutdown$$00000012)
    .ARM.Collect$$rtentry$$00000000          0x08000208   Section        0  __rtentry.o(.ARM.Collect$$rtentry$$00000000)
    .ARM.Collect$$rtentry$$00000002          0x08000208   Section        0  __rtentry2.o(.ARM.Collect$$rtentry$$00000002)
    .ARM.Collect$$rtentry$$00000004          0x08000208   Section        6  __rtentry4.o(.ARM.Collect$$rtentry$$00000004)
    .ARM.Collect$$rtentry$$00000009          0x0800020e   Section        0  __rtentry2.o(.ARM.Collect$$rtentry$$00000009)
    .ARM.Collect$$rtentry$$0000000A          0x0800020e   Section        4  __rtentry2.o(.ARM.Collect$$rtentry$$0000000A)
    .ARM.Collect$$rtentry$$0000000C          0x08000212   Section        0  __rtentry2.o(.ARM.Collect$$rtentry$$0000000C)
    .ARM.Collect$$rtentry$$0000000D          0x08000212   Section        8  __rtentry2.o(.ARM.Collect$$rtentry$$0000000D)
    .ARM.Collect$$rtexit$$00000000           0x0800021a   Section        2  rtexit.o(.ARM.Collect$$rtexit$$00000000)
    .ARM.Collect$$rtexit$$00000002           0x0800021c   Section        0  rtexit2.o(.ARM.Collect$$rtexit$$00000002)
    .ARM.Collect$$rtexit$$00000003           0x0800021c   Section        4  rtexit2.o(.ARM.Collect$$rtexit$$00000003)
    .ARM.Collect$$rtexit$$00000004           0x08000220   Section        6  rtexit2.o(.ARM.Collect$$rtexit$$00000004)
    .text                                    0x08000228   Section       64  startup_stm32f405xx.o(.text)
    $v0                                      0x08000228   Number         0  startup_stm32f405xx.o(.text)
    .text                                    0x08000268   Section      238  lludivv7m.o(.text)
    .text                                    0x08000356   Section       78  rt_memclr_w.o(.text)
    .text                                    0x080003a4   Section        0  heapauxi.o(.text)
    .text                                    0x080003aa   Section       74  sys_stackheap_outer.o(.text)
    .text                                    0x080003f4   Section        0  exit.o(.text)
    .text                                    0x08000408   Section        8  libspace.o(.text)
    .text                                    0x08000410   Section        0  sys_exit.o(.text)
    .text                                    0x0800041c   Section        2  use_no_semi.o(.text)
    .text                                    0x0800041e   Section        0  indicate_semi.o(.text)
    i.BusFault_Handler                       0x0800041e   Section        0  stm32f4xx_it.o(i.BusFault_Handler)
    i.CAN1_RX0_IRQHandler                    0x08000424   Section        0  stm32f4xx_it.o(i.CAN1_RX0_IRQHandler)
    i.CAN1_SCE_IRQHandler                    0x08000434   Section        0  stm32f4xx_it.o(i.CAN1_SCE_IRQHandler)
    i.DebugMon_Handler                       0x08000444   Section        0  stm32f4xx_it.o(i.DebugMon_Handler)
    i.Error_Handler                          0x08000446   Section        0  main.o(i.Error_Handler)
    i.HAL_CAN_ErrorCallback                  0x0800044c   Section        0  stm32f4xx_hal_can.o(i.HAL_CAN_ErrorCallback)
    i.HAL_CAN_IRQHandler                     0x0800044e   Section        0  stm32f4xx_hal_can.o(i.HAL_CAN_IRQHandler)
    i.HAL_CAN_Init                           0x0800069c   Section        0  stm32f4xx_hal_can.o(i.HAL_CAN_Init)
    i.HAL_CAN_MspInit                        0x08000810   Section        0  stm32f4xx_hal_msp.o(i.HAL_CAN_MspInit)
    i.HAL_CAN_RxFifo0FullCallback            0x08000974   Section        0  stm32f4xx_hal_can.o(i.HAL_CAN_RxFifo0FullCallback)
    i.HAL_CAN_RxFifo0MsgPendingCallback      0x08000976   Section        0  stm32f4xx_hal_can.o(i.HAL_CAN_RxFifo0MsgPendingCallback)
    i.HAL_CAN_RxFifo1FullCallback            0x08000978   Section        0  stm32f4xx_hal_can.o(i.HAL_CAN_RxFifo1FullCallback)
    i.HAL_CAN_RxFifo1MsgPendingCallback      0x0800097a   Section        0  stm32f4xx_hal_can.o(i.HAL_CAN_RxFifo1MsgPendingCallback)
    i.HAL_CAN_SleepCallback                  0x0800097c   Section        0  stm32f4xx_hal_can.o(i.HAL_CAN_SleepCallback)
    i.HAL_CAN_TxMailbox0AbortCallback        0x0800097e   Section        0  stm32f4xx_hal_can.o(i.HAL_CAN_TxMailbox0AbortCallback)
    i.HAL_CAN_TxMailbox0CompleteCallback     0x08000980   Section        0  stm32f4xx_hal_can.o(i.HAL_CAN_TxMailbox0CompleteCallback)
    i.HAL_CAN_TxMailbox1AbortCallback        0x08000982   Section        0  stm32f4xx_hal_can.o(i.HAL_CAN_TxMailbox1AbortCallback)
    i.HAL_CAN_TxMailbox1CompleteCallback     0x08000984   Section        0  stm32f4xx_hal_can.o(i.HAL_CAN_TxMailbox1CompleteCallback)
    i.HAL_CAN_TxMailbox2AbortCallback        0x08000986   Section        0  stm32f4xx_hal_can.o(i.HAL_CAN_TxMailbox2AbortCallback)
    i.HAL_CAN_TxMailbox2CompleteCallback     0x08000988   Section        0  stm32f4xx_hal_can.o(i.HAL_CAN_TxMailbox2CompleteCallback)
    i.HAL_CAN_WakeUpFromRxMsgCallback        0x0800098a   Section        0  stm32f4xx_hal_can.o(i.HAL_CAN_WakeUpFromRxMsgCallback)
    i.HAL_GPIO_Init                          0x0800098c   Section        0  stm32f4xx_hal_gpio.o(i.HAL_GPIO_Init)
    i.HAL_GPIO_WritePin                      0x08000b90   Section        0  stm32f4xx_hal_gpio.o(i.HAL_GPIO_WritePin)
    i.HAL_GetTick                            0x08000b9c   Section        0  stm32f4xx_hal.o(i.HAL_GetTick)
    i.HAL_IncTick                            0x08000ba8   Section        0  stm32f4xx_hal.o(i.HAL_IncTick)
    i.HAL_Init                               0x08000bc0   Section        0  stm32f4xx_hal.o(i.HAL_Init)
    i.HAL_InitTick                           0x08000bfc   Section        0  stm32f4xx_hal.o(i.HAL_InitTick)
    i.HAL_MspInit                            0x08000c48   Section        0  stm32f4xx_hal_msp.o(i.HAL_MspInit)
    i.HAL_NVIC_EnableIRQ                     0x08000c90   Section        0  stm32f4xx_hal_cortex.o(i.HAL_NVIC_EnableIRQ)
    i.HAL_NVIC_SetPriority                   0x08000cb0   Section        0  stm32f4xx_hal_cortex.o(i.HAL_NVIC_SetPriority)
    i.HAL_NVIC_SetPriorityGrouping           0x08000d2c   Section        0  stm32f4xx_hal_cortex.o(i.HAL_NVIC_SetPriorityGrouping)
    i.HAL_RCC_ClockConfig                    0x08000d54   Section        0  stm32f4xx_hal_rcc.o(i.HAL_RCC_ClockConfig)
    i.HAL_RCC_GetSysClockFreq                0x08000ed8   Section        0  stm32f4xx_hal_rcc.o(i.HAL_RCC_GetSysClockFreq)
    i.HAL_RCC_OscConfig                      0x08000f88   Section        0  stm32f4xx_hal_rcc.o(i.HAL_RCC_OscConfig)
    i.HAL_SYSTICK_Config                     0x08001424   Section        0  stm32f4xx_hal_cortex.o(i.HAL_SYSTICK_Config)
    i.HAL_TIMEx_BreakCallback                0x08001458   Section        0  stm32f4xx_hal_tim_ex.o(i.HAL_TIMEx_BreakCallback)
    i.HAL_TIMEx_CommutCallback               0x0800145a   Section        0  stm32f4xx_hal_tim_ex.o(i.HAL_TIMEx_CommutCallback)
    i.HAL_TIMEx_ConfigBreakDeadTime          0x0800145c   Section        0  stm32f4xx_hal_tim_ex.o(i.HAL_TIMEx_ConfigBreakDeadTime)
    i.HAL_TIMEx_MasterConfigSynchronization  0x080014d0   Section        0  stm32f4xx_hal_tim_ex.o(i.HAL_TIMEx_MasterConfigSynchronization)
    i.HAL_TIMEx_PWMN_Start                   0x08001584   Section        0  stm32f4xx_hal_tim_ex.o(i.HAL_TIMEx_PWMN_Start)
    i.HAL_TIM_Base_Init                      0x08001678   Section        0  stm32f4xx_hal_tim.o(i.HAL_TIM_Base_Init)
    i.HAL_TIM_Base_MspInit                   0x080016e0   Section        0  stm32f4xx_hal_msp.o(i.HAL_TIM_Base_MspInit)
    i.HAL_TIM_Base_Start_IT                  0x0800191c   Section        0  stm32f4xx_hal_tim.o(i.HAL_TIM_Base_Start_IT)
    i.HAL_TIM_ConfigClockSource              0x080019c4   Section        0  stm32f4xx_hal_tim.o(i.HAL_TIM_ConfigClockSource)
    i.HAL_TIM_IC_CaptureCallback             0x08001acc   Section        0  interrupt.o(i.HAL_TIM_IC_CaptureCallback)
    i.HAL_TIM_IC_ConfigChannel               0x08001cb0   Section        0  stm32f4xx_hal_tim.o(i.HAL_TIM_IC_ConfigChannel)
    i.HAL_TIM_IC_Init                        0x08001d84   Section        0  stm32f4xx_hal_tim.o(i.HAL_TIM_IC_Init)
    i.HAL_TIM_IC_MspInit                     0x08001dea   Section        0  stm32f4xx_hal_tim.o(i.HAL_TIM_IC_MspInit)
    i.HAL_TIM_IC_Start_IT                    0x08001dec   Section        0  stm32f4xx_hal_tim.o(i.HAL_TIM_IC_Start_IT)
    i.HAL_TIM_IRQHandler                     0x08001f74   Section        0  stm32f4xx_hal_tim.o(i.HAL_TIM_IRQHandler)
    i.HAL_TIM_MspPostInit                    0x0800210c   Section        0  stm32f4xx_hal_msp.o(i.HAL_TIM_MspPostInit)
    i.HAL_TIM_OC_DelayElapsedCallback        0x080021e8   Section        0  stm32f4xx_hal_tim.o(i.HAL_TIM_OC_DelayElapsedCallback)
    i.HAL_TIM_PWM_ConfigChannel              0x080021ea   Section        0  stm32f4xx_hal_tim.o(i.HAL_TIM_PWM_ConfigChannel)
    i.HAL_TIM_PWM_Init                       0x080022e6   Section        0  stm32f4xx_hal_tim.o(i.HAL_TIM_PWM_Init)
    i.HAL_TIM_PWM_MspInit                    0x0800234c   Section        0  stm32f4xx_hal_tim.o(i.HAL_TIM_PWM_MspInit)
    i.HAL_TIM_PWM_PulseFinishedCallback      0x0800234e   Section        0  stm32f4xx_hal_tim.o(i.HAL_TIM_PWM_PulseFinishedCallback)
    i.HAL_TIM_PWM_Start                      0x08002350   Section        0  stm32f4xx_hal_tim.o(i.HAL_TIM_PWM_Start)
    i.HAL_TIM_PeriodElapsedCallback          0x0800245c   Section        0  interrupt.o(i.HAL_TIM_PeriodElapsedCallback)
    i.HAL_TIM_ReadCapturedValue              0x08002660   Section        0  stm32f4xx_hal_tim.o(i.HAL_TIM_ReadCapturedValue)
    i.HAL_TIM_TriggerCallback                0x08002692   Section        0  stm32f4xx_hal_tim.o(i.HAL_TIM_TriggerCallback)
    i.HardFault_Handler                      0x08002694   Section        0  stm32f4xx_it.o(i.HardFault_Handler)
    i.MX_CAN1_Init                           0x08002698   Section        0  main.o(i.MX_CAN1_Init)
    MX_CAN1_Init                             0x08002699   Thumb Code    58  main.o(i.MX_CAN1_Init)
    i.MX_CAN2_Init                           0x080026dc   Section        0  main.o(i.MX_CAN2_Init)
    MX_CAN2_Init                             0x080026dd   Thumb Code    48  main.o(i.MX_CAN2_Init)
    i.MX_GPIO_Init                           0x08002714   Section        0  main.o(i.MX_GPIO_Init)
    MX_GPIO_Init                             0x08002715   Thumb Code   170  main.o(i.MX_GPIO_Init)
    i.MX_TIM2_Init                           0x080027c8   Section        0  main.o(i.MX_TIM2_Init)
    MX_TIM2_Init                             0x080027c9   Thumb Code   178  main.o(i.MX_TIM2_Init)
    i.MX_TIM5_Init                           0x08002880   Section        0  main.o(i.MX_TIM5_Init)
    MX_TIM5_Init                             0x08002881   Thumb Code   178  main.o(i.MX_TIM5_Init)
    i.MX_TIM6_Init                           0x0800293c   Section        0  main.o(i.MX_TIM6_Init)
    MX_TIM6_Init                             0x0800293d   Thumb Code    66  main.o(i.MX_TIM6_Init)
    i.MX_TIM7_Init                           0x08002988   Section        0  main.o(i.MX_TIM7_Init)
    MX_TIM7_Init                             0x08002989   Thumb Code    66  main.o(i.MX_TIM7_Init)
    i.MX_TIM8_Init                           0x080029d4   Section        0  main.o(i.MX_TIM8_Init)
    MX_TIM8_Init                             0x080029d5   Thumb Code   244  main.o(i.MX_TIM8_Init)
    i.MX_TIM9_Init                           0x08002ad0   Section        0  main.o(i.MX_TIM9_Init)
    MX_TIM9_Init                             0x08002ad1   Thumb Code   154  main.o(i.MX_TIM9_Init)
    i.MemManage_Handler                      0x08002b74   Section        0  stm32f4xx_it.o(i.MemManage_Handler)
    i.NMI_Handler                            0x08002b78   Section        0  stm32f4xx_it.o(i.NMI_Handler)
    i.PendSV_Handler                         0x08002b7c   Section        0  stm32f4xx_it.o(i.PendSV_Handler)
    i.SVC_Handler                            0x08002b7e   Section        0  stm32f4xx_it.o(i.SVC_Handler)
    i.SysTick_Handler                        0x08002b80   Section        0  stm32f4xx_it.o(i.SysTick_Handler)
    i.SystemClock_Config                     0x08002b88   Section        0  main.o(i.SystemClock_Config)
    i.SystemInit                             0x08002c3c   Section        0  system_stm32f4xx.o(i.SystemInit)
    i.TIM1_BRK_TIM9_IRQHandler               0x08002c50   Section        0  stm32f4xx_it.o(i.TIM1_BRK_TIM9_IRQHandler)
    i.TIM2_IRQHandler                        0x08002c60   Section        0  stm32f4xx_it.o(i.TIM2_IRQHandler)
    i.TIM5_IRQHandler                        0x08002c70   Section        0  stm32f4xx_it.o(i.TIM5_IRQHandler)
    i.TIM6_DAC_IRQHandler                    0x08002c80   Section        0  stm32f4xx_it.o(i.TIM6_DAC_IRQHandler)
    i.TIM7_IRQHandler                        0x08002c90   Section        0  stm32f4xx_it.o(i.TIM7_IRQHandler)
    i.TIM_Base_SetConfig                     0x08002ca0   Section        0  stm32f4xx_hal_tim.o(i.TIM_Base_SetConfig)
    i.TIM_CCxChannelCmd                      0x08002d78   Section        0  stm32f4xx_hal_tim.o(i.TIM_CCxChannelCmd)
    i.TIM_CCxNChannelCmd                     0x08002d9a   Section        0  stm32f4xx_hal_tim_ex.o(i.TIM_CCxNChannelCmd)
    TIM_CCxNChannelCmd                       0x08002d9b   Thumb Code    34  stm32f4xx_hal_tim_ex.o(i.TIM_CCxNChannelCmd)
    i.TIM_ETR_SetConfig                      0x08002dbc   Section        0  stm32f4xx_hal_tim.o(i.TIM_ETR_SetConfig)
    i.TIM_ITRx_SetConfig                     0x08002dd2   Section        0  stm32f4xx_hal_tim.o(i.TIM_ITRx_SetConfig)
    TIM_ITRx_SetConfig                       0x08002dd3   Thumb Code    18  stm32f4xx_hal_tim.o(i.TIM_ITRx_SetConfig)
    i.TIM_OC1_SetConfig                      0x08002de4   Section        0  stm32f4xx_hal_tim.o(i.TIM_OC1_SetConfig)
    TIM_OC1_SetConfig                        0x08002de5   Thumb Code   104  stm32f4xx_hal_tim.o(i.TIM_OC1_SetConfig)
    i.TIM_OC2_SetConfig                      0x08002e54   Section        0  stm32f4xx_hal_tim.o(i.TIM_OC2_SetConfig)
    i.TIM_OC3_SetConfig                      0x08002ed0   Section        0  stm32f4xx_hal_tim.o(i.TIM_OC3_SetConfig)
    TIM_OC3_SetConfig                        0x08002ed1   Thumb Code   112  stm32f4xx_hal_tim.o(i.TIM_OC3_SetConfig)
    i.TIM_OC4_SetConfig                      0x08002f48   Section        0  stm32f4xx_hal_tim.o(i.TIM_OC4_SetConfig)
    TIM_OC4_SetConfig                        0x08002f49   Thumb Code    74  stm32f4xx_hal_tim.o(i.TIM_OC4_SetConfig)
    i.TIM_TI1_ConfigInputStage               0x08002f9c   Section        0  stm32f4xx_hal_tim.o(i.TIM_TI1_ConfigInputStage)
    TIM_TI1_ConfigInputStage                 0x08002f9d   Thumb Code    38  stm32f4xx_hal_tim.o(i.TIM_TI1_ConfigInputStage)
    i.TIM_TI1_SetConfig                      0x08002fc4   Section        0  stm32f4xx_hal_tim.o(i.TIM_TI1_SetConfig)
    i.TIM_TI2_ConfigInputStage               0x08003054   Section        0  stm32f4xx_hal_tim.o(i.TIM_TI2_ConfigInputStage)
    TIM_TI2_ConfigInputStage                 0x08003055   Thumb Code    40  stm32f4xx_hal_tim.o(i.TIM_TI2_ConfigInputStage)
    i.TIM_TI2_SetConfig                      0x0800307c   Section        0  stm32f4xx_hal_tim.o(i.TIM_TI2_SetConfig)
    TIM_TI2_SetConfig                        0x0800307d   Thumb Code    58  stm32f4xx_hal_tim.o(i.TIM_TI2_SetConfig)
    i.TIM_TI3_SetConfig                      0x080030b6   Section        0  stm32f4xx_hal_tim.o(i.TIM_TI3_SetConfig)
    TIM_TI3_SetConfig                        0x080030b7   Thumb Code    56  stm32f4xx_hal_tim.o(i.TIM_TI3_SetConfig)
    i.TIM_TI4_SetConfig                      0x080030ee   Section        0  stm32f4xx_hal_tim.o(i.TIM_TI4_SetConfig)
    TIM_TI4_SetConfig                        0x080030ef   Thumb Code    60  stm32f4xx_hal_tim.o(i.TIM_TI4_SetConfig)
    i.UsageFault_Handler                     0x0800312a   Section        0  stm32f4xx_it.o(i.UsageFault_Handler)
    i.__NVIC_GetPriorityGrouping             0x08003130   Section        0  stm32f4xx_hal_cortex.o(i.__NVIC_GetPriorityGrouping)
    __NVIC_GetPriorityGrouping               0x08003131   Thumb Code    10  stm32f4xx_hal_cortex.o(i.__NVIC_GetPriorityGrouping)
    i.__NVIC_SetPriority                     0x08003140   Section        0  stm32f4xx_hal_cortex.o(i.__NVIC_SetPriority)
    __NVIC_SetPriority                       0x08003141   Thumb Code    32  stm32f4xx_hal_cortex.o(i.__NVIC_SetPriority)
    i.change_rotation                        0x08003168   Section        0  interrupt.o(i.change_rotation)
    i.correct_PMSM_PWM_parametrs             0x080031e4   Section        0  interrupt.o(i.correct_PMSM_PWM_parametrs)
    i.correct_set_PMSM_PWM_parametrs         0x0800322c   Section        0  interrupt.o(i.correct_set_PMSM_PWM_parametrs)
    i.correct_timings                        0x08003260   Section        0  interrupt.o(i.correct_timings)
    i.main                                   0x080032a8   Section        0  main.o(i.main)
    i.protection_against_incorrect_parameters 0x08003374   Section        0  interrupt.o(i.protection_against_incorrect_parameters)
    i.set_timings_PMSM_PWM                   0x080033c8   Section        0  interrupt.o(i.set_timings_PMSM_PWM)
    x$fpl$d2f                                0x0800346c   Section       98  d2f.o(x$fpl$d2f)
    $v0                                      0x0800346c   Number         0  d2f.o(x$fpl$d2f)
    x$fpl$dadd                               0x080034d0   Section      336  daddsub_clz.o(x$fpl$dadd)
    $v0                                      0x080034d0   Number         0  daddsub_clz.o(x$fpl$dadd)
    _dadd1                                   0x080034e1   Thumb Code     0  daddsub_clz.o(x$fpl$dadd)
    x$fpl$ddiv                               0x08003620   Section      688  ddiv.o(x$fpl$ddiv)
    $v0                                      0x08003620   Number         0  ddiv.o(x$fpl$ddiv)
    ddiv_entry                               0x08003627   Thumb Code     0  ddiv.o(x$fpl$ddiv)
    x$fpl$dfix                               0x080038d0   Section       94  dfix.o(x$fpl$dfix)
    $v0                                      0x080038d0   Number         0  dfix.o(x$fpl$dfix)
    x$fpl$dmul                               0x08003930   Section      340  dmul.o(x$fpl$dmul)
    $v0                                      0x08003930   Number         0  dmul.o(x$fpl$dmul)
    x$fpl$dnaninf                            0x08003a84   Section      156  dnaninf.o(x$fpl$dnaninf)
    $v0                                      0x08003a84   Number         0  dnaninf.o(x$fpl$dnaninf)
    x$fpl$dretinf                            0x08003b20   Section       12  dretinf.o(x$fpl$dretinf)
    $v0                                      0x08003b20   Number         0  dretinf.o(x$fpl$dretinf)
    x$fpl$dsub                               0x08003b2c   Section      468  daddsub_clz.o(x$fpl$dsub)
    $v0                                      0x08003b2c   Number         0  daddsub_clz.o(x$fpl$dsub)
    _dsub1                                   0x08003b3d   Thumb Code     0  daddsub_clz.o(x$fpl$dsub)
    x$fpl$f2d                                0x08003d00   Section       86  f2d.o(x$fpl$f2d)
    $v0                                      0x08003d00   Number         0  f2d.o(x$fpl$f2d)
    x$fpl$fnaninf                            0x08003d56   Section      140  fnaninf.o(x$fpl$fnaninf)
    $v0                                      0x08003d56   Number         0  fnaninf.o(x$fpl$fnaninf)
    x$fpl$fpinit                             0x08003de2   Section       10  fpinit.o(x$fpl$fpinit)
    $v0                                      0x08003de2   Number         0  fpinit.o(x$fpl$fpinit)
    x$fpl$fretinf                            0x08003dec   Section       10  fretinf.o(x$fpl$fretinf)
    $v0                                      0x08003dec   Number         0  fretinf.o(x$fpl$fretinf)
    .constdata                               0x08003df6   Section      576  interrupt.o(.constdata)
    x$fpl$usenofp                            0x08003df6   Section        0  usenofp.o(x$fpl$usenofp)
    PMSM_SINTABLE                            0x08003df6   Data         576  interrupt.o(.constdata)
    .constdata                               0x08004036   Section       24  system_stm32f4xx.o(.constdata)
    .data                                    0x20000000   Section      112  main.o(.data)
    .data                                    0x20000070   Section        4  stm32f4xx_hal_msp.o(.data)
    HAL_RCC_CAN1_CLK_ENABLED                 0x20000070   Data           4  stm32f4xx_hal_msp.o(.data)
    .data                                    0x20000074   Section        9  stm32f4xx_hal.o(.data)
    .data                                    0x20000080   Section        4  system_stm32f4xx.o(.data)
    .bss                                     0x20000084   Section      564  main.o(.bss)
    .bss                                     0x200002b8   Section       96  libspace.o(.bss)
    HEAP                                     0x20000318   Section      512  startup_stm32f405xx.o(HEAP)
    Heap_Mem                                 0x20000318   Data         512  startup_stm32f405xx.o(HEAP)
    STACK                                    0x20000518   Section     1024  startup_stm32f405xx.o(STACK)
    Stack_Mem                                0x20000518   Data        1024  startup_stm32f405xx.o(STACK)
    __initial_sp                             0x20000918   Data           0  startup_stm32f405xx.o(STACK)

    Global Symbols

    Symbol Name                              Value     Ov Type        Size  Object(Section)

    BuildAttributes$$THM_ISAv4$E$P$D$K$B$S$7EM$VFPi3$EXTD16$VFPS$VFMA$PE$A:L22UL41UL21$X:L11$S22US41US21$IEEE1$IW$USESV6$~STKCKD$USESV7$~SHL$OSPACE$ROPI$EBA8$UX$STANDARDLIB$REQ8$PRES8$EABIv2 0x00000000   Number         0  anon$$obj.o ABSOLUTE
    __ARM_use_no_argv                        0x00000000   Number         0  main.o ABSOLUTE
    __ARM_exceptions_init                     - Undefined Weak Reference
    __alloca_initialize                       - Undefined Weak Reference
    __arm_fini_                               - Undefined Weak Reference
    __arm_preinit_                            - Undefined Weak Reference
    __cpp_initialize__aeabi_                  - Undefined Weak Reference
    __cxa_finalize                            - Undefined Weak Reference
    __rt_locale                               - Undefined Weak Reference
    __sigvec_lookup                           - Undefined Weak Reference
    _atexit_init                              - Undefined Weak Reference
    _call_atexit_fns                          - Undefined Weak Reference
    _clock_init                               - Undefined Weak Reference
    _fp_trap_init                             - Undefined Weak Reference
    _fp_trap_shutdown                         - Undefined Weak Reference
    _get_lc_collate                           - Undefined Weak Reference
    _get_lc_ctype                             - Undefined Weak Reference
    _get_lc_monetary                          - Undefined Weak Reference
    _get_lc_numeric                           - Undefined Weak Reference
    _get_lc_time                              - Undefined Weak Reference
    _getenv_init                              - Undefined Weak Reference
    _handle_redirection                       - Undefined Weak Reference
    _init_alloc                               - Undefined Weak Reference
    _init_user_alloc                          - Undefined Weak Reference
    _initio                                   - Undefined Weak Reference
    _rand_init                                - Undefined Weak Reference
    _signal_finish                            - Undefined Weak Reference
    _signal_init                              - Undefined Weak Reference
    _terminate_alloc                          - Undefined Weak Reference
    _terminate_user_alloc                     - Undefined Weak Reference
    _terminateio                              - Undefined Weak Reference
    __Vectors_Size                           0x00000188   Number         0  startup_stm32f405xx.o ABSOLUTE
    __Vectors                                0x08000000   Data           4  startup_stm32f405xx.o(RESET)
    __Vectors_End                            0x08000188   Data           0  startup_stm32f405xx.o(RESET)
    __main                                   0x08000189   Thumb Code     8  __main.o(!!!main)
    __scatterload                            0x08000191   Thumb Code     0  __scatter.o(!!!scatter)
    __scatterload_rt2                        0x08000191   Thumb Code    44  __scatter.o(!!!scatter)
    __scatterload_rt2_thumb_only             0x08000191   Thumb Code     0  __scatter.o(!!!scatter)
    __scatterload_null                       0x0800019f   Thumb Code     0  __scatter.o(!!!scatter)
    __scatterload_copy                       0x080001c5   Thumb Code    26  __scatter_copy.o(!!handler_copy)
    __scatterload_zeroinit                   0x080001e1   Thumb Code    28  __scatter_zi.o(!!handler_zi)
    __rt_lib_init                            0x080001fd   Thumb Code     0  libinit.o(.ARM.Collect$$libinit$$00000000)
    __rt_lib_init_fp_1                       0x080001ff   Thumb Code     0  libinit2.o(.ARM.Collect$$libinit$$00000001)
    __rt_lib_init_alloca_1                   0x08000203   Thumb Code     0  libinit2.o(.ARM.Collect$$libinit$$0000002E)
    __rt_lib_init_argv_1                     0x08000203   Thumb Code     0  libinit2.o(.ARM.Collect$$libinit$$0000002C)
    __rt_lib_init_atexit_1                   0x08000203   Thumb Code     0  libinit2.o(.ARM.Collect$$libinit$$0000001B)
    __rt_lib_init_clock_1                    0x08000203   Thumb Code     0  libinit2.o(.ARM.Collect$$libinit$$00000021)
    __rt_lib_init_cpp_1                      0x08000203   Thumb Code     0  libinit2.o(.ARM.Collect$$libinit$$00000032)
    __rt_lib_init_exceptions_1               0x08000203   Thumb Code     0  libinit2.o(.ARM.Collect$$libinit$$00000030)
    __rt_lib_init_fp_trap_1                  0x08000203   Thumb Code     0  libinit2.o(.ARM.Collect$$libinit$$0000001F)
    __rt_lib_init_getenv_1                   0x08000203   Thumb Code     0  libinit2.o(.ARM.Collect$$libinit$$00000023)
    __rt_lib_init_heap_1                     0x08000203   Thumb Code     0  libinit2.o(.ARM.Collect$$libinit$$0000000A)
    __rt_lib_init_lc_collate_1               0x08000203   Thumb Code     0  libinit2.o(.ARM.Collect$$libinit$$00000011)
    __rt_lib_init_lc_ctype_1                 0x08000203   Thumb Code     0  libinit2.o(.ARM.Collect$$libinit$$00000013)
    __rt_lib_init_lc_monetary_1              0x08000203   Thumb Code     0  libinit2.o(.ARM.Collect$$libinit$$00000015)
    __rt_lib_init_lc_numeric_1               0x08000203   Thumb Code     0  libinit2.o(.ARM.Collect$$libinit$$00000017)
    __rt_lib_init_lc_time_1                  0x08000203   Thumb Code     0  libinit2.o(.ARM.Collect$$libinit$$00000019)
    __rt_lib_init_preinit_1                  0x08000203   Thumb Code     0  libinit2.o(.ARM.Collect$$libinit$$00000004)
    __rt_lib_init_rand_1                     0x08000203   Thumb Code     0  libinit2.o(.ARM.Collect$$libinit$$0000000E)
    __rt_lib_init_return                     0x08000203   Thumb Code     0  libinit2.o(.ARM.Collect$$libinit$$00000033)
    __rt_lib_init_signal_1                   0x08000203   Thumb Code     0  libinit2.o(.ARM.Collect$$libinit$$0000001D)
    __rt_lib_init_stdio_1                    0x08000203   Thumb Code     0  libinit2.o(.ARM.Collect$$libinit$$00000025)
    __rt_lib_init_user_alloc_1               0x08000203   Thumb Code     0  libinit2.o(.ARM.Collect$$libinit$$0000000C)
    __rt_lib_shutdown                        0x08000205   Thumb Code     0  libshutdown.o(.ARM.Collect$$libshutdown$$00000000)
    __rt_lib_shutdown_cpp_1                  0x08000207   Thumb Code     0  libshutdown2.o(.ARM.Collect$$libshutdown$$00000004)
    __rt_lib_shutdown_fini_1                 0x08000207   Thumb Code     0  libshutdown2.o(.ARM.Collect$$libshutdown$$00000002)
    __rt_lib_shutdown_fp_trap_1              0x08000207   Thumb Code     0  libshutdown2.o(.ARM.Collect$$libshutdown$$00000009)
    __rt_lib_shutdown_heap_1                 0x08000207   Thumb Code     0  libshutdown2.o(.ARM.Collect$$libshutdown$$00000011)
    __rt_lib_shutdown_return                 0x08000207   Thumb Code     0  libshutdown2.o(.ARM.Collect$$libshutdown$$00000012)
    __rt_lib_shutdown_signal_1               0x08000207   Thumb Code     0  libshutdown2.o(.ARM.Collect$$libshutdown$$0000000C)
    __rt_lib_shutdown_stdio_1                0x08000207   Thumb Code     0  libshutdown2.o(.ARM.Collect$$libshutdown$$00000006)
    __rt_lib_shutdown_user_alloc_1           0x08000207   Thumb Code     0  libshutdown2.o(.ARM.Collect$$libshutdown$$0000000E)
    __rt_entry                               0x08000209   Thumb Code     0  __rtentry.o(.ARM.Collect$$rtentry$$00000000)
    __rt_entry_presh_1                       0x08000209   Thumb Code     0  __rtentry2.o(.ARM.Collect$$rtentry$$00000002)
    __rt_entry_sh                            0x08000209   Thumb Code     0  __rtentry4.o(.ARM.Collect$$rtentry$$00000004)
    __rt_entry_li                            0x0800020f   Thumb Code     0  __rtentry2.o(.ARM.Collect$$rtentry$$0000000A)
    __rt_entry_postsh_1                      0x0800020f   Thumb Code     0  __rtentry2.o(.ARM.Collect$$rtentry$$00000009)
    __rt_entry_main                          0x08000213   Thumb Code     0  __rtentry2.o(.ARM.Collect$$rtentry$$0000000D)
    __rt_entry_postli_1                      0x08000213   Thumb Code     0  __rtentry2.o(.ARM.Collect$$rtentry$$0000000C)
    __rt_exit                                0x0800021b   Thumb Code     0  rtexit.o(.ARM.Collect$$rtexit$$00000000)
    __rt_exit_ls                             0x0800021d   Thumb Code     0  rtexit2.o(.ARM.Collect$$rtexit$$00000003)
    __rt_exit_prels_1                        0x0800021d   Thumb Code     0  rtexit2.o(.ARM.Collect$$rtexit$$00000002)
    __rt_exit_exit                           0x08000221   Thumb Code     0  rtexit2.o(.ARM.Collect$$rtexit$$00000004)
    Reset_Handler                            0x08000229   Thumb Code     8  startup_stm32f405xx.o(.text)
    ADC_IRQHandler                           0x08000243   Thumb Code     0  startup_stm32f405xx.o(.text)
    CAN1_RX1_IRQHandler                      0x08000243   Thumb Code     0  startup_stm32f405xx.o(.text)
    CAN1_TX_IRQHandler                       0x08000243   Thumb Code     0  startup_stm32f405xx.o(.text)
    CAN2_RX0_IRQHandler                      0x08000243   Thumb Code     0  startup_stm32f405xx.o(.text)
    CAN2_RX1_IRQHandler                      0x08000243   Thumb Code     0  startup_stm32f405xx.o(.text)
    CAN2_SCE_IRQHandler                      0x08000243   Thumb Code     0  startup_stm32f405xx.o(.text)
    CAN2_TX_IRQHandler                       0x08000243   Thumb Code     0  startup_stm32f405xx.o(.text)
    DMA1_Stream0_IRQHandler                  0x08000243   Thumb Code     0  startup_stm32f405xx.o(.text)
    DMA1_Stream1_IRQHandler                  0x08000243   Thumb Code     0  startup_stm32f405xx.o(.text)
    DMA1_Stream2_IRQHandler                  0x08000243   Thumb Code     0  startup_stm32f405xx.o(.text)
    DMA1_Stream3_IRQHandler                  0x08000243   Thumb Code     0  startup_stm32f405xx.o(.text)
    DMA1_Stream4_IRQHandler                  0x08000243   Thumb Code     0  startup_stm32f405xx.o(.text)
    DMA1_Stream5_IRQHandler                  0x08000243   Thumb Code     0  startup_stm32f405xx.o(.text)
    DMA1_Stream6_IRQHandler                  0x08000243   Thumb Code     0  startup_stm32f405xx.o(.text)
    DMA1_Stream7_IRQHandler                  0x08000243   Thumb Code     0  startup_stm32f405xx.o(.text)
    DMA2_Stream0_IRQHandler                  0x08000243   Thumb Code     0  startup_stm32f405xx.o(.text)
    DMA2_Stream1_IRQHandler                  0x08000243   Thumb Code     0  startup_stm32f405xx.o(.text)
    DMA2_Stream2_IRQHandler                  0x08000243   Thumb Code     0  startup_stm32f405xx.o(.text)
    DMA2_Stream3_IRQHandler                  0x08000243   Thumb Code     0  startup_stm32f405xx.o(.text)
    DMA2_Stream4_IRQHandler                  0x08000243   Thumb Code     0  startup_stm32f405xx.o(.text)
    DMA2_Stream5_IRQHandler                  0x08000243   Thumb Code     0  startup_stm32f405xx.o(.text)
    DMA2_Stream6_IRQHandler                  0x08000243   Thumb Code     0  startup_stm32f405xx.o(.text)
    DMA2_Stream7_IRQHandler                  0x08000243   Thumb Code     0  startup_stm32f405xx.o(.text)
    EXTI0_IRQHandler                         0x08000243   Thumb Code     0  startup_stm32f405xx.o(.text)
    EXTI15_10_IRQHandler                     0x08000243   Thumb Code     0  startup_stm32f405xx.o(.text)
    EXTI1_IRQHandler                         0x08000243   Thumb Code     0  startup_stm32f405xx.o(.text)
    EXTI2_IRQHandler                         0x08000243   Thumb Code     0  startup_stm32f405xx.o(.text)
    EXTI3_IRQHandler                         0x08000243   Thumb Code     0  startup_stm32f405xx.o(.text)
    EXTI4_IRQHandler                         0x08000243   Thumb Code     0  startup_stm32f405xx.o(.text)
    EXTI9_5_IRQHandler                       0x08000243   Thumb Code     0  startup_stm32f405xx.o(.text)
    FLASH_IRQHandler                         0x08000243   Thumb Code     0  startup_stm32f405xx.o(.text)
    FMC_IRQHandler                           0x08000243   Thumb Code     0  startup_stm32f405xx.o(.text)
    FPU_IRQHandler                           0x08000243   Thumb Code     0  startup_stm32f405xx.o(.text)
    HASH_RNG_IRQHandler                      0x08000243   Thumb Code     0  startup_stm32f405xx.o(.text)
    I2C1_ER_IRQHandler                       0x08000243   Thumb Code     0  startup_stm32f405xx.o(.text)
    I2C1_EV_IRQHandler                       0x08000243   Thumb Code     0  startup_stm32f405xx.o(.text)
    I2C2_ER_IRQHandler                       0x08000243   Thumb Code     0  startup_stm32f405xx.o(.text)
    I2C2_EV_IRQHandler                       0x08000243   Thumb Code     0  startup_stm32f405xx.o(.text)
    I2C3_ER_IRQHandler                       0x08000243   Thumb Code     0  startup_stm32f405xx.o(.text)
    I2C3_EV_IRQHandler                       0x08000243   Thumb Code     0  startup_stm32f405xx.o(.text)
    OTG_FS_IRQHandler                        0x08000243   Thumb Code     0  startup_stm32f405xx.o(.text)
    OTG_FS_WKUP_IRQHandler                   0x08000243   Thumb Code     0  startup_stm32f405xx.o(.text)
    OTG_HS_EP1_IN_IRQHandler                 0x08000243   Thumb Code     0  startup_stm32f405xx.o(.text)
    OTG_HS_EP1_OUT_IRQHandler                0x08000243   Thumb Code     0  startup_stm32f405xx.o(.text)
    OTG_HS_IRQHandler                        0x08000243   Thumb Code     0  startup_stm32f405xx.o(.text)
    OTG_HS_WKUP_IRQHandler                   0x08000243   Thumb Code     0  startup_stm32f405xx.o(.text)
    PVD_IRQHandler                           0x08000243   Thumb Code     0  startup_stm32f405xx.o(.text)
    RCC_IRQHandler                           0x08000243   Thumb Code     0  startup_stm32f405xx.o(.text)
    RTC_Alarm_IRQHandler                     0x08000243   Thumb Code     0  startup_stm32f405xx.o(.text)
    RTC_WKUP_IRQHandler                      0x08000243   Thumb Code     0  startup_stm32f405xx.o(.text)
    SDIO_IRQHandler                          0x08000243   Thumb Code     0  startup_stm32f405xx.o(.text)
    SPI1_IRQHandler                          0x08000243   Thumb Code     0  startup_stm32f405xx.o(.text)
    SPI2_IRQHandler                          0x08000243   Thumb Code     0  startup_stm32f405xx.o(.text)
    SPI3_IRQHandler                          0x08000243   Thumb Code     0  startup_stm32f405xx.o(.text)
    TAMP_STAMP_IRQHandler                    0x08000243   Thumb Code     0  startup_stm32f405xx.o(.text)
    TIM1_CC_IRQHandler                       0x08000243   Thumb Code     0  startup_stm32f405xx.o(.text)
    TIM1_TRG_COM_TIM11_IRQHandler            0x08000243   Thumb Code     0  startup_stm32f405xx.o(.text)
    TIM1_UP_TIM10_IRQHandler                 0x08000243   Thumb Code     0  startup_stm32f405xx.o(.text)
    TIM3_IRQHandler                          0x08000243   Thumb Code     0  startup_stm32f405xx.o(.text)
    TIM4_IRQHandler                          0x08000243   Thumb Code     0  startup_stm32f405xx.o(.text)
    TIM8_BRK_TIM12_IRQHandler                0x08000243   Thumb Code     0  startup_stm32f405xx.o(.text)
    TIM8_CC_IRQHandler                       0x08000243   Thumb Code     0  startup_stm32f405xx.o(.text)
    TIM8_TRG_COM_TIM14_IRQHandler            0x08000243   Thumb Code     0  startup_stm32f405xx.o(.text)
    TIM8_UP_TIM13_IRQHandler                 0x08000243   Thumb Code     0  startup_stm32f405xx.o(.text)
    UART4_IRQHandler                         0x08000243   Thumb Code     0  startup_stm32f405xx.o(.text)
    UART5_IRQHandler                         0x08000243   Thumb Code     0  startup_stm32f405xx.o(.text)
    USART1_IRQHandler                        0x08000243   Thumb Code     0  startup_stm32f405xx.o(.text)
    USART2_IRQHandler                        0x08000243   Thumb Code     0  startup_stm32f405xx.o(.text)
    USART3_IRQHandler                        0x08000243   Thumb Code     0  startup_stm32f405xx.o(.text)
    USART6_IRQHandler                        0x08000243   Thumb Code     0  startup_stm32f405xx.o(.text)
    WWDG_IRQHandler                          0x08000243   Thumb Code     0  startup_stm32f405xx.o(.text)
    __user_initial_stackheap                 0x08000245   Thumb Code     0  startup_stm32f405xx.o(.text)
    __aeabi_uldivmod                         0x08000269   Thumb Code     0  lludivv7m.o(.text)
    _ll_udiv                                 0x08000269   Thumb Code   238  lludivv7m.o(.text)
    __aeabi_memclr4                          0x08000357   Thumb Code     0  rt_memclr_w.o(.text)
    __aeabi_memclr8                          0x08000357   Thumb Code     0  rt_memclr_w.o(.text)
    __rt_memclr_w                            0x08000357   Thumb Code    78  rt_memclr_w.o(.text)
    _memset_w                                0x0800035b   Thumb Code     0  rt_memclr_w.o(.text)
    __use_two_region_memory                  0x080003a5   Thumb Code     2  heapauxi.o(.text)
    __rt_heap_escrow$2region                 0x080003a7   Thumb Code     2  heapauxi.o(.text)
    __rt_heap_expand$2region                 0x080003a9   Thumb Code     2  heapauxi.o(.text)
    __user_setup_stackheap                   0x080003ab   Thumb Code    74  sys_stackheap_outer.o(.text)
    exit                                     0x080003f5   Thumb Code    18  exit.o(.text)
    __user_libspace                          0x08000409   Thumb Code     8  libspace.o(.text)
    __user_perproc_libspace                  0x08000409   Thumb Code     0  libspace.o(.text)
    __user_perthread_libspace                0x08000409   Thumb Code     0  libspace.o(.text)
    _sys_exit                                0x08000411   Thumb Code     8  sys_exit.o(.text)
    __I$use$semihosting                      0x0800041d   Thumb Code     0  use_no_semi.o(.text)
    __use_no_semihosting_swi                 0x0800041d   Thumb Code     2  use_no_semi.o(.text)
    BusFault_Handler                         0x0800041f   Thumb Code     4  stm32f4xx_it.o(i.BusFault_Handler)
    __semihosting_library_function           0x0800041f   Thumb Code     0  indicate_semi.o(.text)
    CAN1_RX0_IRQHandler                      0x08000425   Thumb Code    10  stm32f4xx_it.o(i.CAN1_RX0_IRQHandler)
    CAN1_SCE_IRQHandler                      0x08000435   Thumb Code    10  stm32f4xx_it.o(i.CAN1_SCE_IRQHandler)
    DebugMon_Handler                         0x08000445   Thumb Code     2  stm32f4xx_it.o(i.DebugMon_Handler)
    Error_Handler                            0x08000447   Thumb Code     6  main.o(i.Error_Handler)
    HAL_CAN_ErrorCallback                    0x0800044d   Thumb Code     2  stm32f4xx_hal_can.o(i.HAL_CAN_ErrorCallback)
    HAL_CAN_IRQHandler                       0x0800044f   Thumb Code   590  stm32f4xx_hal_can.o(i.HAL_CAN_IRQHandler)
    HAL_CAN_Init                             0x0800069d   Thumb Code   372  stm32f4xx_hal_can.o(i.HAL_CAN_Init)
    HAL_CAN_MspInit                          0x08000811   Thumb Code   330  stm32f4xx_hal_msp.o(i.HAL_CAN_MspInit)
    HAL_CAN_RxFifo0FullCallback              0x08000975   Thumb Code     2  stm32f4xx_hal_can.o(i.HAL_CAN_RxFifo0FullCallback)
    HAL_CAN_RxFifo0MsgPendingCallback        0x08000977   Thumb Code     2  stm32f4xx_hal_can.o(i.HAL_CAN_RxFifo0MsgPendingCallback)
    HAL_CAN_RxFifo1FullCallback              0x08000979   Thumb Code     2  stm32f4xx_hal_can.o(i.HAL_CAN_RxFifo1FullCallback)
    HAL_CAN_RxFifo1MsgPendingCallback        0x0800097b   Thumb Code     2  stm32f4xx_hal_can.o(i.HAL_CAN_RxFifo1MsgPendingCallback)
    HAL_CAN_SleepCallback                    0x0800097d   Thumb Code     2  stm32f4xx_hal_can.o(i.HAL_CAN_SleepCallback)
    HAL_CAN_TxMailbox0AbortCallback          0x0800097f   Thumb Code     2  stm32f4xx_hal_can.o(i.HAL_CAN_TxMailbox0AbortCallback)
    HAL_CAN_TxMailbox0CompleteCallback       0x08000981   Thumb Code     2  stm32f4xx_hal_can.o(i.HAL_CAN_TxMailbox0CompleteCallback)
    HAL_CAN_TxMailbox1AbortCallback          0x08000983   Thumb Code     2  stm32f4xx_hal_can.o(i.HAL_CAN_TxMailbox1AbortCallback)
    HAL_CAN_TxMailbox1CompleteCallback       0x08000985   Thumb Code     2  stm32f4xx_hal_can.o(i.HAL_CAN_TxMailbox1CompleteCallback)
    HAL_CAN_TxMailbox2AbortCallback          0x08000987   Thumb Code     2  stm32f4xx_hal_can.o(i.HAL_CAN_TxMailbox2AbortCallback)
    HAL_CAN_TxMailbox2CompleteCallback       0x08000989   Thumb Code     2  stm32f4xx_hal_can.o(i.HAL_CAN_TxMailbox2CompleteCallback)
    HAL_CAN_WakeUpFromRxMsgCallback          0x0800098b   Thumb Code     2  stm32f4xx_hal_can.o(i.HAL_CAN_WakeUpFromRxMsgCallback)
    HAL_GPIO_Init                            0x0800098d   Thumb Code   470  stm32f4xx_hal_gpio.o(i.HAL_GPIO_Init)
    HAL_GPIO_WritePin                        0x08000b91   Thumb Code    12  stm32f4xx_hal_gpio.o(i.HAL_GPIO_WritePin)
    HAL_GetTick                              0x08000b9d   Thumb Code     6  stm32f4xx_hal.o(i.HAL_GetTick)
    HAL_IncTick                              0x08000ba9   Thumb Code    16  stm32f4xx_hal.o(i.HAL_IncTick)
    HAL_Init                                 0x08000bc1   Thumb Code    54  stm32f4xx_hal.o(i.HAL_Init)
    HAL_InitTick                             0x08000bfd   Thumb Code    64  stm32f4xx_hal.o(i.HAL_InitTick)
    HAL_MspInit                              0x08000c49   Thumb Code    68  stm32f4xx_hal_msp.o(i.HAL_MspInit)
    HAL_NVIC_EnableIRQ                       0x08000c91   Thumb Code    32  stm32f4xx_hal_cortex.o(i.HAL_NVIC_EnableIRQ)
    HAL_NVIC_SetPriority                     0x08000cb1   Thumb Code   124  stm32f4xx_hal_cortex.o(i.HAL_NVIC_SetPriority)
    HAL_NVIC_SetPriorityGrouping             0x08000d2d   Thumb Code    32  stm32f4xx_hal_cortex.o(i.HAL_NVIC_SetPriorityGrouping)
    HAL_RCC_ClockConfig                      0x08000d55   Thumb Code   368  stm32f4xx_hal_rcc.o(i.HAL_RCC_ClockConfig)
    HAL_RCC_GetSysClockFreq                  0x08000ed9   Thumb Code   162  stm32f4xx_hal_rcc.o(i.HAL_RCC_GetSysClockFreq)
    HAL_RCC_OscConfig                        0x08000f89   Thumb Code  1172  stm32f4xx_hal_rcc.o(i.HAL_RCC_OscConfig)
    HAL_SYSTICK_Config                       0x08001425   Thumb Code    52  stm32f4xx_hal_cortex.o(i.HAL_SYSTICK_Config)
    HAL_TIMEx_BreakCallback                  0x08001459   Thumb Code     2  stm32f4xx_hal_tim_ex.o(i.HAL_TIMEx_BreakCallback)
    HAL_TIMEx_CommutCallback                 0x0800145b   Thumb Code     2  stm32f4xx_hal_tim_ex.o(i.HAL_TIMEx_CommutCallback)
    HAL_TIMEx_ConfigBreakDeadTime            0x0800145d   Thumb Code   116  stm32f4xx_hal_tim_ex.o(i.HAL_TIMEx_ConfigBreakDeadTime)
    HAL_TIMEx_MasterConfigSynchronization    0x080014d1   Thumb Code   150  stm32f4xx_hal_tim_ex.o(i.HAL_TIMEx_MasterConfigSynchronization)
    HAL_TIMEx_PWMN_Start                     0x08001585   Thumb Code   214  stm32f4xx_hal_tim_ex.o(i.HAL_TIMEx_PWMN_Start)
    HAL_TIM_Base_Init                        0x08001679   Thumb Code   102  stm32f4xx_hal_tim.o(i.HAL_TIM_Base_Init)
    HAL_TIM_Base_MspInit                     0x080016e1   Thumb Code   542  stm32f4xx_hal_msp.o(i.HAL_TIM_Base_MspInit)
    HAL_TIM_Base_Start_IT                    0x0800191d   Thumb Code   138  stm32f4xx_hal_tim.o(i.HAL_TIM_Base_Start_IT)
    HAL_TIM_ConfigClockSource                0x080019c5   Thumb Code   264  stm32f4xx_hal_tim.o(i.HAL_TIM_ConfigClockSource)
    HAL_TIM_IC_CaptureCallback               0x08001acd   Thumb Code   396  interrupt.o(i.HAL_TIM_IC_CaptureCallback)
    HAL_TIM_IC_ConfigChannel                 0x08001cb1   Thumb Code   212  stm32f4xx_hal_tim.o(i.HAL_TIM_IC_ConfigChannel)
    HAL_TIM_IC_Init                          0x08001d85   Thumb Code   102  stm32f4xx_hal_tim.o(i.HAL_TIM_IC_Init)
    HAL_TIM_IC_MspInit                       0x08001deb   Thumb Code     2  stm32f4xx_hal_tim.o(i.HAL_TIM_IC_MspInit)
    HAL_TIM_IC_Start_IT                      0x08001ded   Thumb Code   364  stm32f4xx_hal_tim.o(i.HAL_TIM_IC_Start_IT)
    HAL_TIM_IRQHandler                       0x08001f75   Thumb Code   406  stm32f4xx_hal_tim.o(i.HAL_TIM_IRQHandler)
    HAL_TIM_MspPostInit                      0x0800210d   Thumb Code   200  stm32f4xx_hal_msp.o(i.HAL_TIM_MspPostInit)
    HAL_TIM_OC_DelayElapsedCallback          0x080021e9   Thumb Code     2  stm32f4xx_hal_tim.o(i.HAL_TIM_OC_DelayElapsedCallback)
    HAL_TIM_PWM_ConfigChannel                0x080021eb   Thumb Code   252  stm32f4xx_hal_tim.o(i.HAL_TIM_PWM_ConfigChannel)
    HAL_TIM_PWM_Init                         0x080022e7   Thumb Code   102  stm32f4xx_hal_tim.o(i.HAL_TIM_PWM_Init)
    HAL_TIM_PWM_MspInit                      0x0800234d   Thumb Code     2  stm32f4xx_hal_tim.o(i.HAL_TIM_PWM_MspInit)
    HAL_TIM_PWM_PulseFinishedCallback        0x0800234f   Thumb Code     2  stm32f4xx_hal_tim.o(i.HAL_TIM_PWM_PulseFinishedCallback)
    HAL_TIM_PWM_Start                        0x08002351   Thumb Code   238  stm32f4xx_hal_tim.o(i.HAL_TIM_PWM_Start)
    HAL_TIM_PeriodElapsedCallback            0x0800245d   Thumb Code   450  interrupt.o(i.HAL_TIM_PeriodElapsedCallback)
    HAL_TIM_ReadCapturedValue                0x08002661   Thumb Code    50  stm32f4xx_hal_tim.o(i.HAL_TIM_ReadCapturedValue)
    HAL_TIM_TriggerCallback                  0x08002693   Thumb Code     2  stm32f4xx_hal_tim.o(i.HAL_TIM_TriggerCallback)
    HardFault_Handler                        0x08002695   Thumb Code     4  stm32f4xx_it.o(i.HardFault_Handler)
    MemManage_Handler                        0x08002b75   Thumb Code     4  stm32f4xx_it.o(i.MemManage_Handler)
    NMI_Handler                              0x08002b79   Thumb Code     4  stm32f4xx_it.o(i.NMI_Handler)
    PendSV_Handler                           0x08002b7d   Thumb Code     2  stm32f4xx_it.o(i.PendSV_Handler)
    SVC_Handler                              0x08002b7f   Thumb Code     2  stm32f4xx_it.o(i.SVC_Handler)
    SysTick_Handler                          0x08002b81   Thumb Code     8  stm32f4xx_it.o(i.SysTick_Handler)
    SystemClock_Config                       0x08002b89   Thumb Code   172  main.o(i.SystemClock_Config)
    SystemInit                               0x08002c3d   Thumb Code    14  system_stm32f4xx.o(i.SystemInit)
    TIM1_BRK_TIM9_IRQHandler                 0x08002c51   Thumb Code    10  stm32f4xx_it.o(i.TIM1_BRK_TIM9_IRQHandler)
    TIM2_IRQHandler                          0x08002c61   Thumb Code    10  stm32f4xx_it.o(i.TIM2_IRQHandler)
    TIM5_IRQHandler                          0x08002c71   Thumb Code    10  stm32f4xx_it.o(i.TIM5_IRQHandler)
    TIM6_DAC_IRQHandler                      0x08002c81   Thumb Code    10  stm32f4xx_it.o(i.TIM6_DAC_IRQHandler)
    TIM7_IRQHandler                          0x08002c91   Thumb Code    10  stm32f4xx_it.o(i.TIM7_IRQHandler)
    TIM_Base_SetConfig                       0x08002ca1   Thumb Code   170  stm32f4xx_hal_tim.o(i.TIM_Base_SetConfig)
    TIM_CCxChannelCmd                        0x08002d79   Thumb Code    34  stm32f4xx_hal_tim.o(i.TIM_CCxChannelCmd)
    TIM_ETR_SetConfig                        0x08002dbd   Thumb Code    22  stm32f4xx_hal_tim.o(i.TIM_ETR_SetConfig)
    TIM_OC2_SetConfig                        0x08002e55   Thumb Code   114  stm32f4xx_hal_tim.o(i.TIM_OC2_SetConfig)
    TIM_TI1_SetConfig                        0x08002fc5   Thumb Code   114  stm32f4xx_hal_tim.o(i.TIM_TI1_SetConfig)
    UsageFault_Handler                       0x0800312b   Thumb Code     4  stm32f4xx_it.o(i.UsageFault_Handler)
    change_rotation                          0x08003169   Thumb Code   100  interrupt.o(i.change_rotation)
    correct_PMSM_PWM_parametrs               0x080031e5   Thumb Code    64  interrupt.o(i.correct_PMSM_PWM_parametrs)
    correct_set_PMSM_PWM_parametrs           0x0800322d   Thumb Code    36  interrupt.o(i.correct_set_PMSM_PWM_parametrs)
    correct_timings                          0x08003261   Thumb Code    62  interrupt.o(i.correct_timings)
    main                                     0x080032a9   Thumb Code   176  main.o(i.main)
    protection_against_incorrect_parameters  0x08003375   Thumb Code    70  interrupt.o(i.protection_against_incorrect_parameters)
    set_timings_PMSM_PWM                     0x080033c9   Thumb Code   124  interrupt.o(i.set_timings_PMSM_PWM)
    __aeabi_d2f                              0x0800346d   Thumb Code     0  d2f.o(x$fpl$d2f)
    _d2f                                     0x0800346d   Thumb Code    98  d2f.o(x$fpl$d2f)
    __aeabi_dadd                             0x080034d1   Thumb Code     0  daddsub_clz.o(x$fpl$dadd)
    _dadd                                    0x080034d1   Thumb Code   332  daddsub_clz.o(x$fpl$dadd)
    __aeabi_ddiv                             0x08003621   Thumb Code     0  ddiv.o(x$fpl$ddiv)
    _ddiv                                    0x08003621   Thumb Code   552  ddiv.o(x$fpl$ddiv)
    __aeabi_d2iz                             0x080038d1   Thumb Code     0  dfix.o(x$fpl$dfix)
    _dfix                                    0x080038d1   Thumb Code    94  dfix.o(x$fpl$dfix)
    __aeabi_dmul                             0x08003931   Thumb Code     0  dmul.o(x$fpl$dmul)
    _dmul                                    0x08003931   Thumb Code   332  dmul.o(x$fpl$dmul)
    __fpl_dnaninf                            0x08003a85   Thumb Code   156  dnaninf.o(x$fpl$dnaninf)
    __fpl_dretinf                            0x08003b21   Thumb Code    12  dretinf.o(x$fpl$dretinf)
    __aeabi_dsub                             0x08003b2d   Thumb Code     0  daddsub_clz.o(x$fpl$dsub)
    _dsub                                    0x08003b2d   Thumb Code   464  daddsub_clz.o(x$fpl$dsub)
    __aeabi_f2d                              0x08003d01   Thumb Code     0  f2d.o(x$fpl$f2d)
    _f2d                                     0x08003d01   Thumb Code    86  f2d.o(x$fpl$f2d)
    __fpl_fnaninf                            0x08003d57   Thumb Code   140  fnaninf.o(x$fpl$fnaninf)
    _fp_init                                 0x08003de3   Thumb Code    10  fpinit.o(x$fpl$fpinit)
    __fplib_config_fpu_vfp                   0x08003deb   Thumb Code     0  fpinit.o(x$fpl$fpinit)
    __fplib_config_pureend_doubles           0x08003deb   Thumb Code     0  fpinit.o(x$fpl$fpinit)
    __fpl_fretinf                            0x08003ded   Thumb Code    10  fretinf.o(x$fpl$fretinf)
    __I$use$fp                               0x08003df6   Number         0  usenofp.o(x$fpl$usenofp)
    AHBPrescTable                            0x08004036   Data          16  system_stm32f4xx.o(.constdata)
    APBPrescTable                            0x08004046   Data           8  system_stm32f4xx.o(.constdata)
    Region$$Table$$Base                      0x08004050   Number         0  anon$$obj.o(Region$$Table)
    Region$$Table$$Limit                     0x08004070   Number         0  anon$$obj.o(Region$$Table)
    current_number                           0x20000000   Data           4  main.o(.data)
    tim6_counter_period                      0x20000004   Data           4  main.o(.data)
    speed                                    0x20000008   Data           4  main.o(.data)
    H1                                       0x2000000c   Data           1  main.o(.data)
    H2                                       0x2000000d   Data           1  main.o(.data)
    H3                                       0x2000000e   Data           1  main.o(.data)
    count_overflow                           0x20000010   Data           4  main.o(.data)
    mean_rate                                0x20000014   Data           4  main.o(.data)
    PMSM_PWM                                 0x20000018   Data           4  main.o(.data)
    timing                                   0x2000001c   Data           4  main.o(.data)
    direction                                0x20000020   Data           4  main.o(.data)
    new_direction                            0x20000024   Data           4  main.o(.data)
    TIM8_PSC                                 0x20000028   Data           1  main.o(.data)
    TIM6_PSC                                 0x20000029   Data           1  main.o(.data)
    IsOK                                     0x2000002a   Data           1  main.o(.data)
    help                                     0x2000002c   Data           4  main.o(.data)
    rate                                     0x20000030   Data           4  main.o(.data)
    prev_rate                                0x20000034   Data           4  main.o(.data)
    mean_rate_prev                           0x20000038   Data           4  main.o(.data)
    mean_rate_help                           0x2000003c   Data           4  main.o(.data)
    real_speed                               0x20000040   Data           4  main.o(.data)
    prev_real_speed                          0x20000044   Data           4  main.o(.data)
    set_PMSM_PWM_b                           0x20000048   Data           4  main.o(.data)
    min_rate                                 0x2000004c   Data           4  main.o(.data)
    set_timing                               0x20000050   Data           2  main.o(.data)
    set_PMSM_PWM                             0x20000054   Data           4  main.o(.data)
    trigger_position                         0x20000058   Data           2  main.o(.data)
    TxData                                   0x2000005a   Data           8  main.o(.data)
    RxData                                   0x20000062   Data           8  main.o(.data)
    TxMailbox                                0x2000006c   Data           4  main.o(.data)
    uwTick                                   0x20000074   Data           4  stm32f4xx_hal.o(.data)
    uwTickPrio                               0x20000078   Data           4  stm32f4xx_hal.o(.data)
    uwTickFreq                               0x2000007c   Data           1  stm32f4xx_hal.o(.data)
    SystemCoreClock                          0x20000080   Data           4  system_stm32f4xx.o(.data)
    hcan1                                    0x20000084   Data          40  main.o(.bss)
    hcan2                                    0x200000ac   Data          40  main.o(.bss)
    htim2                                    0x200000d4   Data          72  main.o(.bss)
    htim5                                    0x2000011c   Data          72  main.o(.bss)
    htim6                                    0x20000164   Data          72  main.o(.bss)
    htim7                                    0x200001ac   Data          72  main.o(.bss)
    htim8                                    0x200001f4   Data          72  main.o(.bss)
    htim9                                    0x2000023c   Data          72  main.o(.bss)
    TxHeader                                 0x20000284   Data          24  main.o(.bss)
    RxHeader                                 0x2000029c   Data          28  main.o(.bss)
    __libspace_start                         0x200002b8   Data          96  libspace.o(.bss)
    __temporary_stack_top$libspace           0x20000318   Data           0  libspace.o(.bss)



==============================================================================

Memory Map of the image

  Image Entry point : 0x08000189

  Load Region LR_IROM1 (Base: 0x08000000, Size: 0x000040f4, Max: 0x00100000, ABSOLUTE)

    Execution Region ER_IROM1 (Exec base: 0x08000000, Load base: 0x08000000, Size: 0x00004070, Max: 0x00100000, ABSOLUTE)

    Exec Addr    Load Addr    Size         Type   Attr      Idx    E Section Name        Object

    0x08000000   0x08000000   0x00000188   Data   RO            3    RESET               startup_stm32f405xx.o
    0x08000188   0x08000188   0x00000008   Code   RO         2884  * !!!main             c_w.l(__main.o)
    0x08000190   0x08000190   0x00000034   Code   RO         3082    !!!scatter          c_w.l(__scatter.o)
    0x080001c4   0x080001c4   0x0000001a   Code   RO         3084    !!handler_copy      c_w.l(__scatter_copy.o)
    0x080001de   0x080001de   0x00000002   PAD
    0x080001e0   0x080001e0   0x0000001c   Code   RO         3086    !!handler_zi        c_w.l(__scatter_zi.o)
    0x080001fc   0x080001fc   0x00000002   Code   RO         2950    .ARM.Collect$$libinit$$00000000  c_w.l(libinit.o)
    0x080001fe   0x080001fe   0x00000004   Code   RO         2962    .ARM.Collect$$libinit$$00000001  c_w.l(libinit2.o)
    0x08000202   0x08000202   0x00000000   Code   RO         2965    .ARM.Collect$$libinit$$00000004  c_w.l(libinit2.o)
    0x08000202   0x08000202   0x00000000   Code   RO         2968    .ARM.Collect$$libinit$$0000000A  c_w.l(libinit2.o)
    0x08000202   0x08000202   0x00000000   Code   RO         2970    .ARM.Collect$$libinit$$0000000C  c_w.l(libinit2.o)
    0x08000202   0x08000202   0x00000000   Code   RO         2972    .ARM.Collect$$libinit$$0000000E  c_w.l(libinit2.o)
    0x08000202   0x08000202   0x00000000   Code   RO         2975    .ARM.Collect$$libinit$$00000011  c_w.l(libinit2.o)
    0x08000202   0x08000202   0x00000000   Code   RO         2977    .ARM.Collect$$libinit$$00000013  c_w.l(libinit2.o)
    0x08000202   0x08000202   0x00000000   Code   RO         2979    .ARM.Collect$$libinit$$00000015  c_w.l(libinit2.o)
    0x08000202   0x08000202   0x00000000   Code   RO         2981    .ARM.Collect$$libinit$$00000017  c_w.l(libinit2.o)
    0x08000202   0x08000202   0x00000000   Code   RO         2983    .ARM.Collect$$libinit$$00000019  c_w.l(libinit2.o)
    0x08000202   0x08000202   0x00000000   Code   RO         2985    .ARM.Collect$$libinit$$0000001B  c_w.l(libinit2.o)
    0x08000202   0x08000202   0x00000000   Code   RO         2987    .ARM.Collect$$libinit$$0000001D  c_w.l(libinit2.o)
    0x08000202   0x08000202   0x00000000   Code   RO         2989    .ARM.Collect$$libinit$$0000001F  c_w.l(libinit2.o)
    0x08000202   0x08000202   0x00000000   Code   RO         2991    .ARM.Collect$$libinit$$00000021  c_w.l(libinit2.o)
    0x08000202   0x08000202   0x00000000   Code   RO         2993    .ARM.Collect$$libinit$$00000023  c_w.l(libinit2.o)
    0x08000202   0x08000202   0x00000000   Code   RO         2995    .ARM.Collect$$libinit$$00000025  c_w.l(libinit2.o)
    0x08000202   0x08000202   0x00000000   Code   RO         2999    .ARM.Collect$$libinit$$0000002C  c_w.l(libinit2.o)
    0x08000202   0x08000202   0x00000000   Code   RO         3001    .ARM.Collect$$libinit$$0000002E  c_w.l(libinit2.o)
    0x08000202   0x08000202   0x00000000   Code   RO         3003    .ARM.Collect$$libinit$$00000030  c_w.l(libinit2.o)
    0x08000202   0x08000202   0x00000000   Code   RO         3005    .ARM.Collect$$libinit$$00000032  c_w.l(libinit2.o)
    0x08000202   0x08000202   0x00000002   Code   RO         3006    .ARM.Collect$$libinit$$00000033  c_w.l(libinit2.o)
    0x08000204   0x08000204   0x00000002   Code   RO         3037    .ARM.Collect$$libshutdown$$00000000  c_w.l(libshutdown.o)
    0x08000206   0x08000206   0x00000000   Code   RO         3063    .ARM.Collect$$libshutdown$$00000002  c_w.l(libshutdown2.o)
    0x08000206   0x08000206   0x00000000   Code   RO         3065    .ARM.Collect$$libshutdown$$00000004  c_w.l(libshutdown2.o)
    0x08000206   0x08000206   0x00000000   Code   RO         3067    .ARM.Collect$$libshutdown$$00000006  c_w.l(libshutdown2.o)
    0x08000206   0x08000206   0x00000000   Code   RO         3070    .ARM.Collect$$libshutdown$$00000009  c_w.l(libshutdown2.o)
    0x08000206   0x08000206   0x00000000   Code   RO         3073    .ARM.Collect$$libshutdown$$0000000C  c_w.l(libshutdown2.o)
    0x08000206   0x08000206   0x00000000   Code   RO         3075    .ARM.Collect$$libshutdown$$0000000E  c_w.l(libshutdown2.o)
    0x08000206   0x08000206   0x00000000   Code   RO         3078    .ARM.Collect$$libshutdown$$00000011  c_w.l(libshutdown2.o)
    0x08000206   0x08000206   0x00000002   Code   RO         3079    .ARM.Collect$$libshutdown$$00000012  c_w.l(libshutdown2.o)
    0x08000208   0x08000208   0x00000000   Code   RO         2906    .ARM.Collect$$rtentry$$00000000  c_w.l(__rtentry.o)
    0x08000208   0x08000208   0x00000000   Code   RO         2921    .ARM.Collect$$rtentry$$00000002  c_w.l(__rtentry2.o)
    0x08000208   0x08000208   0x00000006   Code   RO         2933    .ARM.Collect$$rtentry$$00000004  c_w.l(__rtentry4.o)
    0x0800020e   0x0800020e   0x00000000   Code   RO         2923    .ARM.Collect$$rtentry$$00000009  c_w.l(__rtentry2.o)
    0x0800020e   0x0800020e   0x00000004   Code   RO         2924    .ARM.Collect$$rtentry$$0000000A  c_w.l(__rtentry2.o)
    0x08000212   0x08000212   0x00000000   Code   RO         2926    .ARM.Collect$$rtentry$$0000000C  c_w.l(__rtentry2.o)
    0x08000212   0x08000212   0x00000008   Code   RO         2927    .ARM.Collect$$rtentry$$0000000D  c_w.l(__rtentry2.o)
    0x0800021a   0x0800021a   0x00000002   Code   RO         2954    .ARM.Collect$$rtexit$$00000000  c_w.l(rtexit.o)
    0x0800021c   0x0800021c   0x00000000   Code   RO         3010    .ARM.Collect$$rtexit$$00000002  c_w.l(rtexit2.o)
    0x0800021c   0x0800021c   0x00000004   Code   RO         3011    .ARM.Collect$$rtexit$$00000003  c_w.l(rtexit2.o)
    0x08000220   0x08000220   0x00000006   Code   RO         3012    .ARM.Collect$$rtexit$$00000004  c_w.l(rtexit2.o)
    0x08000226   0x08000226   0x00000002   PAD
    0x08000228   0x08000228   0x00000040   Code   RO            4    .text               startup_stm32f405xx.o
    0x08000268   0x08000268   0x000000ee   Code   RO         2878    .text               c_w.l(lludivv7m.o)
    0x08000356   0x08000356   0x0000004e   Code   RO         2880    .text               c_w.l(rt_memclr_w.o)
    0x080003a4   0x080003a4   0x00000006   Code   RO         2882    .text               c_w.l(heapauxi.o)
    0x080003aa   0x080003aa   0x0000004a   Code   RO         2937    .text               c_w.l(sys_stackheap_outer.o)
    0x080003f4   0x080003f4   0x00000012   Code   RO         2939    .text               c_w.l(exit.o)
    0x08000406   0x08000406   0x00000002   PAD
    0x08000408   0x08000408   0x00000008   Code   RO         2951    .text               c_w.l(libspace.o)
    0x08000410   0x08000410   0x0000000c   Code   RO         3007    .text               c_w.l(sys_exit.o)
    0x0800041c   0x0800041c   0x00000002   Code   RO         3026    .text               c_w.l(use_no_semi.o)
    0x0800041e   0x0800041e   0x00000000   Code   RO         3028    .text               c_w.l(indicate_semi.o)
    0x0800041e   0x0800041e   0x00000004   Code   RO          268    i.BusFault_Handler  stm32f4xx_it.o
    0x08000422   0x08000422   0x00000002   PAD
    0x08000424   0x08000424   0x00000010   Code   RO          269    i.CAN1_RX0_IRQHandler  stm32f4xx_it.o
    0x08000434   0x08000434   0x00000010   Code   RO          270    i.CAN1_SCE_IRQHandler  stm32f4xx_it.o
    0x08000444   0x08000444   0x00000002   Code   RO          271    i.DebugMon_Handler  stm32f4xx_it.o
    0x08000446   0x08000446   0x00000006   Code   RO          183    i.Error_Handler     main.o
    0x0800044c   0x0800044c   0x00000002   Code   RO          448    i.HAL_CAN_ErrorCallback  stm32f4xx_hal_can.o
    0x0800044e   0x0800044e   0x0000024e   Code   RO          455    i.HAL_CAN_IRQHandler  stm32f4xx_hal_can.o
    0x0800069c   0x0800069c   0x00000174   Code   RO          456    i.HAL_CAN_Init      stm32f4xx_hal_can.o
    0x08000810   0x08000810   0x00000164   Code   RO          387    i.HAL_CAN_MspInit   stm32f4xx_hal_msp.o
    0x08000974   0x08000974   0x00000002   Code   RO          463    i.HAL_CAN_RxFifo0FullCallback  stm32f4xx_hal_can.o
    0x08000976   0x08000976   0x00000002   Code   RO          464    i.HAL_CAN_RxFifo0MsgPendingCallback  stm32f4xx_hal_can.o
    0x08000978   0x08000978   0x00000002   Code   RO          465    i.HAL_CAN_RxFifo1FullCallback  stm32f4xx_hal_can.o
    0x0800097a   0x0800097a   0x00000002   Code   RO          466    i.HAL_CAN_RxFifo1MsgPendingCallback  stm32f4xx_hal_can.o
    0x0800097c   0x0800097c   0x00000002   Code   RO          467    i.HAL_CAN_SleepCallback  stm32f4xx_hal_can.o
    0x0800097e   0x0800097e   0x00000002   Code   RO          470    i.HAL_CAN_TxMailbox0AbortCallback  stm32f4xx_hal_can.o
    0x08000980   0x08000980   0x00000002   Code   RO          471    i.HAL_CAN_TxMailbox0CompleteCallback  stm32f4xx_hal_can.o
    0x08000982   0x08000982   0x00000002   Code   RO          472    i.HAL_CAN_TxMailbox1AbortCallback  stm32f4xx_hal_can.o
    0x08000984   0x08000984   0x00000002   Code   RO          473    i.HAL_CAN_TxMailbox1CompleteCallback  stm32f4xx_hal_can.o
    0x08000986   0x08000986   0x00000002   Code   RO          474    i.HAL_CAN_TxMailbox2AbortCallback  stm32f4xx_hal_can.o
    0x08000988   0x08000988   0x00000002   Code   RO          475    i.HAL_CAN_TxMailbox2CompleteCallback  stm32f4xx_hal_can.o
    0x0800098a   0x0800098a   0x00000002   Code   RO          477    i.HAL_CAN_WakeUpFromRxMsgCallback  stm32f4xx_hal_can.o
    0x0800098c   0x0800098c   0x00000204   Code   RO         1076    i.HAL_GPIO_Init     stm32f4xx_hal_gpio.o
    0x08000b90   0x08000b90   0x0000000c   Code   RO         1080    i.HAL_GPIO_WritePin  stm32f4xx_hal_gpio.o
    0x08000b9c   0x08000b9c   0x0000000c   Code   RO         1613    i.HAL_GetTick       stm32f4xx_hal.o
    0x08000ba8   0x08000ba8   0x00000018   Code   RO         1619    i.HAL_IncTick       stm32f4xx_hal.o
    0x08000bc0   0x08000bc0   0x0000003c   Code   RO         1620    i.HAL_Init          stm32f4xx_hal.o
    0x08000bfc   0x08000bfc   0x0000004c   Code   RO         1621    i.HAL_InitTick      stm32f4xx_hal.o
    0x08000c48   0x08000c48   0x00000048   Code   RO          388    i.HAL_MspInit       stm32f4xx_hal_msp.o
    0x08000c90   0x08000c90   0x00000020   Code   RO         1465    i.HAL_NVIC_EnableIRQ  stm32f4xx_hal_cortex.o
    0x08000cb0   0x08000cb0   0x0000007c   Code   RO         1471    i.HAL_NVIC_SetPriority  stm32f4xx_hal_cortex.o
    0x08000d2c   0x08000d2c   0x00000028   Code   RO         1472    i.HAL_NVIC_SetPriorityGrouping  stm32f4xx_hal_cortex.o
    0x08000d54   0x08000d54   0x00000184   Code   RO          677    i.HAL_RCC_ClockConfig  stm32f4xx_hal_rcc.o
    0x08000ed8   0x08000ed8   0x000000b0   Code   RO          686    i.HAL_RCC_GetSysClockFreq  stm32f4xx_hal_rcc.o
    0x08000f88   0x08000f88   0x0000049c   Code   RO          689    i.HAL_RCC_OscConfig  stm32f4xx_hal_rcc.o
    0x08001424   0x08001424   0x00000034   Code   RO         1476    i.HAL_SYSTICK_Config  stm32f4xx_hal_cortex.o
    0x08001458   0x08001458   0x00000002   Code   RO         2575    i.HAL_TIMEx_BreakCallback  stm32f4xx_hal_tim_ex.o
    0x0800145a   0x0800145a   0x00000002   Code   RO         2576    i.HAL_TIMEx_CommutCallback  stm32f4xx_hal_tim_ex.o
    0x0800145c   0x0800145c   0x00000074   Code   RO         2578    i.HAL_TIMEx_ConfigBreakDeadTime  stm32f4xx_hal_tim_ex.o
    0x080014d0   0x080014d0   0x000000b4   Code   RO         2594    i.HAL_TIMEx_MasterConfigSynchronization  stm32f4xx_hal_tim_ex.o
    0x08001584   0x08001584   0x000000f4   Code   RO         2605    i.HAL_TIMEx_PWMN_Start  stm32f4xx_hal_tim_ex.o
    0x08001678   0x08001678   0x00000066   Code   RO         1860    i.HAL_TIM_Base_Init  stm32f4xx_hal_tim.o
    0x080016de   0x080016de   0x00000002   PAD
    0x080016e0   0x080016e0   0x0000023c   Code   RO          390    i.HAL_TIM_Base_MspInit  stm32f4xx_hal_msp.o
    0x0800191c   0x0800191c   0x000000a8   Code   RO         1865    i.HAL_TIM_Base_Start_IT  stm32f4xx_hal_tim.o
    0x080019c4   0x080019c4   0x00000108   Code   RO         1869    i.HAL_TIM_ConfigClockSource  stm32f4xx_hal_tim.o
    0x08001acc   0x08001acc   0x000001e4   Code   RO           13    i.HAL_TIM_IC_CaptureCallback  interrupt.o
    0x08001cb0   0x08001cb0   0x000000d4   Code   RO         1896    i.HAL_TIM_IC_ConfigChannel  stm32f4xx_hal_tim.o
    0x08001d84   0x08001d84   0x00000066   Code   RO         1899    i.HAL_TIM_IC_Init   stm32f4xx_hal_tim.o
    0x08001dea   0x08001dea   0x00000002   Code   RO         1901    i.HAL_TIM_IC_MspInit  stm32f4xx_hal_tim.o
    0x08001dec   0x08001dec   0x00000188   Code   RO         1904    i.HAL_TIM_IC_Start_IT  stm32f4xx_hal_tim.o
    0x08001f74   0x08001f74   0x00000196   Code   RO         1908    i.HAL_TIM_IRQHandler  stm32f4xx_hal_tim.o
    0x0800210a   0x0800210a   0x00000002   PAD
    0x0800210c   0x0800210c   0x000000dc   Code   RO          391    i.HAL_TIM_MspPostInit  stm32f4xx_hal_msp.o
    0x080021e8   0x080021e8   0x00000002   Code   RO         1911    i.HAL_TIM_OC_DelayElapsedCallback  stm32f4xx_hal_tim.o
    0x080021ea   0x080021ea   0x000000fc   Code   RO         1932    i.HAL_TIM_PWM_ConfigChannel  stm32f4xx_hal_tim.o
    0x080022e6   0x080022e6   0x00000066   Code   RO         1935    i.HAL_TIM_PWM_Init  stm32f4xx_hal_tim.o
    0x0800234c   0x0800234c   0x00000002   Code   RO         1937    i.HAL_TIM_PWM_MspInit  stm32f4xx_hal_tim.o
    0x0800234e   0x0800234e   0x00000002   Code   RO         1938    i.HAL_TIM_PWM_PulseFinishedCallback  stm32f4xx_hal_tim.o
    0x08002350   0x08002350   0x0000010c   Code   RO         1940    i.HAL_TIM_PWM_Start  stm32f4xx_hal_tim.o
    0x0800245c   0x0800245c   0x00000204   Code   RO           14    i.HAL_TIM_PeriodElapsedCallback  interrupt.o
    0x08002660   0x08002660   0x00000032   Code   RO         1948    i.HAL_TIM_ReadCapturedValue  stm32f4xx_hal_tim.o
    0x08002692   0x08002692   0x00000002   Code   RO         1951    i.HAL_TIM_TriggerCallback  stm32f4xx_hal_tim.o
    0x08002694   0x08002694   0x00000004   Code   RO          272    i.HardFault_Handler  stm32f4xx_it.o
    0x08002698   0x08002698   0x00000044   Code   RO          184    i.MX_CAN1_Init      main.o
    0x080026dc   0x080026dc   0x00000038   Code   RO          185    i.MX_CAN2_Init      main.o
    0x08002714   0x08002714   0x000000b4   Code   RO          186    i.MX_GPIO_Init      main.o
    0x080027c8   0x080027c8   0x000000b8   Code   RO          187    i.MX_TIM2_Init      main.o
    0x08002880   0x08002880   0x000000bc   Code   RO          188    i.MX_TIM5_Init      main.o
    0x0800293c   0x0800293c   0x0000004c   Code   RO          189    i.MX_TIM6_Init      main.o
    0x08002988   0x08002988   0x0000004c   Code   RO          190    i.MX_TIM7_Init      main.o
    0x080029d4   0x080029d4   0x000000fc   Code   RO          191    i.MX_TIM8_Init      main.o
    0x08002ad0   0x08002ad0   0x000000a4   Code   RO          192    i.MX_TIM9_Init      main.o
    0x08002b74   0x08002b74   0x00000004   Code   RO          273    i.MemManage_Handler  stm32f4xx_it.o
    0x08002b78   0x08002b78   0x00000004   Code   RO          274    i.NMI_Handler       stm32f4xx_it.o
    0x08002b7c   0x08002b7c   0x00000002   Code   RO          275    i.PendSV_Handler    stm32f4xx_it.o
    0x08002b7e   0x08002b7e   0x00000002   Code   RO          276    i.SVC_Handler       stm32f4xx_it.o
    0x08002b80   0x08002b80   0x00000008   Code   RO          277    i.SysTick_Handler   stm32f4xx_it.o
    0x08002b88   0x08002b88   0x000000b4   Code   RO          193    i.SystemClock_Config  main.o
    0x08002c3c   0x08002c3c   0x00000014   Code   RO         2843    i.SystemInit        system_stm32f4xx.o
    0x08002c50   0x08002c50   0x00000010   Code   RO          278    i.TIM1_BRK_TIM9_IRQHandler  stm32f4xx_it.o
    0x08002c60   0x08002c60   0x00000010   Code   RO          279    i.TIM2_IRQHandler   stm32f4xx_it.o
    0x08002c70   0x08002c70   0x00000010   Code   RO          280    i.TIM5_IRQHandler   stm32f4xx_it.o
    0x08002c80   0x08002c80   0x00000010   Code   RO          281    i.TIM6_DAC_IRQHandler  stm32f4xx_it.o
    0x08002c90   0x08002c90   0x00000010   Code   RO          282    i.TIM7_IRQHandler   stm32f4xx_it.o
    0x08002ca0   0x08002ca0   0x000000d8   Code   RO         1953    i.TIM_Base_SetConfig  stm32f4xx_hal_tim.o
    0x08002d78   0x08002d78   0x00000022   Code   RO         1954    i.TIM_CCxChannelCmd  stm32f4xx_hal_tim.o
    0x08002d9a   0x08002d9a   0x00000022   Code   RO         2614    i.TIM_CCxNChannelCmd  stm32f4xx_hal_tim_ex.o
    0x08002dbc   0x08002dbc   0x00000016   Code   RO         1964    i.TIM_ETR_SetConfig  stm32f4xx_hal_tim.o
    0x08002dd2   0x08002dd2   0x00000012   Code   RO         1965    i.TIM_ITRx_SetConfig  stm32f4xx_hal_tim.o
    0x08002de4   0x08002de4   0x00000070   Code   RO         1966    i.TIM_OC1_SetConfig  stm32f4xx_hal_tim.o
    0x08002e54   0x08002e54   0x0000007c   Code   RO         1967    i.TIM_OC2_SetConfig  stm32f4xx_hal_tim.o
    0x08002ed0   0x08002ed0   0x00000078   Code   RO         1968    i.TIM_OC3_SetConfig  stm32f4xx_hal_tim.o
    0x08002f48   0x08002f48   0x00000054   Code   RO         1969    i.TIM_OC4_SetConfig  stm32f4xx_hal_tim.o
    0x08002f9c   0x08002f9c   0x00000026   Code   RO         1971    i.TIM_TI1_ConfigInputStage  stm32f4xx_hal_tim.o
    0x08002fc2   0x08002fc2   0x00000002   PAD
    0x08002fc4   0x08002fc4   0x00000090   Code   RO         1972    i.TIM_TI1_SetConfig  stm32f4xx_hal_tim.o
    0x08003054   0x08003054   0x00000028   Code   RO         1973    i.TIM_TI2_ConfigInputStage  stm32f4xx_hal_tim.o
    0x0800307c   0x0800307c   0x0000003a   Code   RO         1974    i.TIM_TI2_SetConfig  stm32f4xx_hal_tim.o
    0x080030b6   0x080030b6   0x00000038   Code   RO         1975    i.TIM_TI3_SetConfig  stm32f4xx_hal_tim.o
    0x080030ee   0x080030ee   0x0000003c   Code   RO         1976    i.TIM_TI4_SetConfig  stm32f4xx_hal_tim.o
    0x0800312a   0x0800312a   0x00000004   Code   RO          283    i.UsageFault_Handler  stm32f4xx_it.o
    0x0800312e   0x0800312e   0x00000002   PAD
    0x08003130   0x08003130   0x00000010   Code   RO         1478    i.__NVIC_GetPriorityGrouping  stm32f4xx_hal_cortex.o
    0x08003140   0x08003140   0x00000028   Code   RO         1479    i.__NVIC_SetPriority  stm32f4xx_hal_cortex.o
    0x08003168   0x08003168   0x0000007c   Code   RO           15    i.change_rotation   interrupt.o
    0x080031e4   0x080031e4   0x00000048   Code   RO           16    i.correct_PMSM_PWM_parametrs  interrupt.o
    0x0800322c   0x0800322c   0x00000034   Code   RO           17    i.correct_set_PMSM_PWM_parametrs  interrupt.o
    0x08003260   0x08003260   0x00000048   Code   RO           18    i.correct_timings   interrupt.o
    0x080032a8   0x080032a8   0x000000cc   Code   RO          194    i.main              main.o
    0x08003374   0x08003374   0x00000054   Code   RO           19    i.protection_against_incorrect_parameters  interrupt.o
    0x080033c8   0x080033c8   0x000000a4   Code   RO           20    i.set_timings_PMSM_PWM  interrupt.o
    0x0800346c   0x0800346c   0x00000062   Code   RO         2886    x$fpl$d2f           fz_wm.l(d2f.o)
    0x080034ce   0x080034ce   0x00000002   PAD
    0x080034d0   0x080034d0   0x00000150   Code   RO         2888    x$fpl$dadd          fz_wm.l(daddsub_clz.o)
    0x08003620   0x08003620   0x000002b0   Code   RO         2895    x$fpl$ddiv          fz_wm.l(ddiv.o)
    0x080038d0   0x080038d0   0x0000005e   Code   RO         2898    x$fpl$dfix          fz_wm.l(dfix.o)
    0x0800392e   0x0800392e   0x00000002   PAD
    0x08003930   0x08003930   0x00000154   Code   RO         2902    x$fpl$dmul          fz_wm.l(dmul.o)
    0x08003a84   0x08003a84   0x0000009c   Code   RO         2911    x$fpl$dnaninf       fz_wm.l(dnaninf.o)
    0x08003b20   0x08003b20   0x0000000c   Code   RO         2913    x$fpl$dretinf       fz_wm.l(dretinf.o)
    0x08003b2c   0x08003b2c   0x000001d4   Code   RO         2890    x$fpl$dsub          fz_wm.l(daddsub_clz.o)
    0x08003d00   0x08003d00   0x00000056   Code   RO         2904    x$fpl$f2d           fz_wm.l(f2d.o)
    0x08003d56   0x08003d56   0x0000008c   Code   RO         2915    x$fpl$fnaninf       fz_wm.l(fnaninf.o)
    0x08003de2   0x08003de2   0x0000000a   Code   RO         3022    x$fpl$fpinit        fz_wm.l(fpinit.o)
    0x08003dec   0x08003dec   0x0000000a   Code   RO         2917    x$fpl$fretinf       fz_wm.l(fretinf.o)
    0x08003df6   0x08003df6   0x00000000   Code   RO         2919    x$fpl$usenofp       fz_wm.l(usenofp.o)
    0x08003df6   0x08003df6   0x00000240   Data   RO           21    .constdata          interrupt.o
    0x08004036   0x08004036   0x00000018   Data   RO         2844    .constdata          system_stm32f4xx.o
    0x0800404e   0x0800404e   0x00000002   PAD
    0x08004050   0x08004050   0x00000020   Data   RO         3080    Region$$Table       anon$$obj.o


    Execution Region RW_IRAM2 (Exec base: 0x10000000, Load base: 0x080040f4, Size: 0x00000000, Max: 0x00010000, ABSOLUTE)

    **** No section assigned to this execution region ****


    Execution Region RW_IRAM1 (Exec base: 0x20000000, Load base: 0x08004070, Size: 0x00000918, Max: 0x00020000, ABSOLUTE)

    Exec Addr    Load Addr    Size         Type   Attr      Idx    E Section Name        Object

    0x20000000   0x08004070   0x00000070   Data   RW          196    .data               main.o
    0x20000070   0x080040e0   0x00000004   Data   RW          392    .data               stm32f4xx_hal_msp.o
    0x20000074   0x080040e4   0x00000009   Data   RW         1627    .data               stm32f4xx_hal.o
    0x2000007d   0x080040ed   0x00000003   PAD
    0x20000080   0x080040f0   0x00000004   Data   RW         2845    .data               system_stm32f4xx.o
    0x20000084        -       0x00000234   Zero   RW          195    .bss                main.o
    0x200002b8        -       0x00000060   Zero   RW         2952    .bss                c_w.l(libspace.o)
    0x20000318        -       0x00000200   Zero   RW            2    HEAP                startup_stm32f405xx.o
    0x20000518        -       0x00000400   Zero   RW            1    STACK               startup_stm32f405xx.o


==============================================================================

Image component sizes


      Code (inc. data)   RO Data    RW Data    ZI Data      Debug   Object Name

      1568        266        576          0          0     647348   interrupt.o
      1634        118          0        112        564       9064   main.o
        64         26        392          0       1536        840   startup_stm32f405xx.o
       172         32          0          9          0       8733   stm32f4xx_hal.o
       988          0          0          0          0      10335   stm32f4xx_hal_can.o
       304         22          0          0          0      34435   stm32f4xx_hal_cortex.o
       528         46          0          0          0       2100   stm32f4xx_hal_gpio.o
      1220         80          0          4          0       3957   stm32f4xx_hal_msp.o
      1744         58          0          0          0       3884   stm32f4xx_hal_rcc.o
      3454        200          0          0          0      22795   stm32f4xx_hal_tim.o
       578         60          0          0          0       4844   stm32f4xx_hal_tim_ex.o
       146         42          0          0          0       7673   stm32f4xx_it.o
        20          6         24          4          0       1123   system_stm32f4xx.o

    ----------------------------------------------------------------------
     12430        956       1026        132       2100     757131   Object Totals
         0          0         32          0          0          0   (incl. Generated)
        10          0          2          3          0          0   (incl. Padding)

    ----------------------------------------------------------------------

      Code (inc. data)   RO Data    RW Data    ZI Data      Debug   Library Member Name

         8          0          0          0          0         68   __main.o
         0          0          0          0          0          0   __rtentry.o
        12          0          0          0          0          0   __rtentry2.o
         6          0          0          0          0          0   __rtentry4.o
        52          8          0          0          0          0   __scatter.o
        26          0          0          0          0          0   __scatter_copy.o
        28          0          0          0          0          0   __scatter_zi.o
        18          0          0          0          0         80   exit.o
         6          0          0          0          0        152   heapauxi.o
         0          0          0          0          0          0   indicate_semi.o
         2          0          0          0          0          0   libinit.o
         6          0          0          0          0          0   libinit2.o
         2          0          0          0          0          0   libshutdown.o
         2          0          0          0          0          0   libshutdown2.o
         8          4          0          0         96         68   libspace.o
       238          0          0          0          0        100   lludivv7m.o
        78          0          0          0          0         80   rt_memclr_w.o
         2          0          0          0          0          0   rtexit.o
        10          0          0          0          0          0   rtexit2.o
        12          4          0          0          0         68   sys_exit.o
        74          0          0          0          0         80   sys_stackheap_outer.o
         2          0          0          0          0         68   use_no_semi.o
        98          4          0          0          0        140   d2f.o
       804         16          0          0          0        368   daddsub_clz.o
       688        140          0          0          0        256   ddiv.o
        94          4          0          0          0        140   dfix.o
       340         12          0          0          0        152   dmul.o
       156          4          0          0          0        140   dnaninf.o
        12          0          0          0          0        116   dretinf.o
        86          4          0          0          0        132   f2d.o
       140          4          0          0          0        132   fnaninf.o
        10          0          0          0          0        116   fpinit.o
        10          0          0          0          0        116   fretinf.o
         0          0          0          0          0          0   usenofp.o

    ----------------------------------------------------------------------
      3040        204          0          0         96       2572   Library Totals
        10          0          0          0          0          0   (incl. Padding)

    ----------------------------------------------------------------------

      Code (inc. data)   RO Data    RW Data    ZI Data      Debug   Library Name

       592         16          0          0         96        764   c_w.l
      2438        188          0          0          0       1808   fz_wm.l

    ----------------------------------------------------------------------
      3040        204          0          0         96       2572   Library Totals

    ----------------------------------------------------------------------

==============================================================================


      Code (inc. data)   RO Data    RW Data    ZI Data      Debug   

     15470       1160       1026        132       2196     748243   Grand Totals
     15470       1160       1026        132       2196     748243   ELF Image Totals
     15470       1160       1026        132          0          0   ROM Totals

==============================================================================

    Total RO  Size (Code + RO Data)                16496 (  16.11kB)
    Total RW  Size (RW Data + ZI Data)              2328 (   2.27kB)
    Total ROM Size (Code + RO Data + RW Data)      16628 (  16.24kB)

==============================================================================

