C:/Users/BUNAKO~1/AppData/Local/VisualGDB/EmbeddedBSPs/arm-eabi/com.sysprogs.arm.stm32/STM32F4xxxx/StartupFiles/startup_stm32f429xx.c:24:36:NMI_Handler	0	static
C:/Users/BUNAKO~1/AppData/Local/VisualGDB/EmbeddedBSPs/arm-eabi/com.sysprogs.arm.stm32/STM32F4xxxx/StartupFiles/startup_stm32f429xx.c:32:36:HardFault_Handler	0	static
C:/Users/BUNAKO~1/AppData/Local/VisualGDB/EmbeddedBSPs/arm-eabi/com.sysprogs.arm.stm32/STM32F4xxxx/StartupFiles/startup_stm32f429xx.c:40:36:MemManage_Handler	0	static
C:/Users/BUNAKO~1/AppData/Local/VisualGDB/EmbeddedBSPs/arm-eabi/com.sysprogs.arm.stm32/STM32F4xxxx/StartupFiles/startup_stm32f429xx.c:48:36:BusFault_Handler	0	static
C:/Users/BUNAKO~1/AppData/Local/VisualGDB/EmbeddedBSPs/arm-eabi/com.sysprogs.arm.stm32/STM32F4xxxx/StartupFiles/startup_stm32f429xx.c:56:36:UsageFault_Handler	0	static
C:/Users/BUNAKO~1/AppData/Local/VisualGDB/EmbeddedBSPs/arm-eabi/com.sysprogs.arm.stm32/STM32F4xxxx/StartupFiles/startup_stm32f429xx.c:64:36:SVC_Handler	0	static
C:/Users/BUNAKO~1/AppData/Local/VisualGDB/EmbeddedBSPs/arm-eabi/com.sysprogs.arm.stm32/STM32F4xxxx/StartupFiles/startup_stm32f429xx.c:72:36:DebugMon_Handler	0	static
C:/Users/BUNAKO~1/AppData/Local/VisualGDB/EmbeddedBSPs/arm-eabi/com.sysprogs.arm.stm32/STM32F4xxxx/StartupFiles/startup_stm32f429xx.c:80:36:PendSV_Handler	0	static
C:/Users/BUNAKO~1/AppData/Local/VisualGDB/EmbeddedBSPs/arm-eabi/com.sysprogs.arm.stm32/STM32F4xxxx/StartupFiles/startup_stm32f429xx.c:88:36:SysTick_Handler	0	static
C:/Users/BUNAKO~1/AppData/Local/VisualGDB/EmbeddedBSPs/arm-eabi/com.sysprogs.arm.stm32/STM32F4xxxx/StartupFiles/startup_stm32f429xx.c:96:36:WWDG_IRQHandler	0	static
C:/Users/BUNAKO~1/AppData/Local/VisualGDB/EmbeddedBSPs/arm-eabi/com.sysprogs.arm.stm32/STM32F4xxxx/StartupFiles/startup_stm32f429xx.c:104:36:PVD_IRQHandler	0	static
C:/Users/BUNAKO~1/AppData/Local/VisualGDB/EmbeddedBSPs/arm-eabi/com.sysprogs.arm.stm32/STM32F4xxxx/StartupFiles/startup_stm32f429xx.c:112:36:TAMP_STAMP_IRQHandler	0	static
C:/Users/BUNAKO~1/AppData/Local/VisualGDB/EmbeddedBSPs/arm-eabi/com.sysprogs.arm.stm32/STM32F4xxxx/StartupFiles/startup_stm32f429xx.c:120:36:RTC_WKUP_IRQHandler	0	static
C:/Users/BUNAKO~1/AppData/Local/VisualGDB/EmbeddedBSPs/arm-eabi/com.sysprogs.arm.stm32/STM32F4xxxx/StartupFiles/startup_stm32f429xx.c:128:36:FLASH_IRQHandler	0	static
C:/Users/BUNAKO~1/AppData/Local/VisualGDB/EmbeddedBSPs/arm-eabi/com.sysprogs.arm.stm32/STM32F4xxxx/StartupFiles/startup_stm32f429xx.c:136:36:RCC_IRQHandler	0	static
C:/Users/BUNAKO~1/AppData/Local/VisualGDB/EmbeddedBSPs/arm-eabi/com.sysprogs.arm.stm32/STM32F4xxxx/StartupFiles/startup_stm32f429xx.c:144:36:EXTI0_IRQHandler	0	static
C:/Users/BUNAKO~1/AppData/Local/VisualGDB/EmbeddedBSPs/arm-eabi/com.sysprogs.arm.stm32/STM32F4xxxx/StartupFiles/startup_stm32f429xx.c:152:36:EXTI1_IRQHandler	0	static
C:/Users/BUNAKO~1/AppData/Local/VisualGDB/EmbeddedBSPs/arm-eabi/com.sysprogs.arm.stm32/STM32F4xxxx/StartupFiles/startup_stm32f429xx.c:160:36:EXTI2_IRQHandler	0	static
C:/Users/BUNAKO~1/AppData/Local/VisualGDB/EmbeddedBSPs/arm-eabi/com.sysprogs.arm.stm32/STM32F4xxxx/StartupFiles/startup_stm32f429xx.c:168:36:EXTI3_IRQHandler	0	static
C:/Users/BUNAKO~1/AppData/Local/VisualGDB/EmbeddedBSPs/arm-eabi/com.sysprogs.arm.stm32/STM32F4xxxx/StartupFiles/startup_stm32f429xx.c:176:36:EXTI4_IRQHandler	0	static
C:/Users/BUNAKO~1/AppData/Local/VisualGDB/EmbeddedBSPs/arm-eabi/com.sysprogs.arm.stm32/STM32F4xxxx/StartupFiles/startup_stm32f429xx.c:184:36:DMA1_Stream0_IRQHandler	0	static
C:/Users/BUNAKO~1/AppData/Local/VisualGDB/EmbeddedBSPs/arm-eabi/com.sysprogs.arm.stm32/STM32F4xxxx/StartupFiles/startup_stm32f429xx.c:192:36:DMA1_Stream1_IRQHandler	0	static
C:/Users/BUNAKO~1/AppData/Local/VisualGDB/EmbeddedBSPs/arm-eabi/com.sysprogs.arm.stm32/STM32F4xxxx/StartupFiles/startup_stm32f429xx.c:200:36:DMA1_Stream2_IRQHandler	0	static
C:/Users/BUNAKO~1/AppData/Local/VisualGDB/EmbeddedBSPs/arm-eabi/com.sysprogs.arm.stm32/STM32F4xxxx/StartupFiles/startup_stm32f429xx.c:208:36:DMA1_Stream3_IRQHandler	0	static
C:/Users/BUNAKO~1/AppData/Local/VisualGDB/EmbeddedBSPs/arm-eabi/com.sysprogs.arm.stm32/STM32F4xxxx/StartupFiles/startup_stm32f429xx.c:216:36:DMA1_Stream4_IRQHandler	0	static
C:/Users/BUNAKO~1/AppData/Local/VisualGDB/EmbeddedBSPs/arm-eabi/com.sysprogs.arm.stm32/STM32F4xxxx/StartupFiles/startup_stm32f429xx.c:224:36:DMA1_Stream5_IRQHandler	0	static
C:/Users/BUNAKO~1/AppData/Local/VisualGDB/EmbeddedBSPs/arm-eabi/com.sysprogs.arm.stm32/STM32F4xxxx/StartupFiles/startup_stm32f429xx.c:232:36:DMA1_Stream6_IRQHandler	0	static
C:/Users/BUNAKO~1/AppData/Local/VisualGDB/EmbeddedBSPs/arm-eabi/com.sysprogs.arm.stm32/STM32F4xxxx/StartupFiles/startup_stm32f429xx.c:240:36:ADC_IRQHandler	0	static
C:/Users/BUNAKO~1/AppData/Local/VisualGDB/EmbeddedBSPs/arm-eabi/com.sysprogs.arm.stm32/STM32F4xxxx/StartupFiles/startup_stm32f429xx.c:248:36:CAN1_TX_IRQHandler	0	static
C:/Users/BUNAKO~1/AppData/Local/VisualGDB/EmbeddedBSPs/arm-eabi/com.sysprogs.arm.stm32/STM32F4xxxx/StartupFiles/startup_stm32f429xx.c:256:36:CAN1_RX0_IRQHandler	0	static
C:/Users/BUNAKO~1/AppData/Local/VisualGDB/EmbeddedBSPs/arm-eabi/com.sysprogs.arm.stm32/STM32F4xxxx/StartupFiles/startup_stm32f429xx.c:264:36:CAN1_RX1_IRQHandler	0	static
C:/Users/BUNAKO~1/AppData/Local/VisualGDB/EmbeddedBSPs/arm-eabi/com.sysprogs.arm.stm32/STM32F4xxxx/StartupFiles/startup_stm32f429xx.c:272:36:CAN1_SCE_IRQHandler	0	static
C:/Users/BUNAKO~1/AppData/Local/VisualGDB/EmbeddedBSPs/arm-eabi/com.sysprogs.arm.stm32/STM32F4xxxx/StartupFiles/startup_stm32f429xx.c:280:36:EXTI9_5_IRQHandler	0	static
C:/Users/BUNAKO~1/AppData/Local/VisualGDB/EmbeddedBSPs/arm-eabi/com.sysprogs.arm.stm32/STM32F4xxxx/StartupFiles/startup_stm32f429xx.c:288:36:TIM1_BRK_TIM9_IRQHandler	0	static
C:/Users/BUNAKO~1/AppData/Local/VisualGDB/EmbeddedBSPs/arm-eabi/com.sysprogs.arm.stm32/STM32F4xxxx/StartupFiles/startup_stm32f429xx.c:296:36:TIM1_UP_TIM10_IRQHandler	0	static
C:/Users/BUNAKO~1/AppData/Local/VisualGDB/EmbeddedBSPs/arm-eabi/com.sysprogs.arm.stm32/STM32F4xxxx/StartupFiles/startup_stm32f429xx.c:304:36:TIM1_TRG_COM_TIM11_IRQHandler	0	static
C:/Users/BUNAKO~1/AppData/Local/VisualGDB/EmbeddedBSPs/arm-eabi/com.sysprogs.arm.stm32/STM32F4xxxx/StartupFiles/startup_stm32f429xx.c:312:36:TIM1_CC_IRQHandler	0	static
C:/Users/BUNAKO~1/AppData/Local/VisualGDB/EmbeddedBSPs/arm-eabi/com.sysprogs.arm.stm32/STM32F4xxxx/StartupFiles/startup_stm32f429xx.c:320:36:TIM2_IRQHandler	0	static
C:/Users/BUNAKO~1/AppData/Local/VisualGDB/EmbeddedBSPs/arm-eabi/com.sysprogs.arm.stm32/STM32F4xxxx/StartupFiles/startup_stm32f429xx.c:328:36:TIM3_IRQHandler	0	static
C:/Users/BUNAKO~1/AppData/Local/VisualGDB/EmbeddedBSPs/arm-eabi/com.sysprogs.arm.stm32/STM32F4xxxx/StartupFiles/startup_stm32f429xx.c:336:36:TIM4_IRQHandler	0	static
C:/Users/BUNAKO~1/AppData/Local/VisualGDB/EmbeddedBSPs/arm-eabi/com.sysprogs.arm.stm32/STM32F4xxxx/StartupFiles/startup_stm32f429xx.c:344:36:I2C1_EV_IRQHandler	0	static
C:/Users/BUNAKO~1/AppData/Local/VisualGDB/EmbeddedBSPs/arm-eabi/com.sysprogs.arm.stm32/STM32F4xxxx/StartupFiles/startup_stm32f429xx.c:352:36:I2C1_ER_IRQHandler	0	static
C:/Users/BUNAKO~1/AppData/Local/VisualGDB/EmbeddedBSPs/arm-eabi/com.sysprogs.arm.stm32/STM32F4xxxx/StartupFiles/startup_stm32f429xx.c:360:36:I2C2_EV_IRQHandler	0	static
C:/Users/BUNAKO~1/AppData/Local/VisualGDB/EmbeddedBSPs/arm-eabi/com.sysprogs.arm.stm32/STM32F4xxxx/StartupFiles/startup_stm32f429xx.c:368:36:I2C2_ER_IRQHandler	0	static
C:/Users/BUNAKO~1/AppData/Local/VisualGDB/EmbeddedBSPs/arm-eabi/com.sysprogs.arm.stm32/STM32F4xxxx/StartupFiles/startup_stm32f429xx.c:376:36:SPI1_IRQHandler	0	static
C:/Users/BUNAKO~1/AppData/Local/VisualGDB/EmbeddedBSPs/arm-eabi/com.sysprogs.arm.stm32/STM32F4xxxx/StartupFiles/startup_stm32f429xx.c:384:36:SPI2_IRQHandler	0	static
C:/Users/BUNAKO~1/AppData/Local/VisualGDB/EmbeddedBSPs/arm-eabi/com.sysprogs.arm.stm32/STM32F4xxxx/StartupFiles/startup_stm32f429xx.c:392:36:USART1_IRQHandler	0	static
C:/Users/BUNAKO~1/AppData/Local/VisualGDB/EmbeddedBSPs/arm-eabi/com.sysprogs.arm.stm32/STM32F4xxxx/StartupFiles/startup_stm32f429xx.c:400:36:USART2_IRQHandler	0	static
C:/Users/BUNAKO~1/AppData/Local/VisualGDB/EmbeddedBSPs/arm-eabi/com.sysprogs.arm.stm32/STM32F4xxxx/StartupFiles/startup_stm32f429xx.c:408:36:USART3_IRQHandler	0	static
C:/Users/BUNAKO~1/AppData/Local/VisualGDB/EmbeddedBSPs/arm-eabi/com.sysprogs.arm.stm32/STM32F4xxxx/StartupFiles/startup_stm32f429xx.c:416:36:EXTI15_10_IRQHandler	0	static
C:/Users/BUNAKO~1/AppData/Local/VisualGDB/EmbeddedBSPs/arm-eabi/com.sysprogs.arm.stm32/STM32F4xxxx/StartupFiles/startup_stm32f429xx.c:424:36:RTC_Alarm_IRQHandler	0	static
C:/Users/BUNAKO~1/AppData/Local/VisualGDB/EmbeddedBSPs/arm-eabi/com.sysprogs.arm.stm32/STM32F4xxxx/StartupFiles/startup_stm32f429xx.c:432:36:OTG_FS_WKUP_IRQHandler	0	static
C:/Users/BUNAKO~1/AppData/Local/VisualGDB/EmbeddedBSPs/arm-eabi/com.sysprogs.arm.stm32/STM32F4xxxx/StartupFiles/startup_stm32f429xx.c:440:36:TIM8_BRK_TIM12_IRQHandler	0	static
C:/Users/BUNAKO~1/AppData/Local/VisualGDB/EmbeddedBSPs/arm-eabi/com.sysprogs.arm.stm32/STM32F4xxxx/StartupFiles/startup_stm32f429xx.c:448:36:TIM8_UP_TIM13_IRQHandler	0	static
C:/Users/BUNAKO~1/AppData/Local/VisualGDB/EmbeddedBSPs/arm-eabi/com.sysprogs.arm.stm32/STM32F4xxxx/StartupFiles/startup_stm32f429xx.c:456:36:TIM8_TRG_COM_TIM14_IRQHandler	0	static
C:/Users/BUNAKO~1/AppData/Local/VisualGDB/EmbeddedBSPs/arm-eabi/com.sysprogs.arm.stm32/STM32F4xxxx/StartupFiles/startup_stm32f429xx.c:464:36:TIM8_CC_IRQHandler	0	static
C:/Users/BUNAKO~1/AppData/Local/VisualGDB/EmbeddedBSPs/arm-eabi/com.sysprogs.arm.stm32/STM32F4xxxx/StartupFiles/startup_stm32f429xx.c:472:36:DMA1_Stream7_IRQHandler	0	static
C:/Users/BUNAKO~1/AppData/Local/VisualGDB/EmbeddedBSPs/arm-eabi/com.sysprogs.arm.stm32/STM32F4xxxx/StartupFiles/startup_stm32f429xx.c:480:36:FMC_IRQHandler	0	static
C:/Users/BUNAKO~1/AppData/Local/VisualGDB/EmbeddedBSPs/arm-eabi/com.sysprogs.arm.stm32/STM32F4xxxx/StartupFiles/startup_stm32f429xx.c:488:36:SDIO_IRQHandler	0	static
C:/Users/BUNAKO~1/AppData/Local/VisualGDB/EmbeddedBSPs/arm-eabi/com.sysprogs.arm.stm32/STM32F4xxxx/StartupFiles/startup_stm32f429xx.c:496:36:TIM5_IRQHandler	0	static
C:/Users/BUNAKO~1/AppData/Local/VisualGDB/EmbeddedBSPs/arm-eabi/com.sysprogs.arm.stm32/STM32F4xxxx/StartupFiles/startup_stm32f429xx.c:504:36:SPI3_IRQHandler	0	static
C:/Users/BUNAKO~1/AppData/Local/VisualGDB/EmbeddedBSPs/arm-eabi/com.sysprogs.arm.stm32/STM32F4xxxx/StartupFiles/startup_stm32f429xx.c:512:36:UART4_IRQHandler	0	static
C:/Users/BUNAKO~1/AppData/Local/VisualGDB/EmbeddedBSPs/arm-eabi/com.sysprogs.arm.stm32/STM32F4xxxx/StartupFiles/startup_stm32f429xx.c:520:36:UART5_IRQHandler	0	static
C:/Users/BUNAKO~1/AppData/Local/VisualGDB/EmbeddedBSPs/arm-eabi/com.sysprogs.arm.stm32/STM32F4xxxx/StartupFiles/startup_stm32f429xx.c:528:36:TIM6_DAC_IRQHandler	0	static
C:/Users/BUNAKO~1/AppData/Local/VisualGDB/EmbeddedBSPs/arm-eabi/com.sysprogs.arm.stm32/STM32F4xxxx/StartupFiles/startup_stm32f429xx.c:536:36:TIM7_IRQHandler	0	static
C:/Users/BUNAKO~1/AppData/Local/VisualGDB/EmbeddedBSPs/arm-eabi/com.sysprogs.arm.stm32/STM32F4xxxx/StartupFiles/startup_stm32f429xx.c:544:36:DMA2_Stream0_IRQHandler	0	static
C:/Users/BUNAKO~1/AppData/Local/VisualGDB/EmbeddedBSPs/arm-eabi/com.sysprogs.arm.stm32/STM32F4xxxx/StartupFiles/startup_stm32f429xx.c:552:36:DMA2_Stream1_IRQHandler	0	static
C:/Users/BUNAKO~1/AppData/Local/VisualGDB/EmbeddedBSPs/arm-eabi/com.sysprogs.arm.stm32/STM32F4xxxx/StartupFiles/startup_stm32f429xx.c:560:36:DMA2_Stream2_IRQHandler	0	static
C:/Users/BUNAKO~1/AppData/Local/VisualGDB/EmbeddedBSPs/arm-eabi/com.sysprogs.arm.stm32/STM32F4xxxx/StartupFiles/startup_stm32f429xx.c:568:36:DMA2_Stream3_IRQHandler	0	static
C:/Users/BUNAKO~1/AppData/Local/VisualGDB/EmbeddedBSPs/arm-eabi/com.sysprogs.arm.stm32/STM32F4xxxx/StartupFiles/startup_stm32f429xx.c:576:36:DMA2_Stream4_IRQHandler	0	static
C:/Users/BUNAKO~1/AppData/Local/VisualGDB/EmbeddedBSPs/arm-eabi/com.sysprogs.arm.stm32/STM32F4xxxx/StartupFiles/startup_stm32f429xx.c:584:36:ETH_IRQHandler	0	static
C:/Users/BUNAKO~1/AppData/Local/VisualGDB/EmbeddedBSPs/arm-eabi/com.sysprogs.arm.stm32/STM32F4xxxx/StartupFiles/startup_stm32f429xx.c:592:36:ETH_WKUP_IRQHandler	0	static
C:/Users/BUNAKO~1/AppData/Local/VisualGDB/EmbeddedBSPs/arm-eabi/com.sysprogs.arm.stm32/STM32F4xxxx/StartupFiles/startup_stm32f429xx.c:600:36:CAN2_TX_IRQHandler	0	static
C:/Users/BUNAKO~1/AppData/Local/VisualGDB/EmbeddedBSPs/arm-eabi/com.sysprogs.arm.stm32/STM32F4xxxx/StartupFiles/startup_stm32f429xx.c:608:36:CAN2_RX0_IRQHandler	0	static
C:/Users/BUNAKO~1/AppData/Local/VisualGDB/EmbeddedBSPs/arm-eabi/com.sysprogs.arm.stm32/STM32F4xxxx/StartupFiles/startup_stm32f429xx.c:616:36:CAN2_RX1_IRQHandler	0	static
C:/Users/BUNAKO~1/AppData/Local/VisualGDB/EmbeddedBSPs/arm-eabi/com.sysprogs.arm.stm32/STM32F4xxxx/StartupFiles/startup_stm32f429xx.c:624:36:CAN2_SCE_IRQHandler	0	static
C:/Users/BUNAKO~1/AppData/Local/VisualGDB/EmbeddedBSPs/arm-eabi/com.sysprogs.arm.stm32/STM32F4xxxx/StartupFiles/startup_stm32f429xx.c:632:36:OTG_FS_IRQHandler	0	static
C:/Users/BUNAKO~1/AppData/Local/VisualGDB/EmbeddedBSPs/arm-eabi/com.sysprogs.arm.stm32/STM32F4xxxx/StartupFiles/startup_stm32f429xx.c:640:36:DMA2_Stream5_IRQHandler	0	static
C:/Users/BUNAKO~1/AppData/Local/VisualGDB/EmbeddedBSPs/arm-eabi/com.sysprogs.arm.stm32/STM32F4xxxx/StartupFiles/startup_stm32f429xx.c:648:36:DMA2_Stream6_IRQHandler	0	static
C:/Users/BUNAKO~1/AppData/Local/VisualGDB/EmbeddedBSPs/arm-eabi/com.sysprogs.arm.stm32/STM32F4xxxx/StartupFiles/startup_stm32f429xx.c:656:36:DMA2_Stream7_IRQHandler	0	static
C:/Users/BUNAKO~1/AppData/Local/VisualGDB/EmbeddedBSPs/arm-eabi/com.sysprogs.arm.stm32/STM32F4xxxx/StartupFiles/startup_stm32f429xx.c:664:36:USART6_IRQHandler	0	static
C:/Users/BUNAKO~1/AppData/Local/VisualGDB/EmbeddedBSPs/arm-eabi/com.sysprogs.arm.stm32/STM32F4xxxx/StartupFiles/startup_stm32f429xx.c:672:36:I2C3_EV_IRQHandler	0	static
C:/Users/BUNAKO~1/AppData/Local/VisualGDB/EmbeddedBSPs/arm-eabi/com.sysprogs.arm.stm32/STM32F4xxxx/StartupFiles/startup_stm32f429xx.c:680:36:I2C3_ER_IRQHandler	0	static
C:/Users/BUNAKO~1/AppData/Local/VisualGDB/EmbeddedBSPs/arm-eabi/com.sysprogs.arm.stm32/STM32F4xxxx/StartupFiles/startup_stm32f429xx.c:688:36:OTG_HS_EP1_OUT_IRQHandler	0	static
C:/Users/BUNAKO~1/AppData/Local/VisualGDB/EmbeddedBSPs/arm-eabi/com.sysprogs.arm.stm32/STM32F4xxxx/StartupFiles/startup_stm32f429xx.c:696:36:OTG_HS_EP1_IN_IRQHandler	0	static
C:/Users/BUNAKO~1/AppData/Local/VisualGDB/EmbeddedBSPs/arm-eabi/com.sysprogs.arm.stm32/STM32F4xxxx/StartupFiles/startup_stm32f429xx.c:704:36:OTG_HS_WKUP_IRQHandler	0	static
C:/Users/BUNAKO~1/AppData/Local/VisualGDB/EmbeddedBSPs/arm-eabi/com.sysprogs.arm.stm32/STM32F4xxxx/StartupFiles/startup_stm32f429xx.c:712:36:OTG_HS_IRQHandler	0	static
C:/Users/BUNAKO~1/AppData/Local/VisualGDB/EmbeddedBSPs/arm-eabi/com.sysprogs.arm.stm32/STM32F4xxxx/StartupFiles/startup_stm32f429xx.c:720:36:DCMI_IRQHandler	0	static
C:/Users/BUNAKO~1/AppData/Local/VisualGDB/EmbeddedBSPs/arm-eabi/com.sysprogs.arm.stm32/STM32F4xxxx/StartupFiles/startup_stm32f429xx.c:728:36:HASH_RNG_IRQHandler	0	static
C:/Users/BUNAKO~1/AppData/Local/VisualGDB/EmbeddedBSPs/arm-eabi/com.sysprogs.arm.stm32/STM32F4xxxx/StartupFiles/startup_stm32f429xx.c:736:36:FPU_IRQHandler	0	static
C:/Users/BUNAKO~1/AppData/Local/VisualGDB/EmbeddedBSPs/arm-eabi/com.sysprogs.arm.stm32/STM32F4xxxx/StartupFiles/startup_stm32f429xx.c:744:36:UART7_IRQHandler	0	static
C:/Users/BUNAKO~1/AppData/Local/VisualGDB/EmbeddedBSPs/arm-eabi/com.sysprogs.arm.stm32/STM32F4xxxx/StartupFiles/startup_stm32f429xx.c:752:36:UART8_IRQHandler	0	static
C:/Users/BUNAKO~1/AppData/Local/VisualGDB/EmbeddedBSPs/arm-eabi/com.sysprogs.arm.stm32/STM32F4xxxx/StartupFiles/startup_stm32f429xx.c:760:36:SPI4_IRQHandler	0	static
C:/Users/BUNAKO~1/AppData/Local/VisualGDB/EmbeddedBSPs/arm-eabi/com.sysprogs.arm.stm32/STM32F4xxxx/StartupFiles/startup_stm32f429xx.c:768:36:SPI5_IRQHandler	0	static
C:/Users/BUNAKO~1/AppData/Local/VisualGDB/EmbeddedBSPs/arm-eabi/com.sysprogs.arm.stm32/STM32F4xxxx/StartupFiles/startup_stm32f429xx.c:776:36:SPI6_IRQHandler	0	static
C:/Users/BUNAKO~1/AppData/Local/VisualGDB/EmbeddedBSPs/arm-eabi/com.sysprogs.arm.stm32/STM32F4xxxx/StartupFiles/startup_stm32f429xx.c:784:36:SAI1_IRQHandler	0	static
C:/Users/BUNAKO~1/AppData/Local/VisualGDB/EmbeddedBSPs/arm-eabi/com.sysprogs.arm.stm32/STM32F4xxxx/StartupFiles/startup_stm32f429xx.c:792:36:LTDC_IRQHandler	0	static
C:/Users/BUNAKO~1/AppData/Local/VisualGDB/EmbeddedBSPs/arm-eabi/com.sysprogs.arm.stm32/STM32F4xxxx/StartupFiles/startup_stm32f429xx.c:800:36:LTDC_ER_IRQHandler	0	static
C:/Users/BUNAKO~1/AppData/Local/VisualGDB/EmbeddedBSPs/arm-eabi/com.sysprogs.arm.stm32/STM32F4xxxx/StartupFiles/startup_stm32f429xx.c:808:36:DMA2D_IRQHandler	0	static
C:/Users/BUNAKO~1/AppData/Local/VisualGDB/EmbeddedBSPs/arm-eabi/com.sysprogs.arm.stm32/STM32F4xxxx/StartupFiles/startup_stm32f429xx.c:1037:39:Reset_Handler	0	static
C:/Users/BUNAKO~1/AppData/Local/VisualGDB/EmbeddedBSPs/arm-eabi/com.sysprogs.arm.stm32/STM32F4xxxx/StartupFiles/startup_stm32f429xx.c:1058:39:Default_Handler	0	static
