 untitled_cgxe

 Timestamp is 6627f97b (Tue Apr 23 21:10:03 2024)

 Preferred load address is 0000000180000000

 Start         Length     Name                   Class
 0001:00000000 0000fbd0H .text$mn                CODE
 0001:0000fbd0 00000036H .text$mn$00             CODE
 0001:0000fc06 00000092H .text$x                 CODE
 0002:00000000 00000348H .idata$5                DATA
 0002:00000348 00000028H .00cfg                  DATA
 0002:00000370 00000008H .CRT$XCA                DATA
 0002:00000378 00000008H .CRT$XCZ                DATA
 0002:00000380 00000008H .CRT$XIA                DATA
 0002:00000388 00000008H .CRT$XIZ                DATA
 0002:00000390 00000008H .CRT$XPA                DATA
 0002:00000398 00000008H .CRT$XPZ                DATA
 0002:000003a0 00000008H .CRT$XTA                DATA
 0002:000003a8 00000008H .CRT$XTZ                DATA
 0002:000003b0 00000000H .gehcont$y              DATA
 0002:000003b0 00000000H .gfids$y                DATA
 0002:000003b0 000004d0H .rdata                  DATA
 0002:00000880 00000008H .rdata$CastGuardVftablesA DATA
 0002:00000888 00000008H .rdata$CastGuardVftablesC DATA
 0002:00000890 000000e0H .rdata$voltmd           DATA
 0002:00000970 00000278H .rdata$zzzdbg           DATA
 0002:00000be8 00000008H .rtc$IAA                DATA
 0002:00000bf0 00000008H .rtc$IZZ                DATA
 0002:00000bf8 00000008H .rtc$TAA                DATA
 0002:00000c00 00000008H .rtc$TZZ                DATA
 0002:00000c08 00000868H .xdata                  DATA
 0002:00001470 00000078H .edata                  DATA
 0002:000014e8 000000f0H .idata$2                DATA
 0002:000015d8 00000018H .idata$3                DATA
 0002:000015f0 00000348H .idata$4                DATA
 0002:00001938 0000089aH .idata$6                DATA
 0003:00000000 00006970H .data                   DATA
 0003:00006970 00000630H .bss                    DATA
 0004:00000000 000009d8H .pdata                  DATA

  Address         Publics by Value              Rva+Base               Lib:Object

 0000:00000000       __guard_fids_count         0000000000000000     <absolute>
 0000:00000000       __hybrid_auxiliary_iat     0000000000000000     <absolute>
 0000:00000000       __hybrid_auxiliary_iat_copy 0000000000000000     <absolute>
 0000:00000000       __guard_eh_cont_table      0000000000000000     <absolute>
 0000:00000000       __arm64x_extra_rfe_table   0000000000000000     <absolute>
 0000:00000000       __x64_code_ranges_to_entry_points_count 0000000000000000     <absolute>
 0000:00000000       __guard_fids_table         0000000000000000     <absolute>
 0000:00000000       __guard_longjmp_table      0000000000000000     <absolute>
 0000:00000000       __guard_check_icall_a64n_fptr 0000000000000000     <absolute>
 0000:00000000       ___safe_se_handler_table   0000000000000000     <absolute>
 0000:00000000       ___safe_se_handler_count   0000000000000000     <absolute>
 0000:00000000       __dynamic_value_reloc_table 0000000000000000     <absolute>
 0000:00000000       __hybrid_code_map_count    0000000000000000     <absolute>
 0000:00000000       __guard_iat_table          0000000000000000     <absolute>
 0000:00000000       __arm64x_extra_rfe_table_size 0000000000000000     <absolute>
 0000:00000000       __guard_longjmp_count      0000000000000000     <absolute>
 0000:00000000       __enclave_config           0000000000000000     <absolute>
 0000:00000000       __arm64x_redirection_metadata_count 0000000000000000     <absolute>
 0000:00000000       __arm64x_redirection_metadata 0000000000000000     <absolute>
 0000:00000000       __guard_iat_count          0000000000000000     <absolute>
 0000:00000000       __AbsoluteZero             0000000000000000     <absolute>
 0000:00000000       __guard_eh_cont_count      0000000000000000     <absolute>
 0000:00000000       __arm64x_native_entrypoint 0000000000000000     <absolute>
 0000:00000000       __x64_code_ranges_to_entry_points 0000000000000000     <absolute>
 0000:00000000       __hybrid_code_map          0000000000000000     <absolute>
 0000:00000100       __guard_flags              0000000000000100     <absolute>
 0000:00000000       __ImageBase                0000000180000000     <linker-defined>
 0001:00000000       mexfilerequiredapiversion  0000000180001000 f   c_mexapi_version.obj
 0001:00000030       cgxe_untitled_method_dispatcher 0000000180001030 f   untitled_cgxe.obj
 0001:00000110       method_dispatcher_Jf2lRQWLrP2B1g4UrAzlsF 0000000180001110 f   m_Jf2lRQWLrP2B1g4UrAzlsF.obj
 0001:00005600       cgxe_Jf2lRQWLrP2B1g4UrAzlsF_BuildInfoUpdate 0000000180006600 f   m_Jf2lRQWLrP2B1g4UrAzlsF.obj
 0001:000058a0       cgxe_Jf2lRQWLrP2B1g4UrAzlsF_fallback_info 00000001800068a0 f   m_Jf2lRQWLrP2B1g4UrAzlsF.obj
 0001:00005940       mexFunction                0000000180006940 f   untitled_cgxe_registry.obj
 0001:000077b0       _ssSetInputPortDirectFeedThroughFcn 00000001800087b0 f   untitled_cgxe_registry.obj
 0001:00007920       _ssSetRWorkValueFcn        0000000180008920 f   untitled_cgxe_registry.obj
 0001:000079a0       _ssGetRWorkValueFcn        00000001800089a0 f   untitled_cgxe_registry.obj
 0001:00007a10       _ssSetIWorkValueFcn        0000000180008a10 f   untitled_cgxe_registry.obj
 0001:00007a90       _ssGetIWorkValueFcn        0000000180008a90 f   untitled_cgxe_registry.obj
 0001:00007b00       _ssSetPWorkValueFcn        0000000180008b00 f   untitled_cgxe_registry.obj
 0001:00007b80       _ssGetPWorkValueFcn        0000000180008b80 f   untitled_cgxe_registry.obj
 0001:00007bf0       _ssGetInputPortSignalFcn   0000000180008bf0 f   untitled_cgxe_registry.obj
 0001:00007f80       _ssGetInputPortBufferDstPortFcn 0000000180008f80 f   untitled_cgxe_registry.obj
 0001:00008000       _ssGetInputPortSignalPtrsFcn 0000000180009000 f   untitled_cgxe_registry.obj
 0001:00008390       ssGetParameterTuningCompliance 0000000180009390 f   untitled_cgxe_registry.obj
 0001:00008400       _ssReadInputStringFcn      0000000180009400 f   untitled_cgxe_registry.obj
 0001:00008470       ssGetDTypeIdFromMxArray    0000000180009470 f   untitled_cgxe_registry.obj
 0001:00008590       ssWriteRTWMx2dMatParam     0000000180009590 f   untitled_cgxe_registry.obj
 0001:00008620       ssWriteRTWMxVectParam      0000000180009620 f   untitled_cgxe_registry.obj
 0001:000086a0       ssWriteRTWParameters       00000001800096a0 f   untitled_cgxe_registry.obj
 0001:00008c60       ssWriteRTWParamSettings    0000000180009c60 f   untitled_cgxe_registry.obj
 0001:00009350       ssWriteRTWStr              000000018000a350 f   untitled_cgxe_registry.obj
 0001:000093b0       ssWriteRTWWorkVect         000000018000a3b0 f   untitled_cgxe_registry.obj
 0001:00009910       ssWarning                  000000018000a910 f   untitled_cgxe_registry.obj
 0001:00009a00       ssGetRootSS                000000018000aa00 f   untitled_cgxe_registry.obj
 0001:00009ac0       ssGetParentSS              000000018000aac0 f   untitled_cgxe_registry.obj
 0001:00009b80       ssWriteRTWNameValuePair    000000018000ab80 f   untitled_cgxe_registry.obj
 0001:0000a080       _ssSetInputPortMatrixDimensions 000000018000b080 f   untitled_cgxe_registry.obj
 0001:0000a1d0       _ssSetOutputPortMatrixDimensions 000000018000b1d0 f   untitled_cgxe_registry.obj
 0001:0000a320       _ssSetInputPortVectorDimension 000000018000b320 f   untitled_cgxe_registry.obj
 0001:0000a3d0       _ssSetOutputPortVectorDimension 000000018000b3d0 f   untitled_cgxe_registry.obj
 0001:0000a480       ssIsRunTimeParamTunable    000000018000b480 f   untitled_cgxe_registry.obj
 0001:0000a4f0       ssGetSFuncBlockHandle      000000018000b4f0 f   untitled_cgxe_registry.obj
 0001:0000a560       _ssGetCallSystemNumFcnCallDestinations 000000018000b560 f   untitled_cgxe_registry.obj
 0001:0000a5d0       _ssGetCurrentInputPortWidth 000000018000b5d0 f   untitled_cgxe_registry.obj
 0001:0000a710       _ssGetCurrentOutputPortWidth 000000018000b710 f   untitled_cgxe_registry.obj
 0001:0000a850       ssGetIsZeroCrossControlDisabled 000000018000b850 f   untitled_cgxe_registry.obj
 0001:0000a8c0       ssSetIsInputPortUsedForContZcSignal 000000018000b8c0 f   untitled_cgxe_registry.obj
 0001:0000a930       ssSetZcSignalIsZcElementDisc 000000018000b930 f   untitled_cgxe_registry.obj
 0001:0000a9e0       ssSetZcSignalName          000000018000b9e0 f   untitled_cgxe_registry.obj
 0001:0000aa50       ssSetZcSignalWidth         000000018000ba50 f   untitled_cgxe_registry.obj
 0001:0000aac0       ssSetZcSignalZcEventType   000000018000bac0 f   untitled_cgxe_registry.obj
 0001:0000ab30       ssSetZcSignalType          000000018000bb30 f   untitled_cgxe_registry.obj
 0001:0000aba0       ssSetZcSignalZcTol         000000018000bba0 f   untitled_cgxe_registry.obj
 0001:0000ac10       ssSetZcSignalNeedsEventNotification 000000018000bc10 f   untitled_cgxe_registry.obj
 0001:0000ac80       ssCreateAndAddZcSignalInfo 000000018000bc80 f   untitled_cgxe_registry.obj
 0001:0000acf0       ssCloneAndAddZcSignalInfo  000000018000bcf0 f   untitled_cgxe_registry.obj
 0001:0000ad60       ssGetNumZcSignals          000000018000bd60 f   untitled_cgxe_registry.obj
 0001:0000add0       ssGetZcSignalVector        000000018000bdd0 f   untitled_cgxe_registry.obj
 0001:0000ae40       ssGetZcSignalName          000000018000be40 f   untitled_cgxe_registry.obj
 0001:0000aeb0       ssGetZcSignalWidth         000000018000beb0 f   untitled_cgxe_registry.obj
 0001:0000af20       ssGetZcSignalZcEventType   000000018000bf20 f   untitled_cgxe_registry.obj
 0001:0000af90       ssGetZcSignalZcEvents      000000018000bf90 f   untitled_cgxe_registry.obj
 0001:0000b000       ssGetZcSignalType          000000018000c000 f   untitled_cgxe_registry.obj
 0001:0000b070       ssGetZcSignalZcTol         000000018000c070 f   untitled_cgxe_registry.obj
 0001:0000b0f0       ssGetZcSignalNeedsEventNotification 000000018000c0f0 f   untitled_cgxe_registry.obj
 0001:0000b160       ssGetZcSignalIsZcElementDisc 000000018000c160 f   untitled_cgxe_registry.obj
 0001:0000b200       ssGetIsInputPortElementContinuous 000000018000c200 f   untitled_cgxe_registry.obj
 0001:0000b2a0       _ssGetAbsTol               000000018000c2a0 f   untitled_cgxe_registry.obj
 0001:0000b310       _ssSetStateAbsTol          000000018000c310 f   untitled_cgxe_registry.obj
 0001:0000b3f0       _ssSetInputPortReusableFcn 000000018000c3f0 f   untitled_cgxe_registry.obj
 0001:0000b4f0       _ssSetOutputPortReusableFcn 000000018000c4f0 f   untitled_cgxe_registry.obj
 0001:0000b5f0       _ssSetSymbolicDimsSupport  000000018000c5f0 f   untitled_cgxe_registry.obj
 0001:0000b660       _ssRegisterSymbolicDimsExpr 000000018000c660 f   untitled_cgxe_registry.obj
 0001:0000b6e0       _ssRegisterSymbolicDimsMATLABExpr 000000018000c6e0 f   untitled_cgxe_registry.obj
 0001:0000b770       _ssRegisterSymbolicDims    000000018000c770 f   untitled_cgxe_registry.obj
 0001:0000b810       _ssRegisterSymbolicDimsString 000000018000c810 f   untitled_cgxe_registry.obj
 0001:0000b890       _ssRegisterSymbolicDimsIntValue 000000018000c890 f   untitled_cgxe_registry.obj
 0001:0000b900       _ssRegisterSymbolicEqualRelation 000000018000c900 f   untitled_cgxe_registry.obj
 0001:0000b970       _ssRegisterSymbolicEqualValue 000000018000c970 f   untitled_cgxe_registry.obj
 0001:0000b9e0       _ssAmendLeadingSymbolicDims 000000018000c9e0 f   untitled_cgxe_registry.obj
 0001:0000ba60       _ssAmendTrailingSymbolicDims 000000018000ca60 f   untitled_cgxe_registry.obj
 0001:0000bae0       _ssRegisterSymbolicDimsPlus 000000018000cae0 f   untitled_cgxe_registry.obj
 0001:0000bb60       _ssRegisterSymbolicDimsMinus 000000018000cb60 f   untitled_cgxe_registry.obj
 0001:0000bbe0       _ssRegisterSymbolicDimsMultiply 000000018000cbe0 f   untitled_cgxe_registry.obj
 0001:0000bc60       _ssRegisterSymbolicDimsDivide 000000018000cc60 f   untitled_cgxe_registry.obj
 0001:0000bce0       _ssGetNumSymbolicDims      000000018000cce0 f   untitled_cgxe_registry.obj
 0001:0000bd50       _ssGetSymbolicDim          000000018000cd50 f   untitled_cgxe_registry.obj
 0001:0000bdd0       _ssSetInputPortSymbolicDimsId 000000018000cdd0 f   untitled_cgxe_registry.obj
 0001:0000be40       _ssGetCompInputPortSymbolicDimsId 000000018000ce40 f   untitled_cgxe_registry.obj
 0001:0000beb0       _ssSetCompInputPortSymbolicDimsId 000000018000ceb0 f   untitled_cgxe_registry.obj
 0001:0000bf20       _ssSetOutputPortSymbolicDimsId 000000018000cf20 f   untitled_cgxe_registry.obj
 0001:0000bf90       _ssGetCompOutputPortSymbolicDimsId 000000018000cf90 f   untitled_cgxe_registry.obj
 0001:0000c000       _ssSetCompOutputPortSymbolicDimsId 000000018000d000 f   untitled_cgxe_registry.obj
 0001:0000c070       _ssGetDWorkSymbolicDimsId  000000018000d070 f   untitled_cgxe_registry.obj
 0001:0000c0e0       _ssSetDWorkSymbolicDimsId  000000018000d0e0 f   untitled_cgxe_registry.obj
 0001:0000c150       _ssGetCompDWorkSymbolicDimsId 000000018000d150 f   untitled_cgxe_registry.obj
 0001:0000c1c0       _ssSetCompDWorkSymbolicDimsId 000000018000d1c0 f   untitled_cgxe_registry.obj
 0001:0000c230       _ssCreateSLCGStringBuffer  000000018000d230 f   untitled_cgxe_registry.obj
 0001:0000c2a0       _ssAddToSLCGStringBuffer   000000018000d2a0 f   untitled_cgxe_registry.obj
 0001:0000c310       _ssGetPointerContainedData 000000018000d310 f   untitled_cgxe_registry.obj
 0001:0000c3a0       _ssGetPointerContainedDataWidth 000000018000d3a0 f   untitled_cgxe_registry.obj
 0001:0000c430       _ssRegisterDynamicArrayDataTypeFcn 000000018000d430 f   untitled_cgxe_registry.obj
 0001:0000c4d0       _ssGetDynamicArrayContainedDataCurrentWidthFcn 000000018000d4d0 f   untitled_cgxe_registry.obj
 0001:0000c5a0       _ssGetDynamicArrayContainedDataFcn 000000018000d5a0 f   untitled_cgxe_registry.obj
 0001:0000c670       _ssGetInputPortDynamicArrayDataFcn 000000018000d670 f   untitled_cgxe_registry.obj
 0001:0000c730       _ssGetOutputPortDynamicArrayDataFcn 000000018000d730 f   untitled_cgxe_registry.obj
 0001:0000c7f0       _ssGetInputPortDynamicArrayContainedDataFcn 000000018000d7f0 f   untitled_cgxe_registry.obj
 0001:0000c8b0       _ssGetOutputPortDynamicArrayContainedDataFcn 000000018000d8b0 f   untitled_cgxe_registry.obj
 0001:0000c970       _ssGetDynamicArrayDWorkContainedDataFcn 000000018000d970 f   untitled_cgxe_registry.obj
 0001:0000e460       __local_stdio_printf_options 000000018000f460 f i untitled_cgxe_registry.obj
 0001:0000e470       _vsnprintf_l               000000018000f470 f i untitled_cgxe_registry.obj
 0001:0000e4f0       _vsprintf_l                000000018000f4f0 f i untitled_cgxe_registry.obj
 0001:0000e540       sprintf                    000000018000f540 f i untitled_cgxe_registry.obj
 0001:0000e58f       mxGetPr_800                000000018000f58f f   libmx:libmx.dll
 0001:0000e595       mxSetCell_800              000000018000f595 f   libmx:libmx.dll
 0001:0000e59b       mxSetFieldByNumber_800     000000018000f59b f   libmx:libmx.dll
 0001:0000e5a1       mxCreateDoubleMatrix_800   000000018000f5a1 f   libmx:libmx.dll
 0001:0000e5a7       mxCreateString_800         000000018000f5a7 f   libmx:libmx.dll
 0001:0000e5ad       mxCreateCellMatrix_800     000000018000f5ad f   libmx:libmx.dll
 0001:0000e5b3       mxCreateStructMatrix_800   000000018000f5b3 f   libmx:libmx.dll
 0001:0000e5b9       mxGetNaN_800               000000018000f5b9 f   libmx:libmx.dll
 0001:0000e5bf       mxCalloc_800               000000018000f5bf f   libmx:libmx.dll
 0001:0000e5c5       mxGetM_800                 000000018000f5c5 f   libmx:libmx.dll
 0001:0000e5cb       mxGetClassID_800           000000018000f5cb f   libmx:libmx.dll
 0001:0000e5d1       mxGetData_800              000000018000f5d1 f   libmx:libmx.dll
 0001:0000e5d7       mxIsNumeric_800            000000018000f5d7 f   libmx:libmx.dll
 0001:0000e5dd       mxIsChar_800               000000018000f5dd f   libmx:libmx.dll
 0001:0000e5e3       mxIsComplex_800            000000018000f5e3 f   libmx:libmx.dll
 0001:0000e5e9       mxGetN_800                 000000018000f5e9 f   libmx:libmx.dll
 0001:0000e5ef       mxSetField_800             000000018000f5ef f   libmx:libmx.dll
 0001:0000e5f5       mxCreateNumericMatrix_800  000000018000f5f5 f   libmx:libmx.dll
 0001:0000e5fb       mxCreateDoubleScalar_800   000000018000f5fb f   libmx:libmx.dll
 0001:0000e601       mxGetString_800            000000018000f601 f   libmx:libmx.dll
 0001:0000e607       mexWarnMsgTxt_800          000000018000f607 f   libmex:libmex.dll
 0001:0000e60d       mexPrintf_800              000000018000f60d f   libmex:libmex.dll
 0001:0000e613       mexCallMATLAB_800          000000018000f613 f   libmex:libmex.dll
 0001:0000e619       mexUnlock_800              000000018000f619 f   libmex:libmex.dll
 0001:0000e61f       mexIsLocked_800            000000018000f61f f   libmex:libmex.dll
 0001:0000e625       muDoubleScalarAbs          000000018000f625 f   libmwmathutil:libmwmathutil.dll
 0001:0000e62b       muDoubleScalarCeil         000000018000f62b f   libmwmathutil:libmwmathutil.dll
 0001:0000e631       muDoubleScalarFloor        000000018000f631 f   libmwmathutil:libmwmathutil.dll
 0001:0000e637       muDoubleScalarRound        000000018000f637 f   libmwmathutil:libmwmathutil.dll
 0001:0000e63d       muDoubleScalarExp          000000018000f63d f   libmwmathutil:libmwmathutil.dll
 0001:0000e643       muDoubleScalarLog          000000018000f643 f   libmwmathutil:libmwmathutil.dll
 0001:0000e649       muDoubleScalarPower        000000018000f649 f   libmwmathutil:libmwmathutil.dll
 0001:0000e64f       muDoubleScalarSqrt         000000018000f64f f   libmwmathutil:libmwmathutil.dll
 0001:0000e655       muDoubleScalarRem          000000018000f655 f   libmwmathutil:libmwmathutil.dll
 0001:0000e65b       muDoubleScalarIsNaN        000000018000f65b f   libmwmathutil:libmwmathutil.dll
 0001:0000e661       muDoubleScalarIsInf        000000018000f661 f   libmwmathutil:libmwmathutil.dll
 0001:0000e667       emlrtLicenseCheckR2022a    000000018000f667 f   libemlrt:libemlrt.dll
 0001:0000e66d       emlrtAssign                000000018000f66d f   libemlrt:libemlrt.dll
 0001:0000e673       emlrtCreateCharArray       000000018000f673 f   libemlrt:libemlrt.dll
 0001:0000e679       emlrtCallMATLABR2012b      000000018000f679 f   libemlrt:libemlrt.dll
 0001:0000e67f       emlrtInitCharArrayR2013a   000000018000f67f f   libemlrt:libemlrt.dll
 0001:0000e685       cgxertGetInputPortSignal   000000018000f685 f   libmwcgxert:libmwcgxert.dll
 0001:0000e68b       cgxertGetOutputPortSignal  000000018000f68b f   libmwcgxert:libmwcgxert.dll
 0001:0000e691       cgxertGetRunTimeParamInfoData 000000018000f691 f   libmwcgxert:libmwcgxert.dll
 0001:0000e697       cgxertSetSimStateCompliance 000000018000f697 f   libmwcgxert:libmwcgxert.dll
 0001:0000e69d       cgxertGetRuntimeInstance   000000018000f69d f   libmwcgxert:libmwcgxert.dll
 0001:0000e6a3       cgxertSetRuntimeInstance   000000018000f6a3 f   libmwcgxert:libmwcgxert.dll
 0001:0000e6a9       cgxertGetEMLRTCtx          000000018000f6a9 f   libmwcgxert:libmwcgxert.dll
 0001:0000e6af       cgxertSetGcb               000000018000f6af f   libmwcgxert:libmwcgxert.dll
 0001:0000e6b5       cgxertRestoreGcb           000000018000f6b5 f   libmwcgxert:libmwcgxert.dll
 0001:0000e6bc       __raise_securityfailure    000000018000f6bc f   MSVCRT:gs_report.obj
 0001:0000e6f0       __report_gsfailure         000000018000f6f0 f   MSVCRT:gs_report.obj
 0001:0000e7c4       __report_rangecheckfailure 000000018000f7c4 f   MSVCRT:gs_report.obj
 0001:0000e7d8       __report_securityfailure   000000018000f7d8 f   MSVCRT:gs_report.obj
 0001:0000e874       __report_securityfailureEx 000000018000f874 f   MSVCRT:gs_report.obj
 0001:0000ea68       __GSHandlerCheck           000000018000fa68 f   MSVCRT:gshandler.obj
 0001:0000ea88       __GSHandlerCheckCommon     000000018000fa88 f   MSVCRT:gshandler.obj
 0001:0000eb00       __security_check_cookie    000000018000fb00 f   MSVCRT:amdsecgs.obj
 0001:0000ee5c       _CRT_INIT                  000000018000fe5c f   MSVCRT:dll_dllmain.obj
 0001:0000ee64       _DllMainCRTStartup         000000018000fe64 f   MSVCRT:dll_dllmain.obj
 0001:0000ef10       __security_init_cookie     000000018000ff10 f   MSVCRT:gs_support.obj
 0001:0000efbc       DllMain                    000000018000ffbc f   MSVCRT:dll_dllmain_stub.obj
 0001:0000efe0       ?__scrt_initialize_type_info@@YAXXZ 000000018000ffe0 f   MSVCRT:tncleanup.obj
 0001:0000eff0       ?__scrt_uninitialize_type_info@@YAXXZ 000000018000fff0 f   MSVCRT:tncleanup.obj
 0001:0000effc       __local_stdio_scanf_options 000000018000fffc f i MSVCRT:default_local_stdio_options.obj
 0001:0000f004       __scrt_initialize_default_local_stdio_options 0000000180010004 f   MSVCRT:default_local_stdio_options.obj
 0001:0000f020       ?configure_argv@__scrt_narrow_argv_policy@@SAHXZ 0000000180010020 f i MSVCRT:utility.obj
 0001:0000f080       ?initialize_environment@__scrt_narrow_environment_policy@@SAHXZ 0000000180010080 f i MSVCRT:utility.obj
 0001:0000f0b8       NtCurrentTeb               00000001800100b8 f i MSVCRT:utility.obj
 0001:0000f0c4       __scrt_acquire_startup_lock 00000001800100c4 f   MSVCRT:utility.obj
 0001:0000f100       __scrt_dllmain_after_initialize_c 0000000180010100 f   MSVCRT:utility.obj
 0001:0000f134       __scrt_dllmain_before_initialize_c 0000000180010134 f   MSVCRT:utility.obj
 0001:0000f14c       __scrt_dllmain_crt_thread_attach 000000018001014c f   MSVCRT:utility.obj
 0001:0000f174       __scrt_dllmain_crt_thread_detach 0000000180010174 f   MSVCRT:utility.obj
 0001:0000f18c       __scrt_dllmain_exception_filter 000000018001018c f   MSVCRT:utility.obj
 0001:0000f1ec       __scrt_dllmain_uninitialize_c 00000001800101ec f   MSVCRT:utility.obj
 0001:0000f21c       __scrt_dllmain_uninitialize_critical 000000018001021c f   MSVCRT:utility.obj
 0001:0000f230       __scrt_initialize_crt      0000000180010230 f   MSVCRT:utility.obj
 0001:0000f27c       __scrt_initialize_onexit_tables 000000018001027c f   MSVCRT:utility.obj
 0001:0000f308       __scrt_is_nonwritable_in_current_image 0000000180010308 f   MSVCRT:utility.obj
 0001:0000f3a0       __scrt_release_startup_lock 00000001800103a0 f   MSVCRT:utility.obj
 0001:0000f3c4       __scrt_uninitialize_crt    00000001800103c4 f   MSVCRT:utility.obj
 0001:0000f3f0       _onexit                    00000001800103f0 f   MSVCRT:utility.obj
 0001:0000f42c       at_quick_exit              000000018001042c f   MSVCRT:utility.obj
 0001:0000f44c       atexit                     000000018001044c f   MSVCRT:utility.obj
 0001:0000f464       __scrt_get_dyn_tls_init_callback 0000000180010464 f   MSVCRT:dyn_tls_init.obj
 0001:0000f46c       __crt_debugger_hook        000000018001046c f   MSVCRT:utility_desktop.obj
 0001:0000f474       __scrt_fastfail            0000000180010474 f   MSVCRT:utility_desktop.obj
 0001:0000f5c0       __scrt_get_show_window_mode 00000001800105c0 f   MSVCRT:utility_desktop.obj
 0001:0000f5fc       __scrt_initialize_mta      00000001800105fc f   MSVCRT:utility_desktop.obj
 0001:0000f604       __scrt_initialize_winrt    0000000180010604 f   MSVCRT:utility_desktop.obj
 0001:0000f608       __scrt_is_managed_app      0000000180010608 f   MSVCRT:utility_desktop.obj
 0001:0000f65c       __scrt_set_unhandled_exception_filter 000000018001065c f   MSVCRT:utility_desktop.obj
 0001:0000f66c       __scrt_stub_for_initialize_mta 000000018001066c f   MSVCRT:utility_desktop.obj
 0001:0000f66c       __scrt_exe_initialize_mta  000000018001066c f   MSVCRT:utility_desktop.obj
 0001:0000f670       __scrt_unhandled_exception_filter 0000000180010670 f   MSVCRT:utility_desktop.obj
 0001:0000f6cc       _RTC_Initialize            00000001800106cc f   MSVCRT:initsect.obj
 0001:0000f708       _RTC_Terminate             0000000180010708 f   MSVCRT:initsect.obj
 0001:0000f744       _guard_check_icall_nop     0000000180010744 f i MSVCRT:guard_support.obj
 0001:0000f748       ReadNoFence64              0000000180010748 f i MSVCRT:guard_support.obj
 0001:0000f74c       ReadPointerNoFence         000000018001074c f i MSVCRT:guard_support.obj
 0001:0000f750       __castguard_check_failure_debugbreak 0000000180010750 f i MSVCRT:guard_support.obj
 0001:0000f76c       __castguard_check_failure_fastfail 000000018001076c f i MSVCRT:guard_support.obj
 0001:0000f790       __castguard_check_failure_nop 0000000180010790 f i MSVCRT:guard_support.obj
 0001:0000f794       __castguard_check_failure_os_handled 0000000180010794 f i MSVCRT:guard_support.obj
 0001:0000f7f4       __castguard_slow_path_check_debugbreak 00000001800107f4 f i MSVCRT:guard_support.obj
 0001:0000f828       __castguard_slow_path_check_fastfail 0000000180010828 f i MSVCRT:guard_support.obj
 0001:0000f864       __castguard_slow_path_check_nop 0000000180010864 f i MSVCRT:guard_support.obj
 0001:0000f868       __castguard_slow_path_check_os_handled 0000000180010868 f i MSVCRT:guard_support.obj
 0001:0000f8dc       _guard_icall_checks_enforced 00000001800108dc f i MSVCRT:guard_support.obj
 0001:0000f8f4       _guard_rf_checks_enforced  00000001800108f4 f i MSVCRT:guard_support.obj
 0001:0000f8f8       __isa_available_init       00000001800108f8 f   MSVCRT:cpu_disp.obj
 0001:0000fa9c       _get_startup_argv_mode     0000000180010a9c f   MSVCRT:argv_mode.obj
 0001:0000faa4       __scrt_is_ucrt_dll_in_use  0000000180010aa4 f   MSVCRT:ucrt_detection.obj
 0001:0000fab0       RtlCaptureContext          0000000180010ab0 f   kernel32:KERNEL32.dll
 0001:0000fab6       RtlLookupFunctionEntry     0000000180010ab6 f   kernel32:KERNEL32.dll
 0001:0000fabc       RtlVirtualUnwind           0000000180010abc f   kernel32:KERNEL32.dll
 0001:0000fac2       UnhandledExceptionFilter   0000000180010ac2 f   kernel32:KERNEL32.dll
 0001:0000fac8       SetUnhandledExceptionFilter 0000000180010ac8 f   kernel32:KERNEL32.dll
 0001:0000face       GetCurrentProcess          0000000180010ace f   kernel32:KERNEL32.dll
 0001:0000fad4       TerminateProcess           0000000180010ad4 f   kernel32:KERNEL32.dll
 0001:0000fada       IsProcessorFeaturePresent  0000000180010ada f   kernel32:KERNEL32.dll
 0001:0000fae0       QueryPerformanceCounter    0000000180010ae0 f   kernel32:KERNEL32.dll
 0001:0000fae6       GetCurrentProcessId        0000000180010ae6 f   kernel32:KERNEL32.dll
 0001:0000faec       GetCurrentThreadId         0000000180010aec f   kernel32:KERNEL32.dll
 0001:0000faf2       GetSystemTimeAsFileTime    0000000180010af2 f   kernel32:KERNEL32.dll
 0001:0000faf8       DisableThreadLibraryCalls  0000000180010af8 f   kernel32:KERNEL32.dll
 0001:0000fafe       InitializeSListHead        0000000180010afe f   kernel32:KERNEL32.dll
 0001:0000fb04       IsDebuggerPresent          0000000180010b04 f   kernel32:KERNEL32.dll
 0001:0000fb0a       GetStartupInfoW            0000000180010b0a f   kernel32:KERNEL32.dll
 0001:0000fb10       GetModuleHandleW           0000000180010b10 f   kernel32:KERNEL32.dll
 0001:0000fb16       memcpy                     0000000180010b16 f   vcruntime:VCRUNTIME140.dll
 0001:0000fb1c       __C_specific_handler       0000000180010b1c f   vcruntime:VCRUNTIME140.dll
 0001:0000fb22       __std_type_info_destroy_list 0000000180010b22 f   vcruntime:VCRUNTIME140.dll
 0001:0000fb28       __current_exception        0000000180010b28 f   vcruntime:VCRUNTIME140.dll
 0001:0000fb2e       __current_exception_context 0000000180010b2e f   vcruntime:VCRUNTIME140.dll
 0001:0000fb34       memset                     0000000180010b34 f   vcruntime:VCRUNTIME140.dll
 0001:0000fb3a       calloc                     0000000180010b3a f   ucrt:api-ms-win-crt-heap-l1-1-0.dll
 0001:0000fb40       free                       0000000180010b40 f   ucrt:api-ms-win-crt-heap-l1-1-0.dll
 0001:0000fb46       _localtime64               0000000180010b46 f   ucrt:api-ms-win-crt-time-l1-1-0.dll
 0001:0000fb4c       _time64                    0000000180010b4c f   ucrt:api-ms-win-crt-time-l1-1-0.dll
 0001:0000fb52       strcmp                     0000000180010b52 f   ucrt:api-ms-win-crt-string-l1-1-0.dll
 0001:0000fb58       strlen                     0000000180010b58 f   ucrt:api-ms-win-crt-string-l1-1-0.dll
 0001:0000fb5e       __stdio_common_vsprintf    0000000180010b5e f   ucrt:api-ms-win-crt-stdio-l1-1-0.dll
 0001:0000fb64       malloc                     0000000180010b64 f   ucrt:api-ms-win-crt-heap-l1-1-0.dll
 0001:0000fb6a       _initterm                  0000000180010b6a f   ucrt:api-ms-win-crt-runtime-l1-1-0.dll
 0001:0000fb70       _initterm_e                0000000180010b70 f   ucrt:api-ms-win-crt-runtime-l1-1-0.dll
 0001:0000fb76       _seh_filter_dll            0000000180010b76 f   ucrt:api-ms-win-crt-runtime-l1-1-0.dll
 0001:0000fb7c       _configure_narrow_argv     0000000180010b7c f   ucrt:api-ms-win-crt-runtime-l1-1-0.dll
 0001:0000fb82       _initialize_narrow_environment 0000000180010b82 f   ucrt:api-ms-win-crt-runtime-l1-1-0.dll
 0001:0000fb88       _initialize_onexit_table   0000000180010b88 f   ucrt:api-ms-win-crt-runtime-l1-1-0.dll
 0001:0000fb8e       _register_onexit_function  0000000180010b8e f   ucrt:api-ms-win-crt-runtime-l1-1-0.dll
 0001:0000fb94       _execute_onexit_table      0000000180010b94 f   ucrt:api-ms-win-crt-runtime-l1-1-0.dll
 0001:0000fb9a       _crt_atexit                0000000180010b9a f   ucrt:api-ms-win-crt-runtime-l1-1-0.dll
 0001:0000fba0       _crt_at_quick_exit         0000000180010ba0 f   ucrt:api-ms-win-crt-runtime-l1-1-0.dll
 0001:0000fba6       _cexit                     0000000180010ba6 f   ucrt:api-ms-win-crt-runtime-l1-1-0.dll
 0001:0000fbac       terminate                  0000000180010bac f   ucrt:api-ms-win-crt-runtime-l1-1-0.dll
 0001:0000fbb4       __scrt_stub_for_acrt_initialize 0000000180010bb4 f   MSVCRT:ucrt_stubs.obj
 0001:0000fbb4       __acrt_initialize          0000000180010bb4 f   MSVCRT:ucrt_stubs.obj
 0001:0000fbb4       __vcrt_initialize          0000000180010bb4 f   MSVCRT:ucrt_stubs.obj
 0001:0000fbb8       __vcrt_thread_attach       0000000180010bb8 f   MSVCRT:ucrt_stubs.obj
 0001:0000fbb8       __scrt_stub_for_acrt_thread_attach 0000000180010bb8 f   MSVCRT:ucrt_stubs.obj
 0001:0000fbb8       __acrt_thread_attach       0000000180010bb8 f   MSVCRT:ucrt_stubs.obj
 0001:0000fbbc       __vcrt_thread_detach       0000000180010bbc f   MSVCRT:ucrt_stubs.obj
 0001:0000fbbc       __scrt_stub_for_acrt_thread_detach 0000000180010bbc f   MSVCRT:ucrt_stubs.obj
 0001:0000fbbc       __acrt_thread_detach       0000000180010bbc f   MSVCRT:ucrt_stubs.obj
 0001:0000fbc0       __vcrt_uninitialize        0000000180010bc0 f   MSVCRT:ucrt_stubs.obj
 0001:0000fbc0       __scrt_stub_for_acrt_uninitialize 0000000180010bc0 f   MSVCRT:ucrt_stubs.obj
 0001:0000fbc0       __acrt_uninitialize        0000000180010bc0 f   MSVCRT:ucrt_stubs.obj
 0001:0000fbc4       __acrt_uninitialize_critical 0000000180010bc4 f   MSVCRT:ucrt_stubs.obj
 0001:0000fbc4       __vcrt_uninitialize_critical 0000000180010bc4 f   MSVCRT:ucrt_stubs.obj
 0001:0000fbc4       __scrt_stub_for_acrt_uninitialize_critical 0000000180010bc4 f   MSVCRT:ucrt_stubs.obj
 0001:0000fbc8       __scrt_stub_for_is_c_termination_complete 0000000180010bc8 f   MSVCRT:ucrt_stubs.obj
 0001:0000fbc8       _is_c_termination_complete 0000000180010bc8 f   MSVCRT:ucrt_stubs.obj
 0001:0000fbe0       _guard_dispatch_icall_nop  0000000180010be0 f   MSVCRT:guard_dispatch.obj
 0001:0000fc00       _guard_xfg_dispatch_icall_nop 0000000180010c00 f   MSVCRT:guard_xfg_dispatch.obj
 0002:00000000       __imp_GetStartupInfoW      0000000180011000     kernel32:KERNEL32.dll
 0002:00000008       __imp_IsDebuggerPresent    0000000180011008     kernel32:KERNEL32.dll
 0002:00000010       __imp_InitializeSListHead  0000000180011010     kernel32:KERNEL32.dll
 0002:00000018       __imp_DisableThreadLibraryCalls 0000000180011018     kernel32:KERNEL32.dll
 0002:00000020       __imp_GetSystemTimeAsFileTime 0000000180011020     kernel32:KERNEL32.dll
 0002:00000028       __imp_GetCurrentThreadId   0000000180011028     kernel32:KERNEL32.dll
 0002:00000030       __imp_GetCurrentProcessId  0000000180011030     kernel32:KERNEL32.dll
 0002:00000038       __imp_QueryPerformanceCounter 0000000180011038     kernel32:KERNEL32.dll
 0002:00000040       __imp_IsProcessorFeaturePresent 0000000180011040     kernel32:KERNEL32.dll
 0002:00000048       __imp_TerminateProcess     0000000180011048     kernel32:KERNEL32.dll
 0002:00000050       __imp_GetCurrentProcess    0000000180011050     kernel32:KERNEL32.dll
 0002:00000058       __imp_SetUnhandledExceptionFilter 0000000180011058     kernel32:KERNEL32.dll
 0002:00000060       __imp_UnhandledExceptionFilter 0000000180011060     kernel32:KERNEL32.dll
 0002:00000068       __imp_RtlVirtualUnwind     0000000180011068     kernel32:KERNEL32.dll
 0002:00000070       __imp_RtlLookupFunctionEntry 0000000180011070     kernel32:KERNEL32.dll
 0002:00000078       __imp_RtlCaptureContext    0000000180011078     kernel32:KERNEL32.dll
 0002:00000080       __imp_GetModuleHandleW     0000000180011080     kernel32:KERNEL32.dll
 0002:00000088       \177KERNEL32_NULL_THUNK_DATA 0000000180011088     kernel32:KERNEL32.dll
 0002:00000090       __imp_memcpy               0000000180011090     vcruntime:VCRUNTIME140.dll
 0002:00000098       __imp___C_specific_handler 0000000180011098     vcruntime:VCRUNTIME140.dll
 0002:000000a0       __imp___std_type_info_destroy_list 00000001800110a0     vcruntime:VCRUNTIME140.dll
 0002:000000a8       __imp___current_exception  00000001800110a8     vcruntime:VCRUNTIME140.dll
 0002:000000b0       __imp___current_exception_context 00000001800110b0     vcruntime:VCRUNTIME140.dll
 0002:000000b8       __imp_memset               00000001800110b8     vcruntime:VCRUNTIME140.dll
 0002:000000c0       \177VCRUNTIME140_NULL_THUNK_DATA 00000001800110c0     vcruntime:VCRUNTIME140.dll
 0002:000000c8       __imp_malloc               00000001800110c8     ucrt:api-ms-win-crt-heap-l1-1-0.dll
 0002:000000d0       __imp_calloc               00000001800110d0     ucrt:api-ms-win-crt-heap-l1-1-0.dll
 0002:000000d8       __imp_free                 00000001800110d8     ucrt:api-ms-win-crt-heap-l1-1-0.dll
 0002:000000e0       \177api-ms-win-crt-heap-l1-1-0_NULL_THUNK_DATA 00000001800110e0     ucrt:api-ms-win-crt-heap-l1-1-0.dll
 0002:000000e8       __imp__configure_narrow_argv 00000001800110e8     ucrt:api-ms-win-crt-runtime-l1-1-0.dll
 0002:000000f0       __imp__initialize_narrow_environment 00000001800110f0     ucrt:api-ms-win-crt-runtime-l1-1-0.dll
 0002:000000f8       __imp__initialize_onexit_table 00000001800110f8     ucrt:api-ms-win-crt-runtime-l1-1-0.dll
 0002:00000100       __imp__initterm_e          0000000180011100     ucrt:api-ms-win-crt-runtime-l1-1-0.dll
 0002:00000108       __imp__initterm            0000000180011108     ucrt:api-ms-win-crt-runtime-l1-1-0.dll
 0002:00000110       __imp__execute_onexit_table 0000000180011110     ucrt:api-ms-win-crt-runtime-l1-1-0.dll
 0002:00000118       __imp__crt_atexit          0000000180011118     ucrt:api-ms-win-crt-runtime-l1-1-0.dll
 0002:00000120       __imp__crt_at_quick_exit   0000000180011120     ucrt:api-ms-win-crt-runtime-l1-1-0.dll
 0002:00000128       __imp__cexit               0000000180011128     ucrt:api-ms-win-crt-runtime-l1-1-0.dll
 0002:00000130       __imp__seh_filter_dll      0000000180011130     ucrt:api-ms-win-crt-runtime-l1-1-0.dll
 0002:00000138       __imp_terminate            0000000180011138     ucrt:api-ms-win-crt-runtime-l1-1-0.dll
 0002:00000140       __imp__register_onexit_function 0000000180011140     ucrt:api-ms-win-crt-runtime-l1-1-0.dll
 0002:00000148       \177api-ms-win-crt-runtime-l1-1-0_NULL_THUNK_DATA 0000000180011148     ucrt:api-ms-win-crt-runtime-l1-1-0.dll
 0002:00000150       __imp___stdio_common_vsprintf 0000000180011150     ucrt:api-ms-win-crt-stdio-l1-1-0.dll
 0002:00000158       \177api-ms-win-crt-stdio-l1-1-0_NULL_THUNK_DATA 0000000180011158     ucrt:api-ms-win-crt-stdio-l1-1-0.dll
 0002:00000160       __imp_strcmp               0000000180011160     ucrt:api-ms-win-crt-string-l1-1-0.dll
 0002:00000168       __imp_strlen               0000000180011168     ucrt:api-ms-win-crt-string-l1-1-0.dll
 0002:00000170       \177api-ms-win-crt-string-l1-1-0_NULL_THUNK_DATA 0000000180011170     ucrt:api-ms-win-crt-string-l1-1-0.dll
 0002:00000178       __imp__time64              0000000180011178     ucrt:api-ms-win-crt-time-l1-1-0.dll
 0002:00000180       __imp__localtime64         0000000180011180     ucrt:api-ms-win-crt-time-l1-1-0.dll
 0002:00000188       \177api-ms-win-crt-time-l1-1-0_NULL_THUNK_DATA 0000000180011188     ucrt:api-ms-win-crt-time-l1-1-0.dll
 0002:00000190       __imp_emlrtCreateCharArray 0000000180011190     libemlrt:libemlrt.dll
 0002:00000198       __imp_emlrtInitCharArrayR2013a 0000000180011198     libemlrt:libemlrt.dll
 0002:000001a0       __imp_emlrtAssign          00000001800111a0     libemlrt:libemlrt.dll
 0002:000001a8       __imp_emlrtLicenseCheckR2022a 00000001800111a8     libemlrt:libemlrt.dll
 0002:000001b0       __imp_emlrtCallMATLABR2012b 00000001800111b0     libemlrt:libemlrt.dll
 0002:000001b8       \177libemlrt_NULL_THUNK_DATA 00000001800111b8     libemlrt:libemlrt.dll
 0002:000001c0       __imp_mexUnlock_800        00000001800111c0     libmex:libmex.dll
 0002:000001c8       __imp_mexWarnMsgTxt_800    00000001800111c8     libmex:libmex.dll
 0002:000001d0       __imp_mexIsLocked_800      00000001800111d0     libmex:libmex.dll
 0002:000001d8       __imp_mexCallMATLAB_800    00000001800111d8     libmex:libmex.dll
 0002:000001e0       __imp_mexPrintf_800        00000001800111e0     libmex:libmex.dll
 0002:000001e8       \177libmex_NULL_THUNK_DATA 00000001800111e8     libmex:libmex.dll
 0002:000001f0       __imp_cgxertSetGcb         00000001800111f0     libmwcgxert:libmwcgxert.dll
 0002:000001f8       __imp_cgxertGetEMLRTCtx    00000001800111f8     libmwcgxert:libmwcgxert.dll
 0002:00000200       __imp_cgxertSetRuntimeInstance 0000000180011200     libmwcgxert:libmwcgxert.dll
 0002:00000208       __imp_cgxertGetRuntimeInstance 0000000180011208     libmwcgxert:libmwcgxert.dll
 0002:00000210       __imp_cgxertSetSimStateCompliance 0000000180011210     libmwcgxert:libmwcgxert.dll
 0002:00000218       __imp_cgxertGetOutputPortSignal 0000000180011218     libmwcgxert:libmwcgxert.dll
 0002:00000220       __imp_cgxertGetInputPortSignal 0000000180011220     libmwcgxert:libmwcgxert.dll
 0002:00000228       __imp_cgxertRestoreGcb     0000000180011228     libmwcgxert:libmwcgxert.dll
 0002:00000230       __imp_cgxertGetRunTimeParamInfoData 0000000180011230     libmwcgxert:libmwcgxert.dll
 0002:00000238       \177libmwcgxert_NULL_THUNK_DATA 0000000180011238     libmwcgxert:libmwcgxert.dll
 0002:00000240       __imp_muDoubleScalarCeil   0000000180011240     libmwmathutil:libmwmathutil.dll
 0002:00000248       __imp_muDoubleScalarIsInf  0000000180011248     libmwmathutil:libmwmathutil.dll
 0002:00000250       __imp_muDoubleScalarIsNaN  0000000180011250     libmwmathutil:libmwmathutil.dll
 0002:00000258       __imp_muDoubleScalarRem    0000000180011258     libmwmathutil:libmwmathutil.dll
 0002:00000260       __imp_muDoubleScalarSqrt   0000000180011260     libmwmathutil:libmwmathutil.dll
 0002:00000268       __imp_muDoubleScalarPower  0000000180011268     libmwmathutil:libmwmathutil.dll
 0002:00000270       __imp_muDoubleScalarLog    0000000180011270     libmwmathutil:libmwmathutil.dll
 0002:00000278       __imp_muDoubleScalarExp    0000000180011278     libmwmathutil:libmwmathutil.dll
 0002:00000280       __imp_muDoubleScalarRound  0000000180011280     libmwmathutil:libmwmathutil.dll
 0002:00000288       __imp_muDoubleScalarFloor  0000000180011288     libmwmathutil:libmwmathutil.dll
 0002:00000290       __imp_muDoubleScalarAbs    0000000180011290     libmwmathutil:libmwmathutil.dll
 0002:00000298       \177libmwmathutil_NULL_THUNK_DATA 0000000180011298     libmwmathutil:libmwmathutil.dll
 0002:000002a0       __imp_mxSetCell_800        00000001800112a0     libmx:libmx.dll
 0002:000002a8       __imp_mxGetString_800      00000001800112a8     libmx:libmx.dll
 0002:000002b0       __imp_mxCreateDoubleScalar_800 00000001800112b0     libmx:libmx.dll
 0002:000002b8       __imp_mxCreateNumericMatrix_800 00000001800112b8     libmx:libmx.dll
 0002:000002c0       __imp_mxSetField_800       00000001800112c0     libmx:libmx.dll
 0002:000002c8       __imp_mxGetN_800           00000001800112c8     libmx:libmx.dll
 0002:000002d0       __imp_mxIsComplex_800      00000001800112d0     libmx:libmx.dll
 0002:000002d8       __imp_mxIsChar_800         00000001800112d8     libmx:libmx.dll
 0002:000002e0       __imp_mxIsNumeric_800      00000001800112e0     libmx:libmx.dll
 0002:000002e8       __imp_mxGetData_800        00000001800112e8     libmx:libmx.dll
 0002:000002f0       __imp_mxGetClassID_800     00000001800112f0     libmx:libmx.dll
 0002:000002f8       __imp_mxGetM_800           00000001800112f8     libmx:libmx.dll
 0002:00000300       __imp_mxCalloc_800         0000000180011300     libmx:libmx.dll
 0002:00000308       __imp_mxGetNaN_800         0000000180011308     libmx:libmx.dll
 0002:00000310       __imp_mxCreateStructMatrix_800 0000000180011310     libmx:libmx.dll
 0002:00000318       __imp_mxCreateCellMatrix_800 0000000180011318     libmx:libmx.dll
 0002:00000320       __imp_mxCreateString_800   0000000180011320     libmx:libmx.dll
 0002:00000328       __imp_mxCreateDoubleMatrix_800 0000000180011328     libmx:libmx.dll
 0002:00000330       __imp_mxSetFieldByNumber_800 0000000180011330     libmx:libmx.dll
 0002:00000338       __imp_mxGetPr_800          0000000180011338     libmx:libmx.dll
 0002:00000340       \177libmx_NULL_THUNK_DATA  0000000180011340     libmx:libmx.dll
 0002:00000348       __guard_check_icall_fptr   0000000180011348     MSVCRT:guard_support.obj
 0002:00000350       __guard_xfg_check_icall_fptr 0000000180011350     MSVCRT:guard_support.obj
 0002:00000358       __guard_dispatch_icall_fptr 0000000180011358     MSVCRT:guard_support.obj
 0002:00000360       __guard_xfg_dispatch_icall_fptr 0000000180011360     MSVCRT:guard_support.obj
 0002:00000368       __guard_xfg_table_dispatch_icall_fptr 0000000180011368     MSVCRT:guard_support.obj
 0002:00000370       __xc_a                     0000000180011370     MSVCRT:initializers.obj
 0002:00000378       __xc_z                     0000000180011378     MSVCRT:initializers.obj
 0002:00000380       __xi_a                     0000000180011380     MSVCRT:initializers.obj
 0002:00000388       __xi_z                     0000000180011388     MSVCRT:initializers.obj
 0002:00000390       __xp_a                     0000000180011390     MSVCRT:initializers.obj
 0002:00000398       __xp_z                     0000000180011398     MSVCRT:initializers.obj
 0002:000003a0       __xt_a                     00000001800113a0     MSVCRT:initializers.obj
 0002:000003a8       __xt_z                     00000001800113a8     MSVCRT:initializers.obj
 0002:000004e0       __real@0000000000000000    00000001800114e0     m_Jf2lRQWLrP2B1g4UrAzlsF.obj
 0002:000004e8       __real@3ca0000000000000    00000001800114e8     m_Jf2lRQWLrP2B1g4UrAzlsF.obj
 0002:000004f0       __real@3cb0000000000000    00000001800114f0     m_Jf2lRQWLrP2B1g4UrAzlsF.obj
 0002:000004f8       __real@3defffffffffffff    00000001800114f8     m_Jf2lRQWLrP2B1g4UrAzlsF.obj
 0002:00000500       __real@3e00000000000000    0000000180011500     m_Jf2lRQWLrP2B1g4UrAzlsF.obj
 0002:00000508       __real@3e00000000200000    0000000180011508     m_Jf2lRQWLrP2B1g4UrAzlsF.obj
 0002:00000510       __real@3f940d92e5a05850    0000000180011510     m_Jf2lRQWLrP2B1g4UrAzlsF.obj
 0002:00000518       __real@3fd183aa6c20e8bc    0000000180011518     m_Jf2lRQWLrP2B1g4UrAzlsF.obj
 0002:00000520       __real@3fdf39bd90efa6ec    0000000180011520     m_Jf2lRQWLrP2B1g4UrAzlsF.obj
 0002:00000528       __real@3fe0000000000000    0000000180011528     m_Jf2lRQWLrP2B1g4UrAzlsF.obj
 0002:00000530       __real@3fef01751555d29a    0000000180011530     m_Jf2lRQWLrP2B1g4UrAzlsF.obj
 0002:00000538       __real@3ff0000000000000    0000000180011538     m_Jf2lRQWLrP2B1g4UrAzlsF.obj
 0002:00000540       __real@3ff4d1b4fe79ee03    0000000180011540     m_Jf2lRQWLrP2B1g4UrAzlsF.obj
 0002:00000548       __real@4000000000000000    0000000180011548     m_Jf2lRQWLrP2B1g4UrAzlsF.obj
 0002:00000550       __real@40063748a159817c    0000000180011550     m_Jf2lRQWLrP2B1g4UrAzlsF.obj
 0002:00000558       __real@400d3bb48209ad36    0000000180011558     m_Jf2lRQWLrP2B1g4UrAzlsF.obj
 0002:00000560       __real@4010000000000000    0000000180011560     m_Jf2lRQWLrP2B1g4UrAzlsF.obj
 0002:00000568       __real@4024000000000000    0000000180011568     m_Jf2lRQWLrP2B1g4UrAzlsF.obj
 0002:00000570       __real@4028c070b8cfbfc6    0000000180011570     m_Jf2lRQWLrP2B1g4UrAzlsF.obj
 0002:00000578       __real@40295aa79bbadc0a    0000000180011578     m_Jf2lRQWLrP2B1g4UrAzlsF.obj
 0002:00000580       __real@404e000000000000    0000000180011580     m_Jf2lRQWLrP2B1g4UrAzlsF.obj
 0002:00000588       __real@4059000000000000    0000000180011588     m_Jf2lRQWLrP2B1g4UrAzlsF.obj
 0002:00000590       __real@4076d00000000000    0000000180011590     m_Jf2lRQWLrP2B1g4UrAzlsF.obj
 0002:00000598       __real@4079000000000000    0000000180011598     m_Jf2lRQWLrP2B1g4UrAzlsF.obj
 0002:000005a0       __real@40ac200000000000    00000001800115a0     m_Jf2lRQWLrP2B1g4UrAzlsF.obj
 0002:000005a8       __real@40f5180000000000    00000001800115a8     m_Jf2lRQWLrP2B1g4UrAzlsF.obj
 0002:000005b0       __real@41607ac000000000    00000001800115b0     m_Jf2lRQWLrP2B1g4UrAzlsF.obj
 0002:000005b8       __real@4170000000000000    00000001800115b8     m_Jf2lRQWLrP2B1g4UrAzlsF.obj
 0002:000005c0       __real@4190000000000000    00000001800115c0     m_Jf2lRQWLrP2B1g4UrAzlsF.obj
 0002:000005c8       __real@41dfffffffc00000    00000001800115c8     m_Jf2lRQWLrP2B1g4UrAzlsF.obj
 0002:000005d0       __real@41f0000000000000    00000001800115d0     m_Jf2lRQWLrP2B1g4UrAzlsF.obj
 0002:000005d8       __real@bfe0000000000000    00000001800115d8     m_Jf2lRQWLrP2B1g4UrAzlsF.obj
 0002:000005e0       __real@c000000000000000    00000001800115e0     m_Jf2lRQWLrP2B1g4UrAzlsF.obj
 0002:000005f0       __xmm@80000000000000008000000000000000 00000001800115f0     m_Jf2lRQWLrP2B1g4UrAzlsF.obj
 0002:00000600       DYNAMIC_DIMENSION_DEF      0000000180011600     untitled_cgxe_registry.obj
 0002:00000618       __real@41602cbca0000000    0000000180011618     untitled_cgxe_registry.obj
 0002:00000620       __real@4186e9b8d0000000    0000000180011620     untitled_cgxe_registry.obj
 0002:00000628       __real@419f003408000000    0000000180011628     untitled_cgxe_registry.obj
 0002:00000630       __real@41c06baa38800000    0000000180011630     untitled_cgxe_registry.obj
 0002:00000638       __real@41c0c15476800000    0000000180011638     untitled_cgxe_registry.obj
 0002:00000640       __real@41c2455d90000000    0000000180011640     untitled_cgxe_registry.obj
 0002:00000648       __real@41c6c2d11c800000    0000000180011648     untitled_cgxe_registry.obj
 0002:00000650       __real@41c86c2a4f000000    0000000180011650     untitled_cgxe_registry.obj
 0002:00000658       __real@41d6b50461400000    0000000180011658     untitled_cgxe_registry.obj
 0002:00000660       __real@41dc67f553c00000    0000000180011660     untitled_cgxe_registry.obj
 0002:00000668       __real@41e0645daee00000    0000000180011668     untitled_cgxe_registry.obj
 0002:00000670       __real@41e13401bfc00000    0000000180011670     untitled_cgxe_registry.obj
 0002:00000678       __real@41e2069ed9a00000    0000000180011678     untitled_cgxe_registry.obj
 0002:00000680       __real@41e5b0b712600000    0000000180011680     untitled_cgxe_registry.obj
 0002:00000688       __real@41e657df65200000    0000000180011688     untitled_cgxe_registry.obj
 0002:00000690       __real@41edda21b1600000    0000000180011690     untitled_cgxe_registry.obj
 0002:00000698       __real@41efea1824600000    0000000180011698     untitled_cgxe_registry.obj
 0002:000006a0       __real@bff0000000000000    00000001800116a0     untitled_cgxe_registry.obj
 0002:000006b8       _pRawDllMain               00000001800116b8     MSVCRT:dll_dllmain.obj
 0002:000006b8       _pDefaultRawDllMain        00000001800116b8     MSVCRT:dll_dllmain.obj
 0002:000006c0       __xmm@ffffffffffffffffffffffffffffffff 00000001800116c0     MSVCRT:utility.obj
 0002:000006f0       _load_config_used          00000001800116f0     MSVCRT:loadcfg.obj
 0002:00000880       __CastGuardVftablesStart   0000000180011880     MSVCRT:guard_support.obj
 0002:00000888       __CastGuardVftablesEnd     0000000180011888     MSVCRT:guard_support.obj
 0002:00000890       __volatile_metadata        0000000180011890     <linker-defined>
 0002:00000be8       __rtc_iaa                  0000000180011be8     MSVCRT:initsect.obj
 0002:00000bf0       __rtc_izz                  0000000180011bf0     MSVCRT:initsect.obj
 0002:00000bf8       __rtc_taa                  0000000180011bf8     MSVCRT:initsect.obj
 0002:00000c00       __rtc_tzz                  0000000180011c00     MSVCRT:initsect.obj
 0002:000014e8       __IMPORT_DESCRIPTOR_libmx  00000001800124e8     libmx:libmx.dll
 0002:000014fc       __IMPORT_DESCRIPTOR_libmex 00000001800124fc     libmex:libmex.dll
 0002:00001510       __IMPORT_DESCRIPTOR_libmwmathutil 0000000180012510     libmwmathutil:libmwmathutil.dll
 0002:00001524       __IMPORT_DESCRIPTOR_libemlrt 0000000180012524     libemlrt:libemlrt.dll
 0002:00001538       __IMPORT_DESCRIPTOR_libmwcgxert 0000000180012538     libmwcgxert:libmwcgxert.dll
 0002:0000154c       __IMPORT_DESCRIPTOR_KERNEL32 000000018001254c     kernel32:KERNEL32.dll
 0002:00001560       __IMPORT_DESCRIPTOR_VCRUNTIME140 0000000180012560     vcruntime:VCRUNTIME140.dll
 0002:00001574       __IMPORT_DESCRIPTOR_api-ms-win-crt-heap-l1-1-0 0000000180012574     ucrt:api-ms-win-crt-heap-l1-1-0.dll
 0002:00001588       __IMPORT_DESCRIPTOR_api-ms-win-crt-time-l1-1-0 0000000180012588     ucrt:api-ms-win-crt-time-l1-1-0.dll
 0002:0000159c       __IMPORT_DESCRIPTOR_api-ms-win-crt-string-l1-1-0 000000018001259c     ucrt:api-ms-win-crt-string-l1-1-0.dll
 0002:000015b0       __IMPORT_DESCRIPTOR_api-ms-win-crt-stdio-l1-1-0 00000001800125b0     ucrt:api-ms-win-crt-stdio-l1-1-0.dll
 0002:000015c4       __IMPORT_DESCRIPTOR_api-ms-win-crt-runtime-l1-1-0 00000001800125c4     ucrt:api-ms-win-crt-runtime-l1-1-0.dll
 0002:000015d8       __NULL_IMPORT_DESCRIPTOR   00000001800125d8     libmx:libmx.dll
 0003:00004710       DYNAMIC_DIMENSION          0000000180018710     untitled_cgxe_registry.obj
 0003:00006930       __security_cookie_complement 000000018001a930     MSVCRT:gs_cookie.obj
 0003:00006938       __security_cookie          000000018001a938     MSVCRT:gs_cookie.obj
 0003:00006940       _fltused                   000000018001a940     MSVCRT:fltused.obj
 0003:00006944       __scrt_native_dllmain_reason 000000018001a944     MSVCRT:utility.obj
 0003:00006948       __isa_available            000000018001a948     MSVCRT:cpu_disp.obj
 0003:0000694c       __isa_enabled              000000018001a94c     MSVCRT:cpu_disp.obj
 0003:00006950       __memcpy_nt_iters          000000018001a950     MSVCRT:cpu_disp.obj
 0003:00006958       __memset_nt_iters          000000018001a958     MSVCRT:cpu_disp.obj
 0003:00006960       __scrt_ucrt_dll_is_in_use  000000018001a960     MSVCRT:ucrt_stubs.obj
 0003:00006f10       ?__type_info_root_node@@3U__type_info_node@@A 000000018001af10     MSVCRT:tncleanup.obj
 0003:00006f20       ?_OptionsStorage@?1??__local_stdio_printf_options@@9@4_KA 000000018001af20     MSVCRT:default_local_stdio_options.obj
 0003:00006f28       ?_OptionsStorage@?1??__local_stdio_scanf_options@@9@4_KA 000000018001af28     MSVCRT:default_local_stdio_options.obj
 0003:00006f30       __scrt_current_native_startup_state 000000018001af30     MSVCRT:utility.obj
 0003:00006f38       __scrt_native_startup_lock 000000018001af38     MSVCRT:utility.obj
 0003:00006f78       __scrt_debugger_hook_flag  000000018001af78     MSVCRT:utility_desktop.obj
 0003:00006f80       __castguard_check_failure_os_handled_fptr 000000018001af80     MSVCRT:guard_support.obj
 0003:00006f88       __favor                    000000018001af88     MSVCRT:cpu_disp.obj
 0003:00006f90       ?_OptionsStorage@?1??__local_stdio_printf_options@@9@9 000000018001af90     <common>
 0003:00006f98       __dyn_tls_init_callback    000000018001af98     <common>

 entry point at        0001:0000ee64

 Static symbols

 0000:fffe4000       _volmd                     0000000180000000     m_Jf2lRQWLrP2B1g4UrAzlsF.obj
 0000:00000000       .debug$S                   0000000180000000     untitled_cgxe.exp
 0000:fffe4000       _volmd                     0000000180000000     untitled_cgxe_registry.obj
 0000:fffe4000       _volmd                     0000000180000000     MSVCRT:cpu_disp.obj
 0002:fffef000       __guard_ehcont_?dllmain_dispatch@@YAHQEAUHINSTANCE__@@KQEAX@Z 0000000180000000     MSVCRT:dll_dllmain.obj
 0002:fffef000       __guard_fids_?dllmain_dispatch@@YAHQEAUHINSTANCE__@@KQEAX@Z 0000000180000000     MSVCRT:dll_dllmain.obj
 0000:fffe4000       _volmd                     0000000180000000     MSVCRT:gs_report.obj
 0000:fffe4000       _volmd                     0000000180000000     MSVCRT:gs_report.obj
 0000:fffe4000       _volmd                     0000000180000000     MSVCRT:gs_report.obj
 0002:fffef000       __guard_fids__             0000000180000000     MSVCRT:guard_support.obj
 0002:fffef000       __guard_fids__             0000000180000000     MSVCRT:guard_support.obj
 0002:fffef000       __guard_fids__guard_icall_checks_enforced 0000000180000000     MSVCRT:guard_support.obj
 0000:fffe4000       _volmd                     0000000180000000     MSVCRT:guard_support.obj
 0000:fffe4000       _volmd                     0000000180000000     MSVCRT:guard_support.obj
 0000:fffe4000       _volmd                     0000000180000000     MSVCRT:guard_support.obj
 0000:fffe4000       _volmd                     0000000180000000     MSVCRT:guard_support.obj
 0000:fffe4000       _volmd                     0000000180000000     MSVCRT:guard_support.obj
 0002:fffef000       __guard_ehcont___scrt_is_nonwritable_in_current_image 0000000180000000     MSVCRT:utility.obj
 0000:fffe4000       _volmd                     0000000180000000     MSVCRT:utility.obj
 0000:fffe4000       _volmd                     0000000180000000     MSVCRT:utility.obj
 0000:fffe4000       _volmd                     0000000180000000     MSVCRT:utility.obj
 0002:fffef000       __guard_fids___scrt_set_unhandled_exception_filter 0000000180000000     MSVCRT:utility_desktop.obj
 0000:fffe4000       _volmd                     0000000180000000     MSVCRT:utility_desktop.obj
 0000:00000000       .debug$S                   0000000180000000     vcruntime:VCRUNTIME140.dll
 0000:00000000       .debug$S                   0000000180000000     vcruntime:VCRUNTIME140.dll
 0000:00000000       .debug$S                   0000000180000000     vcruntime:VCRUNTIME140.dll
 0000:00000000       .debug$S                   0000000180000000     vcruntime:VCRUNTIME140.dll
 0000:00000000       .debug$S                   0000000180000000     vcruntime:VCRUNTIME140.dll
 0000:00000000       .debug$S                   0000000180000000     vcruntime:VCRUNTIME140.dll
 0000:00000000       .debug$S                   0000000180000000     ucrt:api-ms-win-crt-heap-l1-1-0.dll
 0000:00000000       .debug$S                   0000000180000000     ucrt:api-ms-win-crt-heap-l1-1-0.dll
 0000:00000000       .debug$S                   0000000180000000     ucrt:api-ms-win-crt-heap-l1-1-0.dll
 0000:00000000       .debug$S                   0000000180000000     ucrt:api-ms-win-crt-runtime-l1-1-0.dll
 0000:00000000       .debug$S                   0000000180000000     ucrt:api-ms-win-crt-runtime-l1-1-0.dll
 0000:00000000       .debug$S                   0000000180000000     ucrt:api-ms-win-crt-runtime-l1-1-0.dll
 0000:00000000       .debug$S                   0000000180000000     ucrt:api-ms-win-crt-runtime-l1-1-0.dll
 0000:00000000       .debug$S                   0000000180000000     ucrt:api-ms-win-crt-runtime-l1-1-0.dll
 0000:00000000       .debug$S                   0000000180000000     ucrt:api-ms-win-crt-runtime-l1-1-0.dll
 0000:00000000       .debug$S                   0000000180000000     ucrt:api-ms-win-crt-runtime-l1-1-0.dll
 0000:00000000       .debug$S                   0000000180000000     ucrt:api-ms-win-crt-runtime-l1-1-0.dll
 0000:00000000       .debug$S                   0000000180000000     ucrt:api-ms-win-crt-runtime-l1-1-0.dll
 0000:00000000       .debug$S                   0000000180000000     ucrt:api-ms-win-crt-runtime-l1-1-0.dll
 0000:00000000       .debug$S                   0000000180000000     ucrt:api-ms-win-crt-runtime-l1-1-0.dll
 0000:00000000       .debug$S                   0000000180000000     ucrt:api-ms-win-crt-runtime-l1-1-0.dll
 0000:00000000       .debug$S                   0000000180000000     ucrt:api-ms-win-crt-stdio-l1-1-0.dll
 0000:00000000       .debug$S                   0000000180000000     ucrt:api-ms-win-crt-string-l1-1-0.dll
 0000:00000000       .debug$S                   0000000180000000     ucrt:api-ms-win-crt-string-l1-1-0.dll
 0000:00000000       .debug$S                   0000000180000000     ucrt:api-ms-win-crt-time-l1-1-0.dll
 0000:00000000       .debug$S                   0000000180000000     ucrt:api-ms-win-crt-time-l1-1-0.dll
 0000:00000000       .debug$S                   0000000180000000     kernel32:KERNEL32.dll
 0000:00000000       .debug$S                   0000000180000000     kernel32:KERNEL32.dll
 0000:00000000       .debug$S                   0000000180000000     kernel32:KERNEL32.dll
 0000:00000000       .debug$S                   0000000180000000     kernel32:KERNEL32.dll
 0000:00000000       .debug$S                   0000000180000000     kernel32:KERNEL32.dll
 0000:00000000       .debug$S                   0000000180000000     kernel32:KERNEL32.dll
 0000:00000000       .debug$S                   0000000180000000     kernel32:KERNEL32.dll
 0000:00000000       .debug$S                   0000000180000000     kernel32:KERNEL32.dll
 0000:00000000       .debug$S                   0000000180000000     kernel32:KERNEL32.dll
 0000:00000000       .debug$S                   0000000180000000     kernel32:KERNEL32.dll
 0000:00000000       .debug$S                   0000000180000000     kernel32:KERNEL32.dll
 0000:00000000       .debug$S                   0000000180000000     kernel32:KERNEL32.dll
 0000:00000000       .debug$S                   0000000180000000     kernel32:KERNEL32.dll
 0000:00000000       .debug$S                   0000000180000000     kernel32:KERNEL32.dll
 0000:00000000       .debug$S                   0000000180000000     kernel32:KERNEL32.dll
 0000:00000000       .debug$S                   0000000180000000     kernel32:KERNEL32.dll
 0000:00000000       .debug$S                   0000000180000000     kernel32:KERNEL32.dll
 0000:00000000       .debug$S                   0000000180000000     libemlrt:libemlrt.dll
 0000:00000000       .debug$S                   0000000180000000     libemlrt:libemlrt.dll
 0000:00000000       .debug$S                   0000000180000000     libemlrt:libemlrt.dll
 0000:00000000       .debug$S                   0000000180000000     libemlrt:libemlrt.dll
 0000:00000000       .debug$S                   0000000180000000     libemlrt:libemlrt.dll
 0000:00000000       .debug$S                   0000000180000000     libmex:libmex.dll
 0000:00000000       .debug$S                   0000000180000000     libmex:libmex.dll
 0000:00000000       .debug$S                   0000000180000000     libmex:libmex.dll
 0000:00000000       .debug$S                   0000000180000000     libmex:libmex.dll
 0000:00000000       .debug$S                   0000000180000000     libmex:libmex.dll
 0000:00000000       .debug$S                   0000000180000000     libmwcgxert:libmwcgxert.dll
 0000:00000000       .debug$S                   0000000180000000     libmwcgxert:libmwcgxert.dll
 0000:00000000       .debug$S                   0000000180000000     libmwcgxert:libmwcgxert.dll
 0000:00000000       .debug$S                   0000000180000000     libmwcgxert:libmwcgxert.dll
 0000:00000000       .debug$S                   0000000180000000     libmwcgxert:libmwcgxert.dll
 0000:00000000       .debug$S                   0000000180000000     libmwcgxert:libmwcgxert.dll
 0000:00000000       .debug$S                   0000000180000000     libmwcgxert:libmwcgxert.dll
 0000:00000000       .debug$S                   0000000180000000     libmwcgxert:libmwcgxert.dll
 0000:00000000       .debug$S                   0000000180000000     libmwcgxert:libmwcgxert.dll
 0000:00000000       .debug$S                   0000000180000000     libmwmathutil:libmwmathutil.dll
 0000:00000000       .debug$S                   0000000180000000     libmwmathutil:libmwmathutil.dll
 0000:00000000       .debug$S                   0000000180000000     libmwmathutil:libmwmathutil.dll
 0000:00000000       .debug$S                   0000000180000000     libmwmathutil:libmwmathutil.dll
 0000:00000000       .debug$S                   0000000180000000     libmwmathutil:libmwmathutil.dll
 0000:00000000       .debug$S                   0000000180000000     libmwmathutil:libmwmathutil.dll
 0000:00000000       .debug$S                   0000000180000000     libmwmathutil:libmwmathutil.dll
 0000:00000000       .debug$S                   0000000180000000     libmwmathutil:libmwmathutil.dll
 0000:00000000       .debug$S                   0000000180000000     libmwmathutil:libmwmathutil.dll
 0000:00000000       .debug$S                   0000000180000000     libmwmathutil:libmwmathutil.dll
 0000:00000000       .debug$S                   0000000180000000     libmwmathutil:libmwmathutil.dll
 0000:00000000       .debug$S                   0000000180000000     libmx:libmx.dll
 0000:00000000       .debug$S                   0000000180000000     libmx:libmx.dll
 0000:00000000       .debug$S                   0000000180000000     libmx:libmx.dll
 0000:00000000       .debug$S                   0000000180000000     libmx:libmx.dll
 0000:00000000       .debug$S                   0000000180000000     libmx:libmx.dll
 0000:00000000       .debug$S                   0000000180000000     libmx:libmx.dll
 0000:00000000       .debug$S                   0000000180000000     libmx:libmx.dll
 0000:00000000       .debug$S                   0000000180000000     libmx:libmx.dll
 0000:00000000       .debug$S                   0000000180000000     libmx:libmx.dll
 0000:00000000       .debug$S                   0000000180000000     libmx:libmx.dll
 0000:00000000       .debug$S                   0000000180000000     libmx:libmx.dll
 0000:00000000       .debug$S                   0000000180000000     libmx:libmx.dll
 0000:00000000       .debug$S                   0000000180000000     libmx:libmx.dll
 0000:00000000       .debug$S                   0000000180000000     libmx:libmx.dll
 0000:00000000       .debug$S                   0000000180000000     libmx:libmx.dll
 0000:00000000       .debug$S                   0000000180000000     libmx:libmx.dll
 0000:00000000       .debug$S                   0000000180000000     libmx:libmx.dll
 0000:00000000       .debug$S                   0000000180000000     libmx:libmx.dll
 0000:00000000       .debug$S                   0000000180000000     libmx:libmx.dll
 0000:00000000       .debug$S                   0000000180000000     libmx:libmx.dll
 0000:fffe4010       _volmd                     0000000180000010     m_Jf2lRQWLrP2B1g4UrAzlsF.obj
 0000:fffe4010       _volmd                     0000000180000010     untitled_cgxe_registry.obj
 0000:fffe4020       _volmd                     0000000180000020     m_Jf2lRQWLrP2B1g4UrAzlsF.obj
 0000:fffe4020       _volmd                     0000000180000020     untitled_cgxe_registry.obj
 0000:fffe4030       _volmd                     0000000180000030     m_Jf2lRQWLrP2B1g4UrAzlsF.obj
 0000:fffe4030       _volmd                     0000000180000030     untitled_cgxe_registry.obj
 0000:fffe4040       _volmd                     0000000180000040     m_Jf2lRQWLrP2B1g4UrAzlsF.obj
 0000:fffe4040       _volmd                     0000000180000040     untitled_cgxe_registry.obj
 0000:fffe4050       _volmd                     0000000180000050     m_Jf2lRQWLrP2B1g4UrAzlsF.obj
 0000:fffe4050       _volmd                     0000000180000050     untitled_cgxe_registry.obj
 0000:fffe4060       _volmd                     0000000180000060     m_Jf2lRQWLrP2B1g4UrAzlsF.obj
 0000:fffe4060       _volmd                     0000000180000060     untitled_cgxe_registry.obj
 0000:fffe4070       _volmd                     0000000180000070     m_Jf2lRQWLrP2B1g4UrAzlsF.obj
 0000:fffe4070       _volmd                     0000000180000070     untitled_cgxe_registry.obj
 0000:fffe4080       _volmd                     0000000180000080     m_Jf2lRQWLrP2B1g4UrAzlsF.obj
 0000:fffe4080       _volmd                     0000000180000080     untitled_cgxe_registry.obj
 0000:fffe4090       _volmd                     0000000180000090     untitled_cgxe_registry.obj
 0000:fffe40a0       _volmd                     00000001800000a0     untitled_cgxe_registry.obj
 0000:fffe40b0       _volmd                     00000001800000b0     untitled_cgxe_registry.obj
 0000:fffe40c0       _volmd                     00000001800000c0     untitled_cgxe_registry.obj
 0000:fffe40d0       _volmd                     00000001800000d0     untitled_cgxe_registry.obj
 0000:fffe40e0       _volmd                     00000001800000e0     untitled_cgxe_registry.obj
 0001:000000d0       localtime                  00000001800010d0 f   m_Jf2lRQWLrP2B1g4UrAzlsF.obj
 0001:000000f0       time                       00000001800010f0 f   m_Jf2lRQWLrP2B1g4UrAzlsF.obj
 0001:00000160       cgxe_mdl_start             0000000180001160 f   m_Jf2lRQWLrP2B1g4UrAzlsF.obj
 0001:00000250       cgxe_mdl_initialize        0000000180001250 f   m_Jf2lRQWLrP2B1g4UrAzlsF.obj
 0001:00000330       cgxe_mdl_outputs           0000000180001330 f   m_Jf2lRQWLrP2B1g4UrAzlsF.obj
 0001:00000420       cgxe_mdl_update            0000000180001420 f   m_Jf2lRQWLrP2B1g4UrAzlsF.obj
 0001:00000430       cgxe_mdl_derivative        0000000180001430 f   m_Jf2lRQWLrP2B1g4UrAzlsF.obj
 0001:00000440       cgxe_mdl_enable            0000000180001440 f   m_Jf2lRQWLrP2B1g4UrAzlsF.obj
 0001:00000450       cgxe_mdl_disable           0000000180001450 f   m_Jf2lRQWLrP2B1g4UrAzlsF.obj
 0001:00000460       cgxe_mdl_terminate         0000000180001460 f   m_Jf2lRQWLrP2B1g4UrAzlsF.obj
 0001:000004b0       mw__internal__system__init__fcn 00000001800014b0 f   m_Jf2lRQWLrP2B1g4UrAzlsF.obj
 0001:000005e0       mw__internal__call__setup  00000001800015e0 f   m_Jf2lRQWLrP2B1g4UrAzlsF.obj
 0001:00000810       AWGNChannelBase_set_SNR    0000000180001810 f   m_Jf2lRQWLrP2B1g4UrAzlsF.obj
 0001:00000b40       AWGNChannelBase_set_SignalPower 0000000180001b40 f   m_Jf2lRQWLrP2B1g4UrAzlsF.obj
 0001:00001390       SystemCore_setup           0000000180002390 f   m_Jf2lRQWLrP2B1g4UrAzlsF.obj
 0001:00001fe0       now                        0000000180002fe0 f   m_Jf2lRQWLrP2B1g4UrAzlsF.obj
 0001:00002410       b_mod                      0000000180003410 f   m_Jf2lRQWLrP2B1g4UrAzlsF.obj
 0001:000024d0       mt19937ar_reset            00000001800034d0 f   m_Jf2lRQWLrP2B1g4UrAzlsF.obj
 0001:000025a0       AWGNChannelBase_getStandardDeviation 00000001800035a0 f   m_Jf2lRQWLrP2B1g4UrAzlsF.obj
 0001:000028e0       SystemCore_checkTunablePropChange 00000001800038e0 f   m_Jf2lRQWLrP2B1g4UrAzlsF.obj
 0001:00002ae0       mw__internal__call__reset  0000000180003ae0 f   m_Jf2lRQWLrP2B1g4UrAzlsF.obj
 0001:000031c0       mw__internal__call__step   00000001800041c0 f   m_Jf2lRQWLrP2B1g4UrAzlsF.obj
 0001:00003e90       randn                      0000000180004e90 f   m_Jf2lRQWLrP2B1g4UrAzlsF.obj
 0001:00004220       genrandu                   0000000180005220 f   m_Jf2lRQWLrP2B1g4UrAzlsF.obj
 0001:000042d0       message                    00000001800052d0 f   m_Jf2lRQWLrP2B1g4UrAzlsF.obj
 0001:00004370       getString                  0000000180005370 f   m_Jf2lRQWLrP2B1g4UrAzlsF.obj
 0001:000043e0       error                      00000001800053e0 f   m_Jf2lRQWLrP2B1g4UrAzlsF.obj
 0001:00004470       b_message                  0000000180005470 f   m_Jf2lRQWLrP2B1g4UrAzlsF.obj
 0001:000044e0       eml_rand_shr3cong          00000001800054e0 f   m_Jf2lRQWLrP2B1g4UrAzlsF.obj
 0001:00004a30       eml_rand_mt19937ar         0000000180005a30 f   m_Jf2lRQWLrP2B1g4UrAzlsF.obj
 0001:00004d00       genrand_uint32_vector      0000000180005d00 f   m_Jf2lRQWLrP2B1g4UrAzlsF.obj
 0001:00004fb0       b_genrandu                 0000000180005fb0 f   m_Jf2lRQWLrP2B1g4UrAzlsF.obj
 0001:000052f0       init_simulink_io_address   00000001800062f0 f   m_Jf2lRQWLrP2B1g4UrAzlsF.obj
 0001:00005360       mdlOutputs_Jf2lRQWLrP2B1g4UrAzlsF 0000000180006360 f   m_Jf2lRQWLrP2B1g4UrAzlsF.obj
 0001:000053a0       mdlInitialize_Jf2lRQWLrP2B1g4UrAzlsF 00000001800063a0 f   m_Jf2lRQWLrP2B1g4UrAzlsF.obj
 0001:000053d0       mdlUpdate_Jf2lRQWLrP2B1g4UrAzlsF 00000001800063d0 f   m_Jf2lRQWLrP2B1g4UrAzlsF.obj
 0001:00005410       mdlDerivatives_Jf2lRQWLrP2B1g4UrAzlsF 0000000180006410 f   m_Jf2lRQWLrP2B1g4UrAzlsF.obj
 0001:00005440       mdlTerminate_Jf2lRQWLrP2B1g4UrAzlsF 0000000180006440 f   m_Jf2lRQWLrP2B1g4UrAzlsF.obj
 0001:00005480       mdlEnable_Jf2lRQWLrP2B1g4UrAzlsF 0000000180006480 f   m_Jf2lRQWLrP2B1g4UrAzlsF.obj
 0001:000054b0       mdlDisable_Jf2lRQWLrP2B1g4UrAzlsF 00000001800064b0 f   m_Jf2lRQWLrP2B1g4UrAzlsF.obj
 0001:000054e0       mdlStart_Jf2lRQWLrP2B1g4UrAzlsF 00000001800064e0 f   m_Jf2lRQWLrP2B1g4UrAzlsF.obj
 0001:000055f0       mdlProcessParameters_Jf2lRQWLrP2B1g4UrAzlsF 00000001800065f0 f   m_Jf2lRQWLrP2B1g4UrAzlsF.obj
 0001:000076cc       $LN147                     00000001800086cc     untitled_cgxe_registry.obj
 0001:00008534       $LN22                      0000000180009534     untitled_cgxe_registry.obj
 0001:00008c34       $LN26                      0000000180009c34     untitled_cgxe_registry.obj
 0001:00009314       $LN24                      000000018000a314     untitled_cgxe_registry.obj
 0001:0000a04c       $LN30                      000000018000b04c     untitled_cgxe_registry.obj
 0001:0000ca30       mdlStart                   000000018000da30 f   untitled_cgxe_registry.obj
 0001:0000ca70       mdlInitializeConditions    000000018000da70 f   untitled_cgxe_registry.obj
 0001:0000ca90       mdlUpdate                  000000018000da90 f   untitled_cgxe_registry.obj
 0001:0000cac0       mdlOutputs                 000000018000dac0 f   untitled_cgxe_registry.obj
 0001:0000caf0       mdlTerminate               000000018000daf0 f   untitled_cgxe_registry.obj
 0001:0000cb10       mdlInitializeSizes         000000018000db10 f   untitled_cgxe_registry.obj
 0001:0000cb20       mdlInitializeSampleTimes   000000018000db20 f   untitled_cgxe_registry.obj
 0001:0000cb30       cgxe_get_supported_modules 000000018000db30 f   untitled_cgxe_registry.obj
 0001:0000cc00       cgxe_process_get_checksums 000000018000dc00 f   untitled_cgxe_registry.obj
 0001:0000cf90       cgxe_mex_unlock_call       000000018000df90 f   untitled_cgxe_registry.obj
 0001:0000cfd0       cgxe_unpack_simstruct      000000018000dfd0 f   untitled_cgxe_registry.obj
 0001:0000d070       cgxe_get_sim_state         000000018000e070 f   untitled_cgxe_registry.obj
 0001:0000d0e0       cgxe_set_sim_state         000000018000e0e0 f   untitled_cgxe_registry.obj
 0001:0000d160       cgxe_get_BuildInfoUpdate   000000018000e160 f   untitled_cgxe_registry.obj
 0001:0000d230       cgxe_get_fallback_info     000000018000e230 f   untitled_cgxe_registry.obj
 0001:0000d300       ProcessMexSfunctionCmdLineCall 000000018000e300 f   untitled_cgxe_registry.obj
 0001:0000d530       mdlZeroCrossings           000000018000e530 f   untitled_cgxe_registry.obj
 0001:0000d580       mdlGetTimeOfNextVarHit     000000018000e580 f   untitled_cgxe_registry.obj
 0001:0000d5d0       _RegNumInputPortsCB        000000018000e5d0 f   untitled_cgxe_registry.obj
 0001:0000d650       _RegNumOutputPortsCB       000000018000e650 f   untitled_cgxe_registry.obj
 0001:0000d6d0       _CreateSimStruct           000000018000e6d0 f   untitled_cgxe_registry.obj
 0001:0000d900       _ProcessMexSfunctionCmdLineCall 000000018000e900 f   untitled_cgxe_registry.obj
 0001:0000e290       ReportIndexOutOfBoundsError 000000018000f290 f   untitled_cgxe_registry.obj
 0001:0000e984       capture_current_context    000000018000f984 f   MSVCRT:gs_report.obj
 0001:0000e9f4       capture_previous_context   000000018000f9f4 f   MSVCRT:gs_report.obj
 0001:0000eaf0       $$000000                   000000018000faf0     MSVCRT:amdsecgs.obj
 0001:0000eb20       ?dllmain_crt_dispatch@@YAHQEAUHINSTANCE__@@KQEAX@Z 000000018000fb20 f   MSVCRT:dll_dllmain.obj
 0001:0000eb70       ?dllmain_crt_process_attach@@YAHQEAUHINSTANCE__@@QEAX@Z 000000018000fb70 f   MSVCRT:dll_dllmain.obj
 0001:0000ec88       ?dllmain_crt_process_detach@@YAH_N@Z 000000018000fc88 f   MSVCRT:dll_dllmain.obj
 0001:0000ed0c       ?dllmain_dispatch@@YAHQEAUHINSTANCE__@@KQEAX@Z 000000018000fd0c f   MSVCRT:dll_dllmain.obj
 0001:0000ee40       ?dllmain_raw@@YAHQEAUHINSTANCE__@@KQEAX@Z 000000018000fe40 f   MSVCRT:dll_dllmain.obj
 0001:0000eea4       __get_entropy              000000018000fea4 f   MSVCRT:gs_support.obj
 0001:0000f034       ?find_pe_section@@YAPEAU_IMAGE_SECTION_HEADER@@QEAE_K@Z 0000000180010034 f   MSVCRT:utility.obj
 0001:0000f088       ?is_potentially_valid_image_base@@YA_NQEAX@Z 0000000180010088 f   MSVCRT:utility.obj
 0001:0000f7d4       __castguard_compat_check   00000001800107d4 f   MSVCRT:guard_support.obj
 0001:0000f8c0       __castguard_slow_path_compat_check 00000001800108c0 f   MSVCRT:guard_support.obj
 0001:0000fbd0       $$000000                   0000000180010bd0     MSVCRT:guard_dispatch.obj
 0001:0000fbf0       $$000000                   0000000180010bf0     MSVCRT:guard_xfg_dispatch.obj
 0001:0000fc06       ?fin$0@?0??dllmain_crt_process_attach@@YAHQEAUHINSTANCE__@@QEAX@Z@4HA 0000000180010c06 f   MSVCRT:dll_dllmain.obj
 0001:0000fc1d       ?fin$0@?0??dllmain_crt_process_detach@@YAH_N@Z@4HA 0000000180010c1d f   MSVCRT:dll_dllmain.obj
 0001:0000fc36       ?fin$1@?0??dllmain_crt_process_detach@@YAH_N@Z@4HA 0000000180010c36 f   MSVCRT:dll_dllmain.obj
 0001:0000fc4a       ?filt$0@?0??dllmain_dispatch@@YAHQEAUHINSTANCE__@@KQEAX@Z@4HA 0000000180010c4a f   MSVCRT:dll_dllmain.obj
 0001:0000fc80       __scrt_is_nonwritable_in_current_image$filt$0 0000000180010c80 f   MSVCRT:utility.obj
 0002:000003b0       ?iv@?1??AWGNChannelBase_set_SNR@@9@9 00000001800113b0     m_Jf2lRQWLrP2B1g4UrAzlsF.obj
 0002:000003b8       ?iv1@?1??AWGNChannelBase_set_SNR@@9@9 00000001800113b8     m_Jf2lRQWLrP2B1g4UrAzlsF.obj
 0002:000003c0       ?iv2@?1??AWGNChannelBase_set_SNR@@9@9 00000001800113c0     m_Jf2lRQWLrP2B1g4UrAzlsF.obj
 0002:000003c8       ?iv@?1??AWGNChannelBase_set_SignalPower@@9@9 00000001800113c8     m_Jf2lRQWLrP2B1g4UrAzlsF.obj
 0002:000003d0       ?iv1@?1??AWGNChannelBase_set_SignalPower@@9@9 00000001800113d0     m_Jf2lRQWLrP2B1g4UrAzlsF.obj
 0002:000003d8       ?iv2@?1??AWGNChannelBase_set_SignalPower@@9@9 00000001800113d8     m_Jf2lRQWLrP2B1g4UrAzlsF.obj
 0002:000003e0       ?iv3@?1??AWGNChannelBase_set_SignalPower@@9@9 00000001800113e0     m_Jf2lRQWLrP2B1g4UrAzlsF.obj
 0002:000003e8       ?iv4@?1??AWGNChannelBase_set_SignalPower@@9@9 00000001800113e8     m_Jf2lRQWLrP2B1g4UrAzlsF.obj
 0002:000003f0       ?iv5@?1??AWGNChannelBase_set_SignalPower@@9@9 00000001800113f0     m_Jf2lRQWLrP2B1g4UrAzlsF.obj
 0002:000003f8       ?iv6@?1??AWGNChannelBase_set_SignalPower@@9@9 00000001800113f8     m_Jf2lRQWLrP2B1g4UrAzlsF.obj
 0002:00000400       ?iv7@?1??AWGNChannelBase_set_SignalPower@@9@9 0000000180011400     m_Jf2lRQWLrP2B1g4UrAzlsF.obj
 0002:00000408       ?iv8@?1??AWGNChannelBase_set_SignalPower@@9@9 0000000180011408     m_Jf2lRQWLrP2B1g4UrAzlsF.obj
 0002:00000410       ?iv@?1??SystemCore_setup@@9@9 0000000180011410     m_Jf2lRQWLrP2B1g4UrAzlsF.obj
 0002:00000418       ?iv1@?1??SystemCore_setup@@9@9 0000000180011418     m_Jf2lRQWLrP2B1g4UrAzlsF.obj
 0002:00000420       ?iv2@?1??SystemCore_setup@@9@9 0000000180011420     m_Jf2lRQWLrP2B1g4UrAzlsF.obj
 0002:00000428       ?iv3@?1??SystemCore_setup@@9@9 0000000180011428     m_Jf2lRQWLrP2B1g4UrAzlsF.obj
 0002:00000430       ?iv4@?1??SystemCore_setup@@9@9 0000000180011430     m_Jf2lRQWLrP2B1g4UrAzlsF.obj
 0002:00000438       ?iv5@?1??SystemCore_setup@@9@9 0000000180011438     m_Jf2lRQWLrP2B1g4UrAzlsF.obj
 0002:00000440       ?iv6@?1??SystemCore_setup@@9@9 0000000180011440     m_Jf2lRQWLrP2B1g4UrAzlsF.obj
 0002:00000448       ?iv@?1??AWGNChannelBase_getStandardDeviation@@9@9 0000000180011448     m_Jf2lRQWLrP2B1g4UrAzlsF.obj
 0002:00000450       ?iv1@?1??AWGNChannelBase_getStandardDeviation@@9@9 0000000180011450     m_Jf2lRQWLrP2B1g4UrAzlsF.obj
 0002:00000458       ?iv2@?1??AWGNChannelBase_getStandardDeviation@@9@9 0000000180011458     m_Jf2lRQWLrP2B1g4UrAzlsF.obj
 0002:00000460       ?iv@?1??SystemCore_checkTunablePropChange@@9@9 0000000180011460     m_Jf2lRQWLrP2B1g4UrAzlsF.obj
 0002:00000468       ?iv1@?1??SystemCore_checkTunablePropChange@@9@9 0000000180011468     m_Jf2lRQWLrP2B1g4UrAzlsF.obj
 0002:00000470       ?iv@?1??mw__internal__call__reset@@9@9 0000000180011470     m_Jf2lRQWLrP2B1g4UrAzlsF.obj
 0002:00000478       ?iv1@?1??mw__internal__call__reset@@9@9 0000000180011478     m_Jf2lRQWLrP2B1g4UrAzlsF.obj
 0002:00000480       ?iv2@?1??mw__internal__call__reset@@9@9 0000000180011480     m_Jf2lRQWLrP2B1g4UrAzlsF.obj
 0002:00000488       ?iv3@?1??mw__internal__call__reset@@9@9 0000000180011488     m_Jf2lRQWLrP2B1g4UrAzlsF.obj
 0002:00000490       ?iv4@?1??mw__internal__call__reset@@9@9 0000000180011490     m_Jf2lRQWLrP2B1g4UrAzlsF.obj
 0002:00000498       ?iv@?1??mw__internal__call__step@@9@9 0000000180011498     m_Jf2lRQWLrP2B1g4UrAzlsF.obj
 0002:000004a0       ?iv1@?1??mw__internal__call__step@@9@9 00000001800114a0     m_Jf2lRQWLrP2B1g4UrAzlsF.obj
 0002:000004a8       ?iv2@?1??mw__internal__call__step@@9@9 00000001800114a8     m_Jf2lRQWLrP2B1g4UrAzlsF.obj
 0002:000004b0       ?iv3@?1??mw__internal__call__step@@9@9 00000001800114b0     m_Jf2lRQWLrP2B1g4UrAzlsF.obj
 0002:000004b8       ?iv4@?1??mw__internal__call__step@@9@9 00000001800114b8     m_Jf2lRQWLrP2B1g4UrAzlsF.obj
 0002:000004c0       ?iv5@?1??mw__internal__call__step@@9@9 00000001800114c0     m_Jf2lRQWLrP2B1g4UrAzlsF.obj
 0002:000004c8       ?iv6@?1??mw__internal__call__step@@9@9 00000001800114c8     m_Jf2lRQWLrP2B1g4UrAzlsF.obj
 0002:000004d0       ?iv@?1??b_genrandu@@9@9    00000001800114d0     m_Jf2lRQWLrP2B1g4UrAzlsF.obj
 0002:000004d8       ?iv1@?1??b_genrandu@@9@9   00000001800114d8     m_Jf2lRQWLrP2B1g4UrAzlsF.obj
 0002:000006a8       GS_ExceptionPointers       00000001800116a8     MSVCRT:gs_report.obj
 0002:00000c08       $unwind$cgxe_untitled_method_dispatcher 0000000180011c08     untitled_cgxe.obj
 0002:00000c10       $unwind$localtime          0000000180011c10     m_Jf2lRQWLrP2B1g4UrAzlsF.obj
 0002:00000c18       $unwind$time               0000000180011c18     m_Jf2lRQWLrP2B1g4UrAzlsF.obj
 0002:00000c20       $unwind$method_dispatcher_Jf2lRQWLrP2B1g4UrAzlsF 0000000180011c20     m_Jf2lRQWLrP2B1g4UrAzlsF.obj
 0002:00000c28       $unwind$cgxe_mdl_start     0000000180011c28     m_Jf2lRQWLrP2B1g4UrAzlsF.obj
 0002:00000c30       $unwind$cgxe_mdl_initialize 0000000180011c30     m_Jf2lRQWLrP2B1g4UrAzlsF.obj
 0002:00000c38       $unwind$cgxe_mdl_outputs   0000000180011c38     m_Jf2lRQWLrP2B1g4UrAzlsF.obj
[...]
 0003:00003438       $SG23104                   0000000180017438     m_Jf2lRQWLrP2B1g4UrAzlsF.obj
 0003:00003440       $SG23115                   0000000180017440     m_Jf2lRQWLrP2B1g4UrAzlsF.obj
 0003:0000344c       $SG23128                   000000018001744c     m_Jf2lRQWLrP2B1g4UrAzlsF.obj
 0003:00003458       $SG23139                   0000000180017458     m_Jf2lRQWLrP2B1g4UrAzlsF.obj
 0003:00003460       ?dv@?1??eml_rand_shr3cong@@9@9 0000000180017460     m_Jf2lRQWLrP2B1g4UrAzlsF.obj
 0003:00003668       ?c_u@?1??b_genrandu@@9@9   0000000180017668     m_Jf2lRQWLrP2B1g4UrAzlsF.obj
 0003:00003690       ?dv@?1??eml_rand_mt19937ar@@9@9 0000000180017690     m_Jf2lRQWLrP2B1g4UrAzlsF.obj
 0003:00003e98       $SG23404                   0000000180017e98     m_Jf2lRQWLrP2B1g4UrAzlsF.obj
 0003:00003eb0       ?dv1@?1??eml_rand_mt19937ar@@9@9 0000000180017eb0     m_Jf2lRQWLrP2B1g4UrAzlsF.obj
 0003:000046b8       $SG23390                   00000001800186b8     m_Jf2lRQWLrP2B1g4UrAzlsF.obj
 0003:000046c8       $SG23391                   00000001800186c8     m_Jf2lRQWLrP2B1g4UrAzlsF.obj
 0003:000046d8       $SG23402                   00000001800186d8     m_Jf2lRQWLrP2B1g4UrAzlsF.obj
 0003:000046e8       $SG23405                   00000001800186e8     m_Jf2lRQWLrP2B1g4UrAzlsF.obj
 0003:00004700       $SG23406                   0000000180018700     m_Jf2lRQWLrP2B1g4UrAzlsF.obj
 0003:00004718       $SG20392                   0000000180018718     untitled_cgxe_registry.obj
 0003:00004748       $SG20397                   0000000180018748     untitled_cgxe_registry.obj
 0003:00004788       $SG20404                   0000000180018788     untitled_cgxe_registry.obj
 0003:000047bc       $SG20461                   00000001800187bc     untitled_cgxe_registry.obj
 0003:000047c4       $SG20465                   00000001800187c4     untitled_cgxe_registry.obj
 0003:000047cc       $SG22330                   00000001800187cc     untitled_cgxe_registry.obj
 0003:000047d0       $SG20411                   00000001800187d0     untitled_cgxe_registry.obj
 0003:00004804       $SG20471                   0000000180018804     untitled_cgxe_registry.obj
 0003:0000480c       $SG22411                   000000018001880c     untitled_cgxe_registry.obj
 0003:00004810       $SG20416                   0000000180018810     untitled_cgxe_registry.obj
 0003:00004848       $SG20459                   0000000180018848     untitled_cgxe_registry.obj
 0003:00004850       $SG20463                   0000000180018850     untitled_cgxe_registry.obj
 0003:00004860       $SG20467                   0000000180018860     untitled_cgxe_registry.obj
 0003:00004868       $SG20468                   0000000180018868     untitled_cgxe_registry.obj
 0003:00004870       $SG20469                   0000000180018870     untitled_cgxe_registry.obj
 0003:00004878       $SG20470                   0000000180018878     untitled_cgxe_registry.obj
 0003:00004888       $SG20472                   0000000180018888     untitled_cgxe_registry.obj
 0003:00004890       $SG20517                   0000000180018890     untitled_cgxe_registry.obj
 0003:000048c0       $SG20532                   00000001800188c0     untitled_cgxe_registry.obj
 0003:000048f0       $SG20550                   00000001800188f0     untitled_cgxe_registry.obj
 0003:00004908       $SG20568                   0000000180018908     untitled_cgxe_registry.obj
 0003:00004920       $SG20586                   0000000180018920     untitled_cgxe_registry.obj
 0003:00004930       $SG20588                   0000000180018930     untitled_cgxe_registry.obj
 0003:00004940       $SG20590                   0000000180018940     untitled_cgxe_registry.obj
 0003:00004950       $SG20592                   0000000180018950     untitled_cgxe_registry.obj
 0003:00004960       $SG20594                   0000000180018960     untitled_cgxe_registry.obj
 0003:00004978       $SG20596                   0000000180018978     untitled_cgxe_registry.obj
 0003:00004990       $SG20610                   0000000180018990     untitled_cgxe_registry.obj
 0003:000049b8       _sfcnName                  00000001800189b8     untitled_cgxe_registry.obj
 0003:000049e0       $SG20627                   00000001800189e0     untitled_cgxe_registry.obj
 0003:00004a58       $SG21036                   0000000180018a58     untitled_cgxe_registry.obj
 0003:00004a68       $SG21051                   0000000180018a68     untitled_cgxe_registry.obj
 0003:00004a78       $SG21243                   0000000180018a78     untitled_cgxe_registry.obj
 0003:00004a80       $SG20632                   0000000180018a80     untitled_cgxe_registry.obj
 0003:00004af8       $SG21037                   0000000180018af8     untitled_cgxe_registry.obj
 0003:00004b08       $SG21241                   0000000180018b08     untitled_cgxe_registry.obj
 0003:00004b48       $SG21242                   0000000180018b48     untitled_cgxe_registry.obj
 0003:00004b58       $SG21249                   0000000180018b58     untitled_cgxe_registry.obj
 0003:00004b60       $SG21247                   0000000180018b60     untitled_cgxe_registry.obj
 0003:00004ba8       $SG21248                   0000000180018ba8     untitled_cgxe_registry.obj
 0003:00004bb8       $SG21252                   0000000180018bb8     untitled_cgxe_registry.obj
 0003:00004bc0       $SG21250                   0000000180018bc0     untitled_cgxe_registry.obj
 0003:00004c18       $SG21251                   0000000180018c18     untitled_cgxe_registry.obj
 0003:00004c28       $SG21274                   0000000180018c28     untitled_cgxe_registry.obj
 0003:00004c68       $SG21275                   0000000180018c68     untitled_cgxe_registry.obj
 0003:00004c78       $SG21276                   0000000180018c78     untitled_cgxe_registry.obj
 0003:00004c80       $SG21280                   0000000180018c80     untitled_cgxe_registry.obj
 0003:00004cc8       $SG21281                   0000000180018cc8     untitled_cgxe_registry.obj
 0003:00004cd8       $SG21282                   0000000180018cd8     untitled_cgxe_registry.obj
 0003:00004ce0       $SG21283                   0000000180018ce0     untitled_cgxe_registry.obj
 0003:00004d38       $SG21284                   0000000180018d38     untitled_cgxe_registry.obj
 0003:00004d48       $SG21285                   0000000180018d48     untitled_cgxe_registry.obj
 0003:00004d50       $SG21309                   0000000180018d50     untitled_cgxe_registry.obj
 0003:00004da0       $SG21310                   0000000180018da0     untitled_cgxe_registry.obj
 0003:00004db0       $SG21311                   0000000180018db0     untitled_cgxe_registry.obj
 0003:00004db8       $SG21324                   0000000180018db8     untitled_cgxe_registry.obj
 0003:00004dc0       $SG21323                   0000000180018dc0     untitled_cgxe_registry.obj
 0003:00004e20       $SG21325                   0000000180018e20     untitled_cgxe_registry.obj
 0003:00004e28       $SG21338                   0000000180018e28     untitled_cgxe_registry.obj
 0003:00004e30       $SG21337                   0000000180018e30     untitled_cgxe_registry.obj
 0003:00004e90       $SG21339                   0000000180018e90     untitled_cgxe_registry.obj
 0003:00004e98       $SG22314                   0000000180018e98     untitled_cgxe_registry.obj
 0003:00004eb0       $SG21692                   0000000180018eb0     untitled_cgxe_registry.obj
 0003:00004f28       $SG22385                   0000000180018f28     untitled_cgxe_registry.obj
 0003:00004f30       $SG21695                   0000000180018f30     untitled_cgxe_registry.obj
 0003:00004fa4       $SG22386                   0000000180018fa4     untitled_cgxe_registry.obj
 0003:00004fb0       $SG21700                   0000000180018fb0     untitled_cgxe_registry.obj
 0003:00005028       $SG22387                   0000000180019028     untitled_cgxe_registry.obj
 0003:00005030       $SG21708                   0000000180019030     untitled_cgxe_registry.obj
 0003:000050a0       $SG21983                   00000001800190a0     untitled_cgxe_registry.obj
 0003:00005118       $SG22393                   0000000180019118     untitled_cgxe_registry.obj
 0003:00005120       $SG21988                   0000000180019120     untitled_cgxe_registry.obj
 0003:00005198       $SG22396                   0000000180019198     untitled_cgxe_registry.obj
 0003:000051a0       $SG22327                   00000001800191a0     untitled_cgxe_registry.obj
 0003:00005218       $SG22399                   0000000180019218     untitled_cgxe_registry.obj
 0003:00005220       $SG22388                   0000000180019220     untitled_cgxe_registry.obj
 0003:00005298       $SG22405                   0000000180019298     untitled_cgxe_registry.obj
 0003:000052a0       $SG22390                   00000001800192a0     untitled_cgxe_registry.obj
 0003:00005320       $SG22400                   0000000180019320     untitled_cgxe_registry.obj
 0003:000053a0       $SG22401                   00000001800193a0     untitled_cgxe_registry.obj
 0003:000053b0       $SG22403                   00000001800193b0     untitled_cgxe_registry.obj
 0003:000053bc       $SG22407                   00000001800193bc     untitled_cgxe_registry.obj
 0003:000053c8       $SG22409                   00000001800193c8     untitled_cgxe_registry.obj
 0003:000053d8       $SG22532                   00000001800193d8     untitled_cgxe_registry.obj
 0003:00005408       $SG22534                   0000000180019408     untitled_cgxe_registry.obj
 0003:00005410       $SG22414                   0000000180019410     untitled_cgxe_registry.obj
 0003:000054f8       $SG22533                   00000001800194f8     untitled_cgxe_registry.obj
 0003:00005508       $SG22536                   0000000180019508     untitled_cgxe_registry.obj
 0003:00005540       $SG22537                   0000000180019540     untitled_cgxe_registry.obj
 0003:00005550       $SG22538                   0000000180019550     untitled_cgxe_registry.obj
 0003:00005558       $SG22541                   0000000180019558     untitled_cgxe_registry.obj
 0003:00005590       $SG22542                   0000000180019590     untitled_cgxe_registry.obj
 0003:000055a0       $SG22543                   00000001800195a0     untitled_cgxe_registry.obj
 0003:000055a8       $SG22545                   00000001800195a8     untitled_cgxe_registry.obj
 0003:000055e0       $SG22546                   00000001800195e0     untitled_cgxe_registry.obj
 0003:000055f0       $SG22547                   00000001800195f0     untitled_cgxe_registry.obj
 0003:000055f8       $SG22549                   00000001800195f8     untitled_cgxe_registry.obj
 0003:00005630       $SG22550                   0000000180019630     untitled_cgxe_registry.obj
 0003:00005640       $SG22551                   0000000180019640     untitled_cgxe_registry.obj
 0003:00005648       $SG22554                   0000000180019648     untitled_cgxe_registry.obj
 0003:00005658       $SG22556                   0000000180019658     untitled_cgxe_registry.obj
 0003:00005670       $SG22557                   0000000180019670     untitled_cgxe_registry.obj
 0003:000056a8       $SG22558                   00000001800196a8     untitled_cgxe_registry.obj
 0003:000056b8       $SG22559                   00000001800196b8     untitled_cgxe_registry.obj
 0003:000056c0       $SG22694                   00000001800196c0     untitled_cgxe_registry.obj
 0003:000056e0       $SG22695                   00000001800196e0     untitled_cgxe_registry.obj
 0003:00005770       $SG22701                   0000000180019770     untitled_cgxe_registry.obj
 0003:00005788       $SG22708                   0000000180019788     untitled_cgxe_registry.obj
 0003:000057a0       $SG22702                   00000001800197a0     untitled_cgxe_registry.obj
 0003:00005830       $SG22709                   0000000180019830     untitled_cgxe_registry.obj
 0003:000058c0       $SG22715                   00000001800198c0     untitled_cgxe_registry.obj
 0003:000058e0       $SG22716                   00000001800198e0     untitled_cgxe_registry.obj
 0003:00005970       $SG22722                   0000000180019970     untitled_cgxe_registry.obj
 0003:00005990       $SG22723                   0000000180019990     untitled_cgxe_registry.obj
 0003:00005a20       $SG22727                   0000000180019a20     untitled_cgxe_registry.obj
 0003:00005a40       $SG22728                   0000000180019a40     untitled_cgxe_registry.obj
 0003:00005ad0       $SG22732                   0000000180019ad0     untitled_cgxe_registry.obj
 0003:00005af8       $SG22737                   0000000180019af8     untitled_cgxe_registry.obj
 0003:00005b20       $SG22733                   0000000180019b20     untitled_cgxe_registry.obj
 0003:00005bb0       $SG22738                   0000000180019bb0     untitled_cgxe_registry.obj
 0003:00005c40       $SG22742                   0000000180019c40     untitled_cgxe_registry.obj
 0003:00005c60       $SG22743                   0000000180019c60     untitled_cgxe_registry.obj
 0003:00005cf0       $SG22747                   0000000180019cf0     untitled_cgxe_registry.obj
 0003:00005d10       $SG22748                   0000000180019d10     untitled_cgxe_registry.obj
 0003:00005da0       $SG22752                   0000000180019da0     untitled_cgxe_registry.obj
 0003:00005db8       $SG22788                   0000000180019db8     untitled_cgxe_registry.obj
 0003:00005dd0       $SG22753                   0000000180019dd0     untitled_cgxe_registry.obj
 0003:00005e60       $SG22757                   0000000180019e60     untitled_cgxe_registry.obj
 0003:00005e80       $SG22758                   0000000180019e80     untitled_cgxe_registry.obj
 0003:00005f10       $SG22762                   0000000180019f10     untitled_cgxe_registry.obj
 0003:00005f30       $SG22763                   0000000180019f30     untitled_cgxe_registry.obj
 0003:00005fc0       $SG22767                   0000000180019fc0     untitled_cgxe_registry.obj
 0003:00005fe0       $SG22768                   0000000180019fe0     untitled_cgxe_registry.obj
 0003:00006070       $SG22772                   000000018001a070     untitled_cgxe_registry.obj
 0003:00006090       $SG22773                   000000018001a090     untitled_cgxe_registry.obj
 0003:00006120       $SG22777                   000000018001a120     untitled_cgxe_registry.obj
 0003:00006140       $SG22778                   000000018001a140     untitled_cgxe_registry.obj
 0003:000061d0       $SG22782                   000000018001a1d0     untitled_cgxe_registry.obj
 0003:000061f0       $SG22783                   000000018001a1f0     untitled_cgxe_registry.obj
 0003:00006280       $SG22789                   000000018001a280     untitled_cgxe_registry.obj
 0003:00006310       $SG22794                   000000018001a310     untitled_cgxe_registry.obj
 0003:00006328       $SG22804                   000000018001a328     untitled_cgxe_registry.obj
 0003:00006340       $SG22795                   000000018001a340     untitled_cgxe_registry.obj
 0003:000063d0       $SG22799                   000000018001a3d0     untitled_cgxe_registry.obj
 0003:000063e0       $SG22800                   000000018001a3e0     untitled_cgxe_registry.obj
 0003:00006470       $SG22805                   000000018001a470     untitled_cgxe_registry.obj
 0003:00006500       $SG22813                   000000018001a500     untitled_cgxe_registry.obj
 0003:00006510       $SG22814                   000000018001a510     untitled_cgxe_registry.obj
 0003:000065a0       $SG22818                   000000018001a5a0     untitled_cgxe_registry.obj
 0003:00006620       $SG22820                   000000018001a620     untitled_cgxe_registry.obj
 0003:00006698       $SG22867                   000000018001a698     untitled_cgxe_registry.obj
 0003:000066a8       $SG22948                   000000018001a6a8     untitled_cgxe_registry.obj
 0003:000066b0       $SG22824                   000000018001a6b0     untitled_cgxe_registry.obj
 0003:00006728       $SG22878                   000000018001a728     untitled_cgxe_registry.obj
 0003:00006738       $SG22949                   000000018001a738     untitled_cgxe_registry.obj
 0003:00006740       $SG22854                   000000018001a740     untitled_cgxe_registry.obj
 0003:00006858       $SG22891                   000000018001a858     untitled_cgxe_registry.obj
 0003:00006868       $SG22902                   000000018001a868     untitled_cgxe_registry.obj
 0003:00006878       $SG22915                   000000018001a878     untitled_cgxe_registry.obj
 0003:00006888       $SG22926                   000000018001a888     untitled_cgxe_registry.obj
 0003:00006898       $SG22936                   000000018001a898     untitled_cgxe_registry.obj
 0003:000068b8       $SG22947                   000000018001a8b8     untitled_cgxe_registry.obj
 0003:000068e8       $SG22960                   000000018001a8e8     untitled_cgxe_registry.obj
 0003:00006920       $SG22961                   000000018001a920     untitled_cgxe_registry.obj
 0003:00006928       $SG22962                   000000018001a928     untitled_cgxe_registry.obj
 0003:00006970       $SG21971                   000000018001a970     m_Jf2lRQWLrP2B1g4UrAzlsF.obj
 0003:00006971       $SG21972                   000000018001a971     m_Jf2lRQWLrP2B1g4UrAzlsF.obj
 0003:00006972       $SG21974                   000000018001a972     m_Jf2lRQWLrP2B1g4UrAzlsF.obj
 0003:00006973       $SG21975                   000000018001a973     m_Jf2lRQWLrP2B1g4UrAzlsF.obj
 0003:00006974       $SG21977                   000000018001a974     m_Jf2lRQWLrP2B1g4UrAzlsF.obj
 0003:00006975       $SG21978                   000000018001a975     m_Jf2lRQWLrP2B1g4UrAzlsF.obj
 0003:00006976       $SG21980                   000000018001a976     m_Jf2lRQWLrP2B1g4UrAzlsF.obj
 0003:00006977       $SG21981                   000000018001a977     m_Jf2lRQWLrP2B1g4UrAzlsF.obj
 0003:00006978       $SG22058                   000000018001a978     m_Jf2lRQWLrP2B1g4UrAzlsF.obj
 0003:00006979       $SG22059                   000000018001a979     m_Jf2lRQWLrP2B1g4UrAzlsF.obj
 0003:0000697a       $SG22061                   000000018001a97a     m_Jf2lRQWLrP2B1g4UrAzlsF.obj
 0003:0000697b       $SG22062                   000000018001a97b     m_Jf2lRQWLrP2B1g4UrAzlsF.obj
 0003:0000697c       $SG22064                   000000018001a97c     m_Jf2lRQWLrP2B1g4UrAzlsF.obj
 0003:0000697d       $SG22065                   000000018001a97d     m_Jf2lRQWLrP2B1g4UrAzlsF.obj
 0003:0000697e       $SG22067                   000000018001a97e     m_Jf2lRQWLrP2B1g4UrAzlsF.obj
 0003:0000697f       $SG22068                   000000018001a97f     m_Jf2lRQWLrP2B1g4UrAzlsF.obj
 0003:00006980       $SG23392                   000000018001a980     m_Jf2lRQWLrP2B1g4UrAzlsF.obj
 0003:00006981       $SG23393                   000000018001a981     m_Jf2lRQWLrP2B1g4UrAzlsF.obj
 0003:00006984       $SG22381                   000000018001a984     untitled_cgxe_registry.obj
 0003:00006986       ?warningGuard@?1??ssGetRootSS@@9@9 000000018001a986     untitled_cgxe_registry.obj
 0003:00006987       ?warningGuard@?1??ssGetParentSS@@9@9 000000018001a987     untitled_cgxe_registry.obj
 0003:00006990       GS_ExceptionRecord         000000018001a990     MSVCRT:gs_report.obj
 0003:00006a30       GS_ContextRecord           000000018001aa30     MSVCRT:gs_report.obj
 0003:00006f00       ?__proc_attached@@3HA      000000018001af00     MSVCRT:dll_dllmain.obj
 0003:00006f40       ?is_initialized_as_dll@@3_NA 000000018001af40     MSVCRT:utility.obj
 0003:00006f41       ?module_local_atexit_table_initialized@@3_NA 000000018001af41     MSVCRT:utility.obj
 0003:00006f48       ?module_local_atexit_table@@3U_onexit_table_t@@A 000000018001af48     MSVCRT:utility.obj
 0003:00006f60       ?module_local_at_quick_exit_table@@3U_onexit_table_t@@A 000000018001af60     MSVCRT:utility.obj
